******************************************************************************
                  TI ARM Linker PC v16.12.0                    
******************************************************************************
>> Linked Mon Jan  7 10:31:47 2019

OUTPUT FILE NAME:   <Receiver2.out>
ENTRY POINT SYMBOL: "_c_int00"  address: 00015f05


MEMORY CONFIGURATION

         name            origin    length      used     unused   attr    fill
----------------------  --------  ---------  --------  --------  ----  --------
  FLASH                 00000000   00100000  0002082e  000df7d2  R  X
  SRAM                  20000000   00040000  00013dd4  0002c22c  RW X


SEGMENT ALLOCATION MAP

run origin  load origin   length   init length attrs members
----------  ----------- ---------- ----------- ----- -------
00000000    00000000    00020838   00020838    r-x
  00000000    00000000    0000003c   0000003c    r-- .resetVecs
  00000040    00000040    0001ce2a   0001ce2a    r-x .text
  0001ce6c    0001ce6c    00003440   00003440    r-- .const
  000202b0    000202b0    00000588   00000588    r-- .cinit
20000000    20000000    00000360   00000000    rw-
  20000000    20000000    00000360   00000000    rw- .vecs
20000400    20000400    00013a74   00000000    rw-
  20000400    20000400    000124ac   00000000    rw- .bss
  200128ac    200128ac    00000dc8   00000000    rw- .data
  20013674    20013674    00000800   00000000    rw- .stack


SECTION ALLOCATION MAP

 output                                  attributes/
section   page    origin      length       input sections
--------  ----  ----------  ----------   ----------------
.text      0    00000040    0001ce2a     
                  00000040    00000c68     stk.aem4f : tcpin.oem4f (.text:TcpInput)
                  00000ca8    000008b8               : tcpout.oem4f (.text:TcpOutput)
                  00001560    00000670     EK_TM4C1294XL.obj (.text)
                  00001bd0    000004e0     USBCDCD.obj (.text)
                  000020b0    0000046c     CC1101.obj (.text)
                  0000251c    00000004     stk.aem4f : bind.oem4f (.text:BindGetIF)
                  00002520    00000430     sysbios.aem4f : BIOS.obj (.text:ti_sysbios_family_arm_m3_Hwi_excDumpRegs__I)
                  00002950    00000408     stk.aem4f : ipout.oem4f (.text:IPTxPacket)
                  00002d58    000003f4     usblib.lib : usbhostenum.obj (.text:USBHostIntHandlerInternal)
                  0000314c    000003cc     TM4C_Receiver.obj (.text)
                  00003518    00000384     stk.aem4f : ipin.oem4f (.text:IPRxPacket)
                  0000389c    0000034c     ti.targets.arm.rtsarm.aem4f : System.oem4f (.text:xdc_runtime_System_doPrint__I)
                  00003be8    00000324     ti.mw.fatfs.aem4f : ff.oem4f (.text:find_volume)
                  00003f0c    00000324     rtsv7M4_T_le_v4SPD16_eabi.lib : trgdrv.obj (.text)
                  00004230    00000314     sysbios.aem4f : BIOS.obj (.text:ti_sysbios_knl_Semaphore_pend__E)
                  00004544    00000004     stk.aem4f : bind.oem4f (.text:BindGetNext)
                  00004548    000002c0     sysbios.aem4f : BIOS.obj (.text:ti_sysbios_knl_Task_Instance_finalize__E)
                  00004808    00000284     stk.aem4f : sock.oem4f (.text:SockSet)
                  00004a8c    00000004     usblib.lib : usbdma.obj (.text:DMAUSBStatus)
                  00004a90    00000258     sysbios.aem4f : BIOS.obj (.text:ti_sysbios_heaps_HeapMem_free__E)
                  00004ce8    0000024c     stk.aem4f : ipfrag.oem4f (.text:IPReasm)
                  00004f34    00000004     driverlib.lib : i2c.obj (.text:I2CMasterControl)
                  00004f38    00000248     sysbios.aem4f : BIOS.obj (.text:ti_sysbios_heaps_HeapMem_alloc__E)
                  00005180    0000023c     stk.aem4f : icmpin.oem4f (.text:ICMPInput)
                  000053bc    00000238               : udp.oem4f (.text:UdpInput)
                  000055f4    0000020c     drivers_tivaware.aem4f : UARTTiva.oem4f (.text:UARTTiva_open)
                  00005800    00000204     Boot.aem4f : Boot_sysctl.oem4f (.text:ti_catalog_arm_cortexm4_tiva_ce_Boot_sysCtlClockFreqSetI__I)
                  00005a04    00000004     driverlib.lib : i2c.obj (.text:I2CMasterDataGet)
                  00005a08    00000200     sysbios.aem4f : BIOS.obj (.text:ti_sysbios_knl_Task_sleep__E)
                  00005c08    000001fc                   : BIOS.obj (.text:ti_sysbios_family_arm_m3_Hwi_excHandlerMax__I)
                  00005e04    000001f4     drivers_tivaware.aem4f : SDSPITiva.oem4f (.text:SDSPITiva_diskInitialize)
                  00005ff8    000001f4     stk.aem4f : sock.oem4f (.text:SockRecv)
                  000061ec    00000004     driverlib.lib : i2c.obj (.text:I2CMasterDataPut)
                  000061f0    000001f4     sysbios.aem4f : BIOS.obj (.text:ti_sysbios_knl_Task_Instance_init__E)
                  000063e4    000001b8     drivers_tivaware.aem4f : EMACSnow.oem4f (.text:EMACSnow_NIMUInit)
                  0000659c    000001b0     stk.aem4f : lliout.oem4f (.text:LLITxIpPacket)
                  0000674c    000001b0     drivers_tivaware.aem4f : USBMSCHFatFsTiva.oem4f (.text:USBMSCHFatFsTiva_open)
                  000068fc    000001ac     stk.aem4f : lliin.oem4f (.text:LLIRxPacket)
                  00006aa8    0000019c     usblib.lib : usbhostenum.obj (.text:USBHCDPipeAllocSize)
                  00006c44    0000019c     os.aem4f : mem.oem4f (.text:mmAlloc)
                  00006de0    00000198     stk.aem4f : igmp.oem4f (.text:IGMPInput)
                  00006f78    00000190     usblib.lib : usbhostenum.obj (.text:ProcessUSBDeviceStateMachine)
                  00007108    00000190     stk.aem4f : sock.oem4f (.text:SockNew)
                  00007298    00000188     sysbios.aem4f : BIOS.obj (.text:ti_sysbios_knl_Task_setPri__E)
                  00007420    0000017c                   : BIOS.obj (.text:ti_sysbios_family_arm_lm4_TimestampProvider_get64__E)
                  0000759c    00000178     usblib.lib : usbhhub.obj (.text:USBHHubMain)
                  00007714    00000174     netctrl_min_ipv4.aem4f : netctrl.oem4f (.text:NC_NetStart)
                  00007888    00000174     sysbios.aem4f : BIOS.obj (.text:ti_sysbios_family_arm_m3_Hwi_excBusFault__I)
                  000079fc    00000170     drivers_tivaware.aem4f : PWMTiva.oem4f (.text:PWMTiva_open)
                  00007b6c    00000170     stk.aem4f : rtc.oem4f (.text:RTCReport)
                  00007cdc    00000170     usblib.lib : usbdma.obj (.text:USBLibDMAInit)
                  00007e4c    0000016c                : usbhostenum.obj (.text:USBHCDInitInternal)
                  00007fb8    0000016a     stk.aem4f : sb.oem4f (.text:SBRead)
                  00008122    00000006     driverlib.lib : emac.obj (.text:EMACRxDMADescriptorListSet)
                  00008128    00000168     sysbios.aem4f : BIOS.obj (.text:ti_sysbios_family_arm_lm4_Timer_start__E)
                  00008290    00000164     spi_helper.obj (.text)
                  000083f4    00000004     os.aem4f : ossys.oem4f (.text:NDK_vsprintf)
                  000083f8    00000164     sysbios.aem4f : BIOS.obj (.text:ti_sysbios_family_arm_m3_Hwi_excUsageFault__I)
                  0000855c    00000160     stk.aem4f : sock.oem4f (.text:SockConnect)
                  000086bc    00000158     nettool_ipv4.aem4f : dhcpmain.oem4f (.text:DHCPOpen)
                  00008814    00000004     stk.aem4f : node.oem4f (.text:NodeSetRt)
                  00008818    00000158     sysbios.aem4f : BIOS.obj (.text:ti_sysbios_knl_Mailbox_Instance_init__E)
                  00008970    00000150     drivers_tivaware.aem4f : GPIOTiva.oem4f (.text:GPIO_setConfig)
                  00008ac0    00000150     usblib.lib : usbdenum.obj (.text:USBDEP0StateTxConfig)
                  00008c10    00000150                : usbdenum.obj (.text:USBDeviceIntHandlerInternal)
                  00008d60    00000150                : usbhostenum.obj (.text:USBHCDPipeRead)
                  00008eb0    00000148                : usbdenum.obj (.text:USBDCDInit)
                  00008ff8    00000148     sysbios.aem4f : BIOS.obj (.text:ti_sysbios_family_arm_m3_Hwi_excMemFault__I)
                  00009140    00000144     stk.aem4f : bind.oem4f (.text:BindNew)
                  00009284    00000140               : tcp.oem4f (.text:TcpTimeoutCheck)
                  000093c4    00000140     usblib.lib : usbdconfig.obj (.text:USBDeviceConfig)
                  00009504    00000004     stk.aem4f : rawethsock_prot.oem4f (.text:RawEthSockPrAttach)
                  00009508    00000140     sysbios.aem4f : BIOS.obj (.text:ti_sysbios_knl_Semaphore_post__E)
                  00009648    0000013c     nettool_ipv4.aem4f : config.oem4f (.text:CfgAddEntry)
                  00009784    0000013c     stk.aem4f : sockint.oem4f (.text:SockNotify)
                  000098c0    0000013c               : sock.oem4f (.text:SockSend)
                  000099fc    00000004               : rawethsock_prot.oem4f (.text:RawEthSockPrDetach)
                  00009a00    0000013c     sysbios.aem4f : BIOS.obj (.text:ti_sysbios_heaps_HeapMem_Instance_init__E)
                  00009b3c    00000004     driverlib.lib : ssi.obj (.text:SSIIntClear)
                  00009b40    0000013c     sysbios.aem4f : BIOS.obj (.text:ti_sysbios_knl_Clock_workFunc__E)
                  00009c7c    00000004     os.aem4f : semaphore.oem4f (.text:SemPend)
                  00009c80    00000138     sysbios.aem4f : BIOS.obj (.text:ti_sysbios_family_arm_m3_Hwi_dispatchC__I)
                  00009db8    00000138     TM4C_Receiver_pem4f.oem4f (.text:ti_uia_loggers_LoggerStopMode_writeMemoryRange__E)
                  00009ef0    00000134     stk.aem4f : icmp.oem4f (.text:ICMPGenPacket)
                  0000a024    00000130     driverlib.lib : gpio.obj (.text:GPIOPadConfigSet)
                  0000a154    00000128     usblib.lib : usbhostenum.obj (.text:USBHCDPipeWrite)
                  0000a27c    00000124     stk.aem4f : sockpcb.oem4f (.text:SockPcbResolve)
                  0000a3a0    00000124               : udp.oem4f (.text:UdpOutput)
                  0000a4c4    00000120     TM4C_Receiver_pem4f.oem4f (.text:ti_ndk_config_Global_stackThread)
                  0000a5e4    00000004     os.aem4f : semaphore.oem4f (.text:SemPost)
                  0000a5e8    0000011c     sysbios.aem4f : BIOS.obj (.text:ti_sysbios_knl_Clock_Instance_init__E)
                  0000a704    00000004     os.aem4f : semaphore.oem4f (.text:SemReset)
                  0000a708    0000011c     sysbios.aem4f : BIOS.obj (.text:ti_sysbios_knl_Swi_run__I)
                  0000a824    00000118     stk.aem4f : tcpout.oem4f (.text:TcpGenPacket)
                  0000a93c    00000118     ti.targets.arm.rtsarm.aem4f : Error.oem4f (.text:xdc_runtime_Error_policyDefault__E)
                  0000aa54    00000114     stk.aem4f : nimu.oem4f (.text:NIMUIoctl)
                  0000ab68    00000110               : node.oem4f (.text:NodeTreeFree)
                  0000ac78    00000110               : raw.oem4f (.text:RawInput)
                  0000ad88    00000110     sysbios.aem4f : BIOS.obj (.text:ti_sysbios_knl_Task_schedule__I)
                  0000ae98    0000010c     stk.aem4f : rtable.oem4f (.text:RtFind)
                  0000afa4    0000010c     driverlib.lib : sysctl.obj (.text:SysCtlClockGet)
                  0000b0b0    0000010c     TM4C_Receiver_pem4f.oem4f (.text:ti_uia_loggers_LoggerStopMode_write8__E)
                  0000b1bc    0000010a     stk.aem4f : route.oem4f (.text:RtCreate)
                  0000b2c6    00000002     hal_userled_stub.aem4f : llled.oem4f (.text:LED_TOGGLE)
                  0000b2c8    00000108     drivers_tivaware.aem4f : EMACSnow.oem4f (.text:EMACSnow_emacStart)
                  0000b3d0    00000108                            : SDSPITiva.oem4f (.text:SDSPITiva_open)
                  0000b4d8    00000108     sysbios.aem4f : BIOS.obj (.text:ti_sysbios_knl_Task_exit__E)
                  0000b5e0    00000104     os.aem4f : task.oem4f (.text:llEnter)
                  0000b6e4    00000102     nettool_ipv4.aem4f : dhcppkt.oem4f (.text:dhcpPacketProcess)
                  0000b7e6    00000102                        : inetaddr.oem4f (.text:inet_aton)
                  0000b8e8    00000100     stk.aem4f : igmp.oem4f (.text:IGMPSendReply)
                  0000b9e8    00000100     usblib.lib : usbhostenum.obj (.text:USBHCDEnumHandler)
                  0000bae8    00000100     ti.targets.arm.rtsarm.aem4f : Core-mem.oem4f (.text:xdc_runtime_Core_createObject__I)
                  0000bbe8    000000fc     netctrl_min_ipv4.aem4f : netctrl.oem4f (.text:NetScheduler)
                  0000bce4    000000fc     usblib.lib : usbhmsc.obj (.text:USBHMSCDriveReady)
                  0000bde0    000000fc     sysbios.aem4f : BIOS.obj (.text:ti_sysbios_knl_Task_postInit__I)
                  0000bedc    00000004     os.aem4f : task.oem4f (.text:TaskSelf)
                  0000bee0    000000fc     sysbios.aem4f : BIOS.obj (.text:ti_sysbios_knl_Task_startCore__E)
                  0000bfdc    000000f8     stk.aem4f : pipe.oem4f (.text:PipeRecv)
                  0000c0d4    000000f8     ti.targets.arm.rtsarm.aem4f : Startup.oem4f (.text:xdc_runtime_Startup_startMods__I)
                  0000c1cc    000000f8     TM4C_Receiver_pem4f.oem4f (.text:xdc_runtime_System_printfExtend__I)
                  0000c2c4    000000f4     drivers_tivaware.aem4f : SDSPITiva.oem4f (.text:SDSPITiva_diskIOctrl)
                  0000c3b8    000000f4     os.aem4f : task.oem4f (.text:TaskGetEnv)
                  0000c4ac    000000f4     usblib.lib : usbhostenum.obj (.text:USBHCDInit)
                  0000c5a0    000000f4     sysbios.aem4f : m3_Hwi_asm.obj (.text:ti_sysbios_family_arm_m3_Hwi_dispatch__I)
                  0000c694    000000f4     TM4C_Receiver_pem4f.oem4f (.text:ti_uia_loggers_LoggerStopMode_write4__E)
                  0000c788    000000f0     stk.aem4f : lliout.oem4f (.text:LLIGenArpPacket)
                  0000c878    000000f0     drivers_tivaware.aem4f : PWMTiva.oem4f (.text:PWMTiva_setDuty)
                  0000c968    000000f0     stk.aem4f : sock.oem4f (.text:SockClose)
                  0000ca58    000000f0     usblib.lib : usbhostenum.obj (.text:USBHCDControlTransfer)
                  0000cb48    000000f0                : usbhostenum.obj (.text:USBHCDPipeFree)
                  0000cc38    000000ea                : usbdma.obj (.text:iDMAUSBTransfer)
                  0000cd22    00000002     stk.aem4f : nat.oem4f (.text:NatMsg)
                  0000cd24    000000e8     drivers_tivaware.aem4f : SDSPITiva.oem4f (.text:SDSPITiva_diskWrite)
                  0000ce0c    000000e8     os.aem4f : task.oem4f (.text:TaskSetEnv)
                  0000cef4    000000e8     TM4C_Receiver_pem4f.oem4f (.text:ti_uia_loggers_LoggerStopMode_write1__E)
                  0000cfdc    000000e8     TM4C_Receiver_pem4f.oem4f (.text:ti_uia_loggers_LoggerStopMode_write2__E)
                  0000d0c4    000000e4     usblib.lib : usbdenum.obj (.text:USBDGetDescriptor)
                  0000d1a8    000000e4     cc1190_helper.obj (.text)
                  0000d28c    000000e0     drivers_tivaware.aem4f : I2CTiva.oem4f (.text:I2CTiva_open)
                  0000d36c    000000e0     stk.aem4f : tcptime.oem4f (.text:TcpTimeoutRexmt)
                  0000d44c    000000e0     usblib.lib : usbhostenum.obj (.text:USBHCDMain)
                  0000d52c    000000dc     stk.aem4f : sb.oem4f (.text:SBWrite)
                  0000d608    000000dc     nettool_ipv4.aem4f : dhcpsock.oem4f (.text:dhcpSocketOpen)
                  0000d6e4    000000dc                        : dhcpsm.oem4f (.text:dhcpState)
                  0000d7c0    000000d8     stk.aem4f : node.oem4f (.text:NodeAdd)
                  0000d898    000000d8     drivers_tivaware.aem4f : SPITivaDMA.oem4f (.text:SPITivaDMA_open)
                  0000d970    000000d8     stk.aem4f : tcpprot.oem4f (.text:TcpPrSetOption)
                  0000da48    000000d8     usblib.lib : usbdenum.obj (.text:USBDeviceEnumHandler)
                  0000db20    000000d8                : usbhostenum.obj (.text:USBHCDPipeConfig)
                  0000dbf8    000000d8     sysbios.aem4f : BIOS.obj (.text:ti_sysbios_family_arm_lm4_TimestampProvider_get32__E)
                  0000dcd0    000000d8     TM4C_Receiver_pem4f.oem4f (.text:ti_uia_loggers_LoggerStopMode_write0__E)
                  0000dda8    000000d6     drivers_tivaware.aem4f : I2CTiva.oem4f (.text:I2CTiva_hwiFxn)
                  0000de7e    00000002                            : SPITivaDMA.oem4f (.text:SPITivaDMA_serviceISR)
                  0000de80    000000d4                            : EMACSnow.oem4f (.text:EMACSnow_handleRx)
                  0000df54    000000d4     usblib.lib : usbdcdc.obj (.text:HandleRequests)
                  0000e028    000000d4     stk.aem4f : sockpcb.oem4f (.text:SockPcbBind)
                  0000e0fc    00000004     os.aem4f : task.oem4f (.text:TaskSetPri)
                  0000e100    000000d4     sysbios.aem4f : BIOS.obj (.text:ti_sysbios_knl_Swi_Instance_init__E)
                  0000e1d4    000000d1     stk.aem4f : nimu.oem4f (.text:NIMUReceivePacket)
                  0000e2a5    00000001     --HOLE-- [fill = 0]
                  0000e2a6    00000002     drivers_tivaware.aem4f : WatchdogTiva.oem4f (.text:WatchdogTiva_close)
                  0000e2a8    000000d0     sysbios.aem4f : BIOS.obj (.text:ti_sysbios_family_arm_m3_Hwi_Module_startup__E)
                  0000e378    000000cc     stk.aem4f : icmp.oem4f (.text:ICMPSendRtAdv)
                  0000e444    000000cc     nettool_ipv4.aem4f : dhcpbild.oem4f (.text:dhcpBuildHeader)
                  0000e510    000000cc                        : dhcpsm.oem4f (.text:dhcpIPAdd)
                  0000e5dc    000000cc                        : dhcppkt.oem4f (.text:dhcpVerifyMessage)
                  0000e6a8    000000cc     ti.targets.arm.rtsarm.aem4f : Core-smem.oem4f (.text:xdc_runtime_Core_constructObject__I)
                  0000e774    000000c8     stk.aem4f : rawethsock.oem4f (.text:RawEthSockNew)
                  0000e83c    000000c8     netctrl_min_ipv4.aem4f : netsrv.oem4f (.text:SPIpNet)
                  0000e904    000000c6     drivers_tivaware.aem4f : SDSPITiva.oem4f (.text:send_cmd)
                  0000e9ca    00000002     os.aem4f : task.oem4f (.text:_TaskInit)
                  0000e9cc    000000c4     drivers_tivaware.aem4f : EMACSnow.oem4f (.text:EMACSnow_InitDMADescriptors)
                  0000ea90    000000c4     stk.aem4f : igmp.oem4f (.text:IGMPJoinHostGroup)
                  0000eb54    000000c4     nettool_ipv4.aem4f : dhcpsm.oem4f (.text:StateBound)
                  0000ec18    000000c2     driverlib.lib : usb.obj (.text:USBHostEndpointConfig)
                  0000ecda    00000002     os.aem4f : task.oem4f (.text:_TaskShutdown)
                  0000ecdc    000000c0     drivers_tivaware.aem4f : SDSPITiva.oem4f (.text:SDSPITiva_diskRead)
                  0000ed9c    000000c0                            : SPITivaDMA.oem4f (.text:SPITivaDMA_configDMA)
                  0000ee5c    000000c0     usblib.lib : usbdma.obj (.text:uDMAUSBChannelAllocate)
                  0000ef1c    000000bc                : usbbuffer.obj (.text:HandleRxAvailable)
                  0000efd8    000000bc     stk.aem4f : sockpcb.oem4f (.text:SockPcbFind)
                  0000f094    000000bc     usblib.lib : usbmode.obj (.text:USB0OTGModeIntHandler)
                  0000f150    000000bc     stk.aem4f : vlan.oem4f (.text:VLANDeinit)
                  0000f20c    00000004     driverlib.lib : uart.obj (.text:UARTIntClear)
                  0000f210    000000bc     sysbios.aem4f : BIOS.obj (.text:ti_sysbios_family_arm_m3_Hwi_excDebugMon__I)
                  0000f2cc    00000004     driverlib.lib : usb.obj (.text:USBDevAddrSet)
                  0000f2d0    000000bc     sysbios.aem4f : BIOS.obj (.text:ti_sysbios_family_arm_m3_Hwi_excHardFault__I)
                  0000f38c    00000004     drivers_tivaware.aem4f : USBMSCHFatFsTiva.oem4f (.text:USBMSCHFatFsTiva_control)
                  0000f390    000000bc     sysbios.aem4f : BIOS.obj (.text:ti_sysbios_utils_Load_updateLoads__E)
                  0000f44c    000000ba     usblib.lib : usbdma.obj (.text:uDMAUSBTransfer)
                  0000f506    000000b8     stk.aem4f : icmpin.oem4f (.text:ICMPRevSrcRoute)
                  0000f5be    00000002     hal_ser_stub.aem4f : llserstb.oem4f (.text:_llSerialServiceCheck)
                  0000f5c0    000000b8     stk.aem4f : lli.oem4f (.text:_LLITimeoutCheck)
                  0000f678    000000b8     sysbios.aem4f : BIOS.obj (.text:ti_sysbios_knl_Task_unblockI__E)
                  0000f730    000000b4     stk.aem4f : tcptime.oem4f (.text:TcpTimeoutKeep)
                  0000f7e4    00000004     drivers_tivaware.aem4f : USBMSCHFatFsTiva.oem4f (.text:USBMSCHFatFsTiva_hwiHandler)
                  0000f7e8    000000b4     sysbios.aem4f : BIOS.obj (.text:ti_sysbios_gates_GateMutex_enter__E)
                  0000f89c    00000004     driverlib.lib : watchdog.obj (.text:WatchdogReloadSet)
                  0000f8a0    000000b4     sysbios.aem4f : BIOS.obj (.text:ti_sysbios_knl_Task_checkStacks__E)
                  0000f954    000000b0     stk.aem4f : rawethsock.oem4f (.text:RawEthSockSet)
                  0000fa04    00000004     hal_ser_stub.aem4f : llserstb.oem4f (.text:_llSerialInit)
                  0000fa08    000000b0     sysbios.aem4f : BIOS.obj (.text:ti_sysbios_utils_Load_idleFxn__E)
                  0000fab8    000000ac     stk.aem4f : rtable.oem4f (.text:RtTimeoutCheck)
                  0000fb64    000000ac     drivers_tivaware.aem4f : UARTTiva.oem4f (.text:readTaskBlocking)
                  0000fc10    000000ac     sysbios.aem4f : BIOS.obj (.text:ti_sysbios_family_arm_lm4_Timer_enableTiva__I)
                  0000fcbc    00000004     ti.mw.fatfs.aem4f : ffosal.oem4f (.text:ff_rel_grant)
                  0000fcc0    000000ac     sysbios.aem4f : BIOS.obj (.text:ti_sysbios_knl_Swi_post__E)
                  0000fd6c    000000a8     usblib.lib : usbdcdc.obj (.text:HandleDevice)
                  0000fe14    000000a8     stk.aem4f : sockint.oem4f (.text:SockCreatePacket)
                  0000febc    00000004               : listlib.oem4f (.text:list_get_head)
                  0000fec0    000000a8     sysbios.aem4f : BIOS.obj (.text:ti_sysbios_family_arm_lm4_Timer_enableTimers__I)
                  0000ff68    000000a8                   : BIOS.obj (.text:ti_sysbios_knl_Task_blockI__E)
                  00010010    000000a4     drivers_tivaware.aem4f : SPITivaDMA.oem4f (.text:SPITivaDMA_initHw)
                  000100b4    000000a4     usblib.lib : usbhmsc.obj (.text:USBHMSCOpen)
                  00010158    000000a4     gdox_helper.obj (.text)
                  000101fc    00000004     stk.aem4f : listlib.oem4f (.text:list_get_next)
                  00010200    000000a4     sysbios.aem4f : BIOS.obj (.text:ti_sysbios_knl_Clock_Instance_finalize__E)
                  000102a4    000000a0     stk.aem4f : ip.oem4f (.text:IPGetRoute)
                  00010344    000000a0     usblib.lib : usbdcdc.obj (.text:USBDCDCCompositeInit)
                  000103e4    000000a0     auto_init.aem4f : auto_init.oem4f (.text)
                  00010484    000000a0     drivers_tivaware.aem4f : SDSPITiva.oem4f (.text:rcvr_datablock)
                  00010524    000000a0     ti.targets.arm.rtsarm.aem4f : Text.oem4f (.text:xdc_runtime_Text_putMod__E)
                  000105c4    0000009e     stk.aem4f : nimu.oem4f (.text:NIMUAddEthernetHeader)
                  00010662    0000009e     nettool_ipv4.aem4f : dhcpbild.oem4f (.text:dhcpBuildRequest)
                  00010700    0000009c     stk.aem4f : exec.oem4f (.text:ExecOpen)
                  0001079c    0000009c     usblib.lib : usbhostenum.obj (.text:USBHCDDeviceDisconnected)
                  00010838    0000009c     rtsv7M4_T_le_v4SPD16_eabi.lib : memcpy_t2.obj (.text)
                  000108d4    00000004     TM4C_Receiver_pem4f.oem4f (.text:ti_sysbios_BIOS_RtsGateProxy_enter__E)
                  000108d8    0000009c     sysbios.aem4f : BIOS.obj (.text:ti_sysbios_knl_Semaphore_Instance_init__E)
                  00010974    0000009a     drivers_tivaware.aem4f : WatchdogTiva.oem4f (.text:WatchdogTiva_open)
                  00010a0e    00000002     hal_ser_stub.aem4f : llserstb.oem4f (.text:_llSerialShutdown)
                  00010a10    0000009a     ti.targets.arm.rtsarm.aem4f : Text.oem4f (.text:xdc_runtime_Text_putSite__E)
                  00010aaa    0000009a     drivers_tivaware.aem4f : SDSPITiva.oem4f (.text:xmit_datablock)
                  00010b44    00000098     netctrl_min_ipv4.aem4f : netctrl.oem4f (.text:NC_SystemOpen)
                  00010bdc    00000098                            : netsrv.oem4f (.text:ServiceScan)
                  00010c74    00000098     drivers_tivaware.aem4f : UARTTiva.oem4f (.text:UARTTiva_readPolling)
                  00010d0c    00000098     usblib.lib : usbdenum.obj (.text:USBDSetInterface)
                  00010da4    00000098     Boot.aem4f : Boot.oem4f (.text:ti_catalog_arm_cortexm4_tiva_ce_Boot_sysCtlClockFreqSet__E)
                  00010e3c    00000004     TM4C_Receiver_pem4f.oem4f (.text:ti_sysbios_BIOS_RtsGateProxy_leave__E)
                  00010e40    00000098     sysbios.aem4f : BIOS.obj (.text:ti_sysbios_knl_Mailbox_post__E)
                  00010ed8    00000096     usblib.lib : usbdcdc.obj (.text:CDCTickHandler)
                  00010f6e    00000002     hal_userled_stub.aem4f : llled.oem4f (.text:_llUserLedInit)
                  00010f70    00000094     nettool_ipv4.aem4f : config.oem4f (.text:CfgRemoveEntry)
                  00011004    00000094     usblib.lib : usbbuffer.obj (.text:ScheduleNextTransmission)
                  00011098    00000094     drivers_tivaware.aem4f : UARTTiva.oem4f (.text:UARTTiva_write)
                  0001112c    00000094     usblib.lib : usbhostenum.obj (.text:USBHCDOpenDriver)
                  000111c0    00000094     sysbios.aem4f : BIOS.obj (.text:ti_sysbios_family_arm_m3_Hwi_Instance_init__E)
                  00011254    00000004                   : BIOS.obj (.text:ti_sysbios_family_arm_lm4_Timer_masterEnable__I)
                  00011258    00000094                   : BIOS.obj (.text:ti_sysbios_family_arm_m3_Hwi_initNVIC__E)
                  000112ec    00000092     usblib.lib : usbdcdc.obj (.text:SendSerialState)
                  0001137e    00000002     hal_userled_stub.aem4f : llled.oem4f (.text:_llUserLedShutdown)
                  00011380    00000090     nettool_ipv4.aem4f : config.oem4f (.text:CfgExecute)
                  00011410    00000090     usblib.lib : usbhostenum.obj (.text:FIFOAlloc)
                  000114a0    00000090     stk.aem4f : igmp.oem4f (.text:IGMPMsg)
                  00011530    00000090     usblib.lib : usbdcdc.obj (.text:USBDCDCPacketRead)
                  000115c0    00000090     os.aem4f : mem.oem4f (.text:mmBulkAlloc)
                  00011650    00000090     sysbios.aem4f : BIOS.obj (.text:ti_sysbios_knl_Task_Module_startup__E)
                  000116e0    00000090     ti.uia.loggers.aem4f : LoggerStopMode.oem4f (.text:ti_uia_loggers_LoggerStopMode_initQueueDescriptor__E)
                  00011770    0000008c     drivers_tivaware.aem4f : GPIOTiva.oem4f (.text:GPIO_init)
                  000117fc    0000008c     stk.aem4f : ip.oem4f (.text:IPMsg)
                  00011888    0000008c     drivers_tivaware.aem4f : UARTTiva.oem4f (.text:UARTTiva_control)
                  00011914    0000008c     usblib.lib : usbdenum.obj (.text:USBDSetConfiguration)
                  000119a0    0000008c                : usbdconfig.obj (.text:USBDeviceConfigAlternate)
                  00011a2c    0000008c                : usbhostenum.obj (.text:USBHCDClearFeature)
                  00011ab8    0000008c     drivers_wifi_tivaware.aem4f : WiFiCC3100.oem4f (.text:WiFiCC3100_open)
                  00011b44    0000008c     os.aem4f : mem.oem4f (.text:_mmInit)
                  00011bd0    0000008c              : mem.oem4f (.text:mmInitPage)
                  00011c5c    0000008c     sysbios.aem4f : m3_TaskSupport_asm.obj (.text:ti_sysbios_family_arm_m3_TaskSupport_buildTaskStack)
                  00011ce8    0000008c                   : BIOS.obj (.text:ti_sysbios_knl_Mailbox_pend__E)
                  00011d74    0000008a     netctrl_min_ipv4.aem4f : netsrv.oem4f (.text:SPRoute)
                  00011dfe    0000008a     drivers_tivaware.aem4f : UARTTiva.oem4f (.text:readIsrTextBlocking)
                  00011e88    00000088                            : PWMTiva.oem4f (.text:PWMTiva_control)
                  00011f10    00000088     netctrl_min_ipv4.aem4f : netsrv.oem4f (.text:ServiceSpawn)
                  00011f98    00000088     stk.aem4f : sockpcb.oem4f (.text:SockPcbCtlError)
                  00012020    00000088     usblib.lib : usbhscsi.obj (.text:USBHSCSISendCommand)
                  000120a8    00000088     TM4C_Receiver_pem4f.oem4f (.text:ti_ndk_config_ip_init)
                  00012130    00000088     sysbios.aem4f : BIOS.obj (.text:ti_sysbios_knl_Mailbox_Module_startup__E)
                  000121b8    00000087     TM4C_Receiver_pem4f.oem4f (.text:ti_ndk_config_Global_NetworkIPAddr)
                  0001223f    00000001     --HOLE-- [fill = 0]
                  00012240    00000086     nettool_ipv4.aem4f : dhcpsm.oem4f (.text:StateRequesting)
                  000122c6    00000002     usblib.lib : usbdma.obj (.text:iDMAUSBArbSizeSet)
                  000122c8    00000084     nettool_ipv4.aem4f : config.oem4f (.text:CfgGetEntry)
                  0001234c    00000084     drivers_tivaware.aem4f : EMACSnow.oem4f (.text:EMACSnow_processPhyInterrupt)
                  000123d0    00000084     stk.aem4f : tcpprot.oem4f (.text:TcpPrAttach)
                  00012454    00000084     usblib.lib : usbdma.obj (.text:iDMAUSBChannelAllocate)
                  000124d8    00000084     os.aem4f : mem.oem4f (.text:mmBulkFree)
                  0001255c    00000084              : mem.oem4f (.text:mmFree)
                  000125e0    00000084     sysbios.aem4f : BIOS.obj (.text:ti_sysbios_family_arm_m3_Hwi_postInit__I)
                  00012664    00000084     driverlib.lib : udma.obj (.text:uDMAChannelTransferSet)
                  000126e8    00000082     nettool_ipv4.aem4f : dhcpsm.oem4f (.text:StateRenewRebind)
                  0001276a    00000082     drivers_tivaware.aem4f : UARTTiva.oem4f (.text:readIsrTextCallback)
                  000127ec    00000080                            : EMACSnow.oem4f (.text:EMACSnow_emacStop)
                  0001286c    00000080                            : EMACSnow.oem4f (.text:EMACSnow_processPendingTx)
                  000128ec    00000080     stk.aem4f : lli.oem4f (.text:LLINew)
                  0001296c    00000080     netctrl_min_ipv4.aem4f : netsrv.oem4f (.text:NS_BootTask)
                  000129ec    00000080     stk.aem4f : pbm.oem4f (.text:PBM_alloc)
                  00012a6c    00000080               : raw.oem4f (.text:RawOutput)
                  00012aec    0000007e     drivers_tivaware.aem4f : I2CTiva.oem4f (.text:I2CTiva_transfer)
                  00012b6a    0000007e     stk.aem4f : fileuser.oem4f (.text:fdClose)
                  00012be8    0000007c     nettool_ipv4.aem4f : config.oem4f (.text:CfgGetNextEntry)
                  00012c64    0000007c     drivers_tivaware.aem4f : EMACSnow.oem4f (.text:EMACSnow_hwiIntFxn)
                  00012ce0    0000007c     stk.aem4f : igmp.oem4f (.text:IGMPDoMCast)
                  00012d5c    0000007c               : igmp.oem4f (.text:IGMPJoin)
                  00012dd8    0000007c               : socket.oem4f (.text:NDK_setsockopt)
                  00012e54    0000007c               : nimu.oem4f (.text:NIMURegister)
                  00012ed0    0000007c               : pbm.oem4f (.text:PBM_free)
                  00012f4c    0000007c     usblib.lib : usbdenum.obj (.text:USBDClearFeature)
                  00012fc8    0000007c     ti.mw.fatfs.aem4f : ff.oem4f (.text:f_mount)
                  00013044    0000007c     nettool_ipv4.aem4f : inetaddr.oem4f (.text:inet_pton)
                  000130c0    0000007a     driverlib.lib : usb.obj (.text:USBDevEndpointConfigSet)
                  0001313a    0000007a     drivers_tivaware.aem4f : UARTTiva.oem4f (.text:readTaskCallback)
                  000131b4    0000007a     rtsv7M4_T_le_v4SPD16_eabi.lib : memset_t2.obj (.text)
                  0001322e    00000002     usblib.lib : usbdma.obj (.text:iDMAUSBUnitSizeSet)
                  00013230    00000078     driverlib.lib : emac.obj (.text:EMACInit)
                  000132a8    00000078     stk.aem4f : socket.oem4f (.text:NDK_sendto)
                  00013320    00000078               : tcptime.oem4f (.text:TcpXmitTimer)
                  00013398    00000078     drivers_wifi_tivaware.aem4f : osi_tirtos.oem4f (.text:VStartSimpleLinkSpawnTask)
                  00013410    00000078     stk.aem4f : fileuser.oem4f (.text:fdOpenSession)
                  00013488    00000078     os.aem4f : task.oem4f (.text:llExit)
                  00013500    00000076     stk.aem4f : pipe.oem4f (.text:PipeSend)
                  00013576    00000002     hal_ser_stub.aem4f : llserstb.oem4f (.text:llSerialService)
                  00013578    00000075     stk.aem4f : tcptime.oem4f (.text:TcpTimeoutSackRexmt)
                  000135ed    00000001     --HOLE-- [fill = 0]
                  000135ee    00000002     rtsv7M4_T_le_v4SPD16_eabi.lib : i_div0.obj (.text)
                  000135f0    00000074     stk.aem4f : igmp.oem4f (.text:IGMPLeaveHostGroup)
                  00013664    00000074               : nimu.oem4f (.text:NIMUShutdown)
                  000136d8    00000074               : raweth.oem4f (.text:RawEthRxPacket)
                  0001374c    00000074               : sockpcb.oem4f (.text:SockPcbConnect)
                  000137c0    00000074     usblib.lib : usbdenum.obj (.text:USBDGetStatus)
                  00013834    00000074                : usbhostenum.obj (.text:USBHCDGetConfigDescriptor)
                  000138a8    00000074     ti.mw.fatfs.aem4f : ff.oem4f (.text:check_fs)
                  0001391c    00000004     TM4C_Receiver_pem4f.oem4f (.text:ti_sysbios_family_arm_m3_Hwi_delete)
                  00013920    00000074     sysbios.aem4f : BIOS.obj (.text:ti_sysbios_knl_Clock_start__E)
                  00013994    00000074     ti.uia.runtime.aem4f : QueueDescriptor.oem4f (.text:ti_uia_runtime_QueueDescriptor_addToList__E)
                  00013a08    00000072     usblib.lib : usbdcdc.obj (.text:ProcessDataFromHost)
                  00013a7a    00000002     TM4C_Receiver_pem4f.oem4f (.text:ti_ndk_config_Global_NetworkClose)
                  00013a7c    00000072     os.aem4f : semaphore.oem4f (.text:SemCreateBinary)
                  00013aee    00000072     usblib.lib : usbdma.obj (.text:uDMAUSBArbSizeSet)
                  00013b60    00000070     stk.aem4f : socket.oem4f (.text:NDK_send)
                  00013bd0    00000070               : rtable.oem4f (.text:RtFlush)
                  00013c40    00000070     netctrl_min_ipv4.aem4f : netsrv.oem4f (.text:SPConfig)
                  00013cb0    00000070     stk.aem4f : sock.oem4f (.text:SockShutdown)
                  00013d20    00000070     usblib.lib : usbdenum.obj (.text:USBDEP0StateTx)
                  00013d90    00000070     nettool_ipv4.aem4f : dhcptags.oem4f (.text:dhcpDecodeType)
                  00013e00    00000070     sysbios.aem4f : BIOS.obj (.text:ti_sysbios_knl_Mailbox_Instance_finalize__E)
                  00013e70    00000070     usblib.lib : usbdma.obj (.text:uDMAUSBUnitSizeSet)
                  00013ee0    0000006e     stk.aem4f : socket.oem4f (.text:NDK_recv)
                  00013f4e    00000002     TM4C_Receiver_pem4f.oem4f (.text:ti_ndk_config_Global_NetworkOpen)
                  00013f50    0000006e     stk.aem4f : rtable.oem4f (.text:RtWalkNext)
                  00013fbe    0000006e               : sockpcb.oem4f (.text:SockPcbFindRaw)
                  0001402c    0000006d               : node.oem4f (.text:NodeNew)
                  00014099    00000001     --HOLE-- [fill = 0]
                  0001409a    00000002     TM4C_Receiver_pem4f.oem4f (.text:ti_sysbios_BIOS_nullFunc__I)
                  0001409c    0000006d     ti.targets.arm.rtsarm.aem4f : System.oem4f (.text:xdc_runtime_System_formatNum__I)
                  00014109    00000001     --HOLE-- [fill = 0]
                  0001410a    00000002     TM4C_Receiver_pem4f.oem4f (.text:ti_uia_loggers_LoggerStopMode_setFilterLevel__E)
                  0001410c    0000006c     os.aem4f : ossys.oem4f (.text:DbgPrintf)
                  00014178    0000006c     stk.aem4f : node.oem4f (.text:NodeTreeNew)
                  000141e4    0000006c               : raweth.oem4f (.text:RawEthTxPacket)
                  00014250    0000006c     usblib.lib : usbmode.obj (.text:USBOTGSetMode)
                  000142bc    0000006c     stk.aem4f : udp.oem4f (.text:UdpChecksum)
                  00014328    0000006c     TM4C_Receiver_pem4f.oem4f (.text:ti_sysbios_family_arm_m3_Hwi_Object__create__S)
                  00014394    00000004     TM4C_Receiver_pem4f.oem4f (.text:ti_sysbios_family_arm_m3_Hwi_destruct)
                  00014398    0000006c     sysbios.aem4f : BIOS.obj (.text:ti_sysbios_knl_Swi_restoreHwi__E)
                  00014404    0000006c     drivers_tivaware.aem4f : UARTTiva.oem4f (.text:writeData)
                  00014470    0000006c     ti.targets.arm.rtsarm.aem4f : Error.oem4f (.text:xdc_runtime_Error_print__E)
                  000144dc    0000006c                                 : Memory.oem4f (.text:xdc_runtime_Memory_alloc__E)
                  00014548    0000006a     drivers_tivaware.aem4f : PWMTiva.oem4f (.text:PWMTiva_close)
                  000145b2    0000006a     stk.aem4f : tcpprot.oem4f (.text:TcpPrInherit)
                  0001461c    00000068     driverlib.lib : interrupt.obj (.text:IntDisable)
                  00014684    00000068                   : interrupt.obj (.text:IntEnable)
                  000146ec    00000068     stk.aem4f : socket.oem4f (.text:NDK_socket)
                  00014754    00000068               : pbm.oem4f (.text:PBM_open)
                  000147bc    00000068     usblib.lib : usbdenum.obj (.text:USBDSetFeature)
                  00014824    00000068     stk.aem4f : rtable.oem4f (.text:_RtNodeInsert)
                  0001488c    00000068     rtsv7M4_T_le_v4SPD16_eabi.lib : copy_decompress_lzss.obj (.text:decompress:lzss)
                  000148f4    00000068                                   : trgmsg.obj (.text)
                  0001495c    00000066     drivers_tivaware.aem4f : USBMSCHFatFsTiva.oem4f (.text:USBMSCHFatFsTiva_close)
                  000149c2    00000066     ti.uia.loggers.aem4f : LoggerStopMode.oem4f (.text:ti_uia_loggers_LoggerStopMode_flush__E)
                  00014a28    00000066     ti.targets.arm.rtsarm.aem4f : Core-mem.oem4f (.text:xdc_runtime_Core_deleteObject__I)
                  00014a8e    00000002     ti.uia.loggers.aem4f : LoggerStopMode.oem4f (.text:ti_uia_loggers_LoggerStopMode_setPriority__E)
                  00014a90    00000064     nettool_ipv4.aem4f : config.oem4f (.text:CfgFree)
                  00014af4    00000064     drivers_tivaware.aem4f : GPIOTiva.oem4f (.text:GPIO_hwiIntFxn)
                  00014b58    00000064     driverlib.lib : interrupt.obj (.text:IntIsEnabled)
                  00014bbc    00000064     stk.aem4f : pbm.oem4f (.text:PBMQ_enq)
                  00014c20    00000064               : sockint.oem4f (.text:SockSpawnAbort)
                  00014c84    00000064     hal_timer_bios.aem4f : lltimer.oem4f (.text:llTimerTick)
                  00014ce8    00000064     sysbios.aem4f : BIOS.obj (.text:ti_sysbios_family_arm_lm4_Timer_Module_startup__E)
                  00014d4c    00000064     TM4C_Receiver_pem4f.oem4f (.text:ti_sysbios_family_arm_m3_Hwi_create)
                  00014db0    00000064     TM4C_Receiver_pem4f.oem4f (.text:ti_sysbios_hal_Hwi_create)
                  00014e14    00000064     TM4C_Receiver_pem4f.oem4f (.text:ti_sysbios_knl_Mailbox_create)
                  00014e78    00000064     usblib.lib : usbdma.obj (.text:uDMAUSBChannelEnable)
                  00014edc    00000064     stk.aem4f : lliin.oem4f (.text:updateRtTable)
                  00014f40    00000062     drivers_tivaware.aem4f : I2CTiva.oem4f (.text:I2CTiva_primeTransfer)
                  00014fa2    00000062     stk.aem4f : ipin.oem4f (.text:IPRouteIP)
                  00015004    00000062               : sb.oem4f (.text:SBNew)
                  00015066    00000062     drivers_tivaware.aem4f : SPITivaDMA.oem4f (.text:SPITivaDMA_transfer)
                  000150c8    00000060     nettool_ipv4.aem4f : config.oem4f (.text:CfgGetEntryCnt)
                  00015128    00000060     stk.aem4f : file.oem4f (.text:FdWaitEvent)
                  00015188    00000060               : nimu.oem4f (.text:NIMUUnregister)
                  000151e8    00000060               : node.oem4f (.text:NodeFind)
                  00015248    00000060               : rtc.oem4f (.text:RTCMsg)
                  000152a8    00000060               : tcp.oem4f (.text:TcpChecksum)
                  00015308    00000060     usblib.lib : usbbuffer.obj (.text:USBBufferEventCallback)
                  00015368    00000060                : usbdenum.obj (.text:USBDReadAndDispatchRequest)
                  000153c8    00000060                : usbhostenum.obj (.text:USBHostCheckPipes)
                  00015428    00000060     nettool_ipv4.aem4f : dhcptags.oem4f (.text:dhcpBuildOptions)
                  00015488    00000060     TM4C_Receiver_pem4f.oem4f (.text:ti_ndk_config_Global_serviceReport)
                  000154e8    00000060     sysbios.aem4f : BIOS.obj (.text:ti_sysbios_family_arm_lm4_Timer_isrStub__E)
                  00015548    00000060                   : BIOS.obj (.text:ti_sysbios_knl_Clock_logTick__E)
                  000155a8    00000060                   : BIOS.obj (.text:ti_sysbios_utils_Load_logCPULoad__I)
                  00015608    0000005e     usblib.lib : usbdcdc.obj (.text:ProcessDataToHost)
                  00015666    0000005e     stk.aem4f : route.oem4f (.text:RtRemove)
                  000156c4    0000005e     nettool_ipv4.aem4f : dhcpsm.oem4f (.text:StateSelecting)
                  00015722    0000005e     driverlib.lib : usb.obj (.text:USBDevEndpointStatusClear)
                  00015780    0000005e     stk.aem4f : vlan.oem4f (.text:VLANReceivePacket)
                  000157de    0000005e     drivers_tivaware.aem4f : UARTTiva.oem4f (.text:readIsrBinaryBlocking)
                  0001583c    0000005c     nettool_ipv4.aem4f : config.oem4f (.text:CfgSetExecuteOrder)
                  00015898    0000005c     usblib.lib : usbhostenum.obj (.text:ConfigDescAlloc)
                  000158f4    0000005c     stk.aem4f : nimu.oem4f (.text:NIMUIoctlSpecialCmd)
                  00015950    0000005c     netctrl_min_ipv4.aem4f : netsrv.oem4f (.text:SPService)
                  000159ac    0000005c     usblib.lib : usbdcdc.obj (.text:USBDCDCInit)
                  00015a08    0000005c                : usbhostenum.obj (.text:USBHCDGetDeviceDescriptor)
                  00015a64    0000005c                : usbhscsi.obj (.text:USBHSCSIRead10)
                  00015ac0    0000005c                : usbhscsi.obj (.text:USBHSCSIWrite10)
                  00015b1c    0000005c     TM4C_Receiver_pem4f.oem4f (.text:ti_sysbios_knl_Swi_create)
                  00015b78    0000005c     sysbios.aem4f : BIOS.obj (.text:ti_sysbios_knl_Swi_schedule__I)
                  00015bd4    0000005c     TM4C_Receiver_pem4f.oem4f (.text:ti_sysbios_knl_Task_create)
                  00015c30    0000005c     drivers_tivaware.aem4f : SDSPITiva.oem4f (.text:wait_ready)
                  00015c8c    0000005b     ti.targets.arm.rtsarm.aem4f : Text.oem4f (.text:xdc_runtime_Text_putLab__E)
                  00015ce7    00000001     --HOLE-- [fill = 0]
                  00015ce8    0000005a     stk.aem4f : route.oem4f (.text:RtRedirect)
                  00015d42    0000005a               : tcpprot.oem4f (.text:TcpValidateMetrics)
                  00015d9c    0000005a     nettool_ipv4.aem4f : dhcpbild.oem4f (.text:dhcpBuildDecline)
                  00015df6    0000005a     os.aem4f : mem.oem4f (.text:mmCopy)
                  00015e50    0000005a     TM4C_Receiver_pem4f.oem4f (.text:ti_ndk_config_tcp_init)
                  00015eaa    00000002     usblib.lib : usbdma.obj (.text:uDMAUSBChannelIntDisable)
                  00015eac    00000058     stk.aem4f : bind.oem4f (.text:BindFree)
                  00015f04    00000058     boot.aem4f : boot.oem4f (.text)
                  00015f5c    00000058     driverlib.lib : emac.obj (.text:EMACPHYConfigSet)
                  00015fb4    00000058     stk.aem4f : igmp.oem4f (.text:IGMPTimer)
                  0001600c    00000058     os.aem4f : semaphore.oem4f (.text:SemCreate)
                  00016064    00000058     tirtosport.aem4f : SemaphoreP_tirtos.oem4f (.text:SemaphoreP_create)
                  000160bc    00000058     usblib.lib : usbdcdc.obj (.text:USBDCDCPacketWrite)
                  00016114    00000058                : usbhostenum.obj (.text:USBHCDEP0StateTx)
                  0001616c    00000058                : usbhostenum.obj (.text:USBHCDHubDeviceConnected)
                  000161c4    00000058     TM4C_Receiver_pem4f.oem4f (.text:ti_sysbios_family_arm_m3_Hwi_construct)
                  0001621c    00000058     sysbios.aem4f : m3_Hwi_asm_switch.obj (.text:ti_sysbios_family_arm_m3_Hwi_initStacks__E)
                  00016274    00000056     driverlib.lib : gpio.obj (.text:GPIOIntTypeSet)
                  000162ca    00000056     usblib.lib : usbdma.obj (.text:uDMAUSBChannelRelease)
                  00016320    00000054     nettool_ipv4.aem4f : config.oem4f (.text:CfgEntryDeRef)
                  00016374    00000054     stk.aem4f : igmp.oem4f (.text:IGMPLeave)
                  000163c8    00000054               : rawethsock_pcb.oem4f (.text:RawEthSockPcbAttach)
                  0001641c    00000054               : sockpcb.oem4f (.text:SockCleanPcb)
                  00016470    00000054               : tcptime.oem4f (.text:TcpTimeoutPersist)
                  000164c4    00000054     drivers_tivaware.aem4f : UARTTiva.oem4f (.text:readIsrBinaryCallback)
                  00016518    00000054     rtsv7M4_T_le_v4SPD16_eabi.lib : exit.obj (.text)
                  0001656c    00000054     ti.mw.fatfs.aem4f : ff.oem4f (.text:sync_window)
                  000165c0    00000054     sysbios.aem4f : BIOS.obj (.text:ti_sysbios_knl_Swi_Instance_finalize__E)
                  00016614    00000054     TM4C_Receiver_pem4f.oem4f (.text:ti_sysbios_knl_Task_construct)
                  00016668    00000054     ti.targets.arm.rtsarm.aem4f : Assert.oem4f (.text:xdc_runtime_Assert_raise__I)
                  000166bc    00000052     stk.aem4f : tcpprot.oem4f (.text:TcpPrDetach)
                  0001670e    00000052     usblib.lib : usbulpi.obj (.text:ULPIConfigSet)
                  00016760    00000050     drivers_tivaware.aem4f : GPIOTiva.oem4f (.text:GPIO_setCallback)
                  000167b0    00000050                            : GPIOTiva.oem4f (.text:GPIO_toggle)
                  00016800    00000050     stk.aem4f : socket.oem4f (.text:NDK_bind)
                  00016850    00000050               : socket.oem4f (.text:NDK_connect)
                  000168a0    00000050               : route.oem4f (.text:RtNew)
                  000168f0    00000050     driverlib.lib : sysctl.obj (.text:SysCtlPeripheralReset)
                  00016940    00000050     drivers_tivaware.aem4f : UARTTiva.oem4f (.text:UARTTiva_writeCancel)
                  00016990    00000050     usblib.lib : usbdcdesc.obj (.text:USBDCDConfigDescGet)
                  000169e0    00000050                : usbdenum.obj (.text:USBDeviceResumeTickHandler)
                  00016a30    00000050     drivers_tivaware.aem4f : USBMSCHFatFsTiva.oem4f (.text:USBMSCHFatFsTiva_diskWrite)
                  00016a80    00000050     Boot.aem4f : Boot_sysctl.oem4f (.text:_SysCtlFrequencyGet)
                  00016ad0    00000050     ti.targets.arm.rtsarm.aem4f : Startup.oem4f (.text:xdc_runtime_Startup_exec__E)
                  00016b20    00000050                                 : Text.oem4f (.text:xdc_runtime_Text_visitRope2__I)
                  00016b70    0000004e     usblib.lib : usbhhub.obj (.text:HubGetPortStatus)
                  00016bbe    0000004e     stk.aem4f : node.oem4f (.text:NodeDeRef)
                  00016c0c    0000004e     driverlib.lib : usb.obj (.text:USBDevEndpointStallClear)
                  00016c5a    0000004e     nettool_ipv4.aem4f : config.oem4f (.text:_CfgEntryScan)
                  00016ca8    0000004c     usblib.lib : usbdcdesc.obj (.text:ConfigAlternateInterfaceGet)
                  00016cf4    0000004c                : usbdconfig.obj (.text:GetEPDescriptorType)
                  00016d40    0000004c                : usbdcdc.obj (.text:HandleEndpoints)
                  00016d8c    0000004c                : usbhhub.obj (.text:HubDriverDeviceDisconnect)
                  00016dd8    0000004c     nettool_ipv4.aem4f : ipaddr.oem4f (.text:NtAddNetwork)
                  00016e24    0000004c     stk.aem4f : sockint.oem4f (.text:SockValidateRoute)
                  00016e70    0000004c     drivers_tivaware.aem4f : UARTTiva.oem4f (.text:UARTTiva_close)
                  00016ebc    0000004c     driverlib.lib : usb.obj (.text:USBEndpointDMAConfigSet)
                  00016f08    0000004c     usblib.lib : usbhostenum.obj (.text:USBHCDPowerConfigSet)
                  00016f54    0000004c                : usbhostenum.obj (.text:USBHCDSetAddress)
                  00016fa0    0000004c     drivers_tivaware.aem4f : USBMSCHFatFsTiva.oem4f (.text:USBMSCHFatFsTiva_diskRead)
                  00016fec    0000004c     rtsv7M4_T_le_v4SPD16_eabi.lib : cpy_tbl.obj (.text)
                  00017038    0000004c     sysbios.aem4f : BIOS.obj (.text:ti_sysbios_heaps_HeapMem_getStats__E)
                  00017084    00000004     TM4C_Receiver_pem4f.oem4f (.text:ti_sysbios_family_arm_m3_TaskSupport_Module__startupDone__S)
                  00017088    0000004c     sysbios.aem4f : BIOS.obj (.text:ti_sysbios_knl_Swi_runLoop__I)
                  000170d4    00000004     TM4C_Receiver_pem4f.oem4f (.text:ti_sysbios_gates_GateMutex_destruct)
                  000170d8    0000004c     sysbios.aem4f : BIOS.obj (.text:ti_sysbios_knl_Task_allBlockedFunction__I)
                  00017124    0000004c     ti.uia.loggers.aem4f : LoggerStopMode.oem4f (.text:ti_uia_loggers_LoggerStopMode_Module_startup__E)
                  00017170    0000004a     netctrl_min_ipv4.aem4f : netsrv.oem4f (.text:ServiceKill)
                  000171ba    0000004a     stk.aem4f : sock.oem4f (.text:SockDisconnect)
                  00017204    0000004a               : timer.oem4f (.text:TimerNew)
                  0001724e    0000004a     usblib.lib : usbdma.obj (.text:iDMAUSBChannelEnable)
                  00017298    0000004a                : usbdma.obj (.text:uDMAUSBChannelDisable)
                  000172e2    00000048     nettool_ipv4.aem4f : config.oem4f (.text:CfgNew)
                  0001732a    00000002     usblib.lib : usbdma.obj (.text:uDMAUSBChannelIntEnable)
                  0001732c    00000048     driverlib.lib : gpio.obj (.text:GPIOPinConfigure)
                  00017374    00000048     usblib.lib : usbdcdc.obj (.text:HandleEP0Data)
                  000173bc    00000048     driverlib.lib : i2c.obj (.text:I2CMasterInitExpClk)
                  00017404    00000048     stk.aem4f : lli.oem4f (.text:LLIMsg)
                  0001744c    00000048               : node.oem4f (.text:NodeWalk)
                  00017494    00000048               : rawethsock_pcb.oem4f (.text:RawEthSockPcbDetach)
                  000174dc    00000048               : sockpcb.oem4f (.text:SockPcbResolveChain)
                  00017524    00000048               : tcpprot.oem4f (.text:TcpDrop)
                  0001756c    00000048     usblib.lib : usbdenum.obj (.text:USBDStringIndexFromRequest)
                  000175b4    00000048                : usbdenum.obj (.text:USBDeviceEnumResetHandler)
                  000175fc    00000048     driverlib.lib : usb.obj (.text:USBFIFOFlush)
                  00017644    00000048     usblib.lib : usbhhub.obj (.text:USBHHubInit)
                  0001768c    00000048     stk.aem4f : lli.oem4f (.text:_LLIExpListInsert)
                  000176d4    00000048               : rtable.oem4f (.text:_RtExpListInsert)
                  0001771c    00000048               : file.oem4f (.text:fdint_lockfd)
                  00017764    00000004     TM4C_Receiver_pem4f.oem4f (.text:ti_sysbios_hal_Hwi_HwiProxy_delete)
                  00017768    00000048     sysbios.aem4f : BIOS.obj (.text:ti_sysbios_family_arm_m3_Hwi_disableInterrupt__E)
                  000177b0    00000048                   : BIOS.obj (.text:ti_sysbios_family_arm_m3_Hwi_enableInterrupt__E)
                  000177f8    00000048                   : BIOS.obj (.text:ti_sysbios_family_arm_m3_Hwi_excReserved__I)
                  00017840    00000048                   : BIOS.obj (.text:ti_sysbios_knl_Task_deleteTerminatedTasksFunc__I)
                  00017888    00000048     driverlib.lib : udma.obj (.text:uDMAChannelAttributeDisable)
                  000178d0    00000046     nettool_ipv4.aem4f : ipaddr.oem4f (.text:NtIfIdx2Ip)
                  00017916    00000046     stk.aem4f : rawethsock.oem4f (.text:RawEthSockSend)
                  0001795c    00000046     drivers_tivaware.aem4f : RingBuf.oem4f (.text:RingBuf_put)
                  000179a2    00000046     stk.aem4f : tcpprot.oem4f (.text:TcpPrCtlError)
                  000179e8    00000046     os.aem4f : mem.oem4f (.text:mmZeroInit)
                  00017a2e    00000046     ti.targets.arm.rtsarm.aem4f : Core-params.oem4f (.text:xdc_runtime_Core_assignParams__I)
                  00017a74    00000044     drivers_tivaware.aem4f : EMACSnow.oem4f (.text:EMACSnow_processTransmitted)
                  00017ab8    00000044     stk.aem4f : icmp.oem4f (.text:ICMPChecksum)
                  00017afc    00000044               : ipfrag.oem4f (.text:IPReasmFree)
                  00017b40    00000044               : lli.oem4f (.text:LLIGetValidTime)
                  00017b84    00000044               : rtable.oem4f (.text:RouteMsg)
                  00017bc8    00000044               : rtable.oem4f (.text:RtWalkEnd)
                  00017c0c    00000044     drivers_tivaware.aem4f : SPITivaDMA.oem4f (.text:SPITivaDMA_hwiFxn)
                  00017c50    00000044     stk.aem4f : sockpcb.oem4f (.text:SockPcbDetach)
                  00017c94    00000044               : timer.oem4f (.text:TimerListInsert)
                  00017cd8    00000044     usblib.lib : usbdenum.obj (.text:USBDCDDeviceInfoInit)
                  00017d1c    00000044                : usbdenum.obj (.text:USBDGetInterface)
                  00017d60    00000044     driverlib.lib : usb.obj (.text:USBEndpointDataGet)
                  00017da4    00000044     hal_timer_bios.aem4f : lltimer.oem4f (.text:llTimerGetTime)
                  00017de8    00000044     drivers_tivaware.aem4f : SDSPITiva.oem4f (.text:send_initial_clock_train)
                  00017e2c    00000004     TM4C_Receiver_pem4f.oem4f (.text:ti_sysbios_heaps_HeapMem_Module_GateProxy_enter__E)
                  00017e30    00000044     sysbios.aem4f : BIOS.obj (.text:ti_sysbios_family_arm_lm4_Timer_stop__E)
                  00017e74    00000004     TM4C_Receiver_pem4f.oem4f (.text:ti_sysbios_heaps_HeapMem_Module_GateProxy_leave__E)
                  00017e78    00000044     sysbios.aem4f : BIOS.obj (.text:ti_sysbios_family_arm_m3_Hwi_getStackInfo__E)
                  00017ebc    00000004     TM4C_Receiver_pem4f.oem4f (.text:ti_sysbios_knl_Clock_TimerProxy_getMaxTicks__E)
                  00017ec0    00000044     sysbios.aem4f : BIOS.obj (.text:ti_sysbios_knl_Mailbox_postInit__I)
                  00017f04    00000044     ti.uia.loggers.aem4f : LoggerStopMode.oem4f (.text:ti_uia_loggers_LoggerStopMode_initBuffer__I)
                  00017f48    00000044     ti.targets.arm.rtsarm.aem4f : Error.oem4f (.text:xdc_runtime_Error_setX__E)
                  00017f8c    00000044                                 : SysMin.oem4f (.text:xdc_runtime_SysMin_flush__E)
                  00017fd0    00000044                                 : Text.oem4f (.text:xdc_runtime_Text_xprintf__I)
                  00018014    00000042     drivers_tivaware.aem4f : SPITivaDMA.oem4f (.text:SPITivaDMA_transferCancel)
                  00018056    00000042     stk.aem4f : tcpprot.oem4f (.text:TcpPrSendOOB)
                  00018098    00000042     driverlib.lib : uart.obj (.text:UARTConfigSetExpClk)
                  000180da    00000042     drivers_tivaware.aem4f : UARTTiva.oem4f (.text:UARTTiva_hwiIntFxn)
                  0001811c    00000042                            : UARTTiva.oem4f (.text:UARTTiva_writePolling)
                  0001815e    00000042     stk.aem4f : fileuser.oem4f (.text:fdCloseSession)
                  000181a0    00000040               : lliin.oem4f (.text:LLIValidateRoute)
                  000181e0    00000040               : pbm.oem4f (.text:PBM_copy)
                  00018220    00000040     drivers_tivaware.aem4f : RingBuf.oem4f (.text:RingBuf_get)
                  00018260    00000040                            : SDSPITiva.oem4f (.text:SDSPITiva_close)
                  000182a0    00000040     stk.aem4f : sockpcb.oem4f (.text:SockPcbRtChange)
                  000182e0    00000040               : tcpprot.oem4f (.text:TcpPrSend)
                  00018320    00000040     drivers_tivaware.aem4f : UARTTiva.oem4f (.text:UARTTiva_read)
                  00018360    00000040     usblib.lib : usbhmsc.obj (.text:USBHMSCGetMaxLUN)
                  000183a0    00000040     drivers_tivaware.aem4f : USBMSCHFatFsTiva.oem4f (.text:USBMSCHFatFsTiva_diskInitialize)
                  000183e0    00000040     ti.mw.fatfs.aem4f : ff.oem4f (.text:get_ldnumber)
                  00018420    00000040     rtsv7M4_T_le_v4SPD16_eabi.lib : u_divt2.obj (.text)
                  00018460    00000040     sysbios.aem4f : BIOS.obj (.text:ti_sysbios_family_arm_lm4_Timer_startup__E)
                  000184a0    0000003e     nettool_ipv4.aem4f : dhcpmain.oem4f (.text:DHCPClose)
                  000184de    00000002     TM4C_Receiver_pem4f.oem4f (.text:xdc_runtime_Startup_reset__I)
                  000184e0    0000003e     stk.aem4f : nimu.oem4f (.text:NIMUAllocateName)
                  0001851e    0000003e     os.aem4f : task.oem4f (.text:TaskCreate)
                  0001855c    0000003e     stk.aem4f : tcpprot.oem4f (.text:TcpPrDisconnect)
                  0001859a    0000003e     usblib.lib : usbhscsi.obj (.text:USBHSCSIInquiry)
                  000185d8    0000003e                : usbhscsi.obj (.text:USBHSCSIReadCapacity)
                  00018616    0000003e     stk.aem4f : file.oem4f (.text:fdint_unlockfd)
                  00018654    0000003c     nettool_ipv4.aem4f : config.oem4f (.text:CfgEntryGetData)
                  00018690    0000003c     driverlib.lib : emac.obj (.text:EMACIntDisable)
                  000186cc    0000003c     usblib.lib : usbhhub.obj (.text:HubDriverReset)
                  00018708    0000003c     stk.aem4f : node.oem4f (.text:NodeUpdatePL)
                  00018744    0000003c               : rtable.oem4f (.text:RtWalkBegin)
                  00018780    0000003c     drivers_tivaware.aem4f : SPITivaDMA.oem4f (.text:SPITivaDMA_close)
                  000187bc    0000003c     driverlib.lib : ssi.obj (.text:SSIConfigSetExpClk)
                  000187f8    0000003c     stk.aem4f : tcpprot.oem4f (.text:TcpPrConnect)
                  00018834    0000003c               : tcptime.oem4f (.text:TcpSetPersist)
                  00018870    0000003c     usblib.lib : usbhscsi.obj (.text:USBHSCSIRequestSense)
                  000188ac    0000003c     stk.aem4f : rtc.oem4f (.text:_RTCSendRtAdv)
                  000188e8    0000003c               : rtable.oem4f (.text:_RtNodeRemove)
                  00018924    0000003c     hal_timer_bios.aem4f : lltimer.oem4f (.text:_llTimerInit)
                  00018960    0000003c     usblib.lib : usbdma.obj (.text:iDMAUSBChannelRelease)
                  0001899c    00000004     TM4C_Receiver_pem4f.oem4f (.text:ti_sysbios_knl_Clock_TimerProxy_getPeriod__E)
                  000189a0    0000003c     sysbios.aem4f : BIOS.obj (.text:ti_sysbios_family_arm_m3_Hwi_excSvCall__I)
                  000189dc    00000004     TM4C_Receiver_pem4f.oem4f (.text:ti_sysbios_knl_Clock_destruct)
                  000189e0    0000003c     sysbios.aem4f : BIOS.obj (.text:ti_sysbios_heaps_HeapMem_init__I)
                  00018a1c    00000004     TM4C_Receiver_pem4f.oem4f (.text:ti_sysbios_knl_Mailbox_delete)
                  00018a20    0000003c     sysbios.aem4f : BIOS.obj (.text:ti_sysbios_knl_Swi_restore__E)
                  00018a5c    0000003a     driverlib.lib : emac.obj (.text:EMACIntEnable)
                  00018a96    0000003a     drivers_tivaware.aem4f : I2CTiva.oem4f (.text:I2CTiva_completeTransfer)
                  00018ad0    0000003a     usblib.lib : usbdcdesc.obj (.text:USBDCDConfigGetInterfaceEndpoint)
                  00018b0a    0000003a     driverlib.lib : usb.obj (.text:USBFIFOConfigSet)
                  00018b44    00000038                   : emac.obj (.text:EMACConfigGet)
                  00018b7c    00000038     drivers_tivaware.aem4f : I2C.oem4f (.text:I2C_init)
                  00018bb4    00000038     stk.aem4f : ipfrag.oem4f (.text:IPReasmTimeout)
                  00018bec    00000038     usblib.lib : usbtick.obj (.text:InternalUSBRegisterTickHandler)
                  00018c24    00000038     stk.aem4f : node.oem4f (.text:NodeGetRt)
                  00018c5c    00000038     drivers_tivaware.aem4f : PWM.oem4f (.text:PWM_init)
                  00018c94    00000038                            : SDSPI.oem4f (.text:SDSPI_init)
                  00018ccc    00000038                            : SPI.oem4f (.text:SPI_init)
                  00018d04    00000038     usblib.lib : usbdcdc.obj (.text:SendBreak)
                  00018d3c    00000038     driverlib.lib : sysctl.obj (.text:SysCtlPeripheralReady)
                  00018d74    00000038     stk.aem4f : tcpprot.oem4f (.text:TcpClose)
                  00018dac    00000038               : timer.oem4f (.text:TimerHSTick)
                  00018de4    00000038     drivers_tivaware.aem4f : UART.oem4f (.text:UART_init)
                  00018e1c    00000038     usblib.lib : usbhostenum.obj (.text:USBHCDReset)
                  00018e54    00000038                : usbhscsi.obj (.text:USBHSCSITestUnitReady)
                  00018e8c    00000038     driverlib.lib : usb.obj (.text:USBIntStatusControl)
                  00018ec4    00000038     drivers_tivaware.aem4f : USBMSCHFatFs.oem4f (.text:USBMSCHFatFs_init)
                  00018efc    00000038     usblib.lib : usbringbuf.obj (.text:USBRingBufAdvanceWrite)
                  00018f34    00000038     drivers_tivaware.aem4f : Watchdog.oem4f (.text:Watchdog_init)
                  00018f6c    00000038                            : WiFi.oem4f (.text:WiFi_init)
                  00018fa4    00000038     nettool_ipv4.aem4f : dhcpbild.oem4f (.text:dhcpBuildDiscover)
                  00018fdc    00000038                        : dhcptags.oem4f (.text:dhcpOptionsClear)
                  00019014    00000038     stk.aem4f : file.oem4f (.text:fdint_waitevent)
                  0001904c    00000004     TM4C_Receiver_pem4f.oem4f (.text:ti_sysbios_knl_Queue_destruct)
                  00019050    00000038     sysbios.aem4f : BIOS.obj (.text:ti_sysbios_family_arm_m3_Hwi_excNoIsr__I)
                  00019088    00000038     TM4C_Receiver_pem4f.oem4f (.text:ti_sysbios_knl_Clock_create)
                  000190c0    00000038     sysbios.aem4f : BIOS.obj (.text:ti_sysbios_knl_Task_processVitalTaskFlag__I)
                  000190f8    00000038     ti.targets.arm.rtsarm.aem4f : SysMin.oem4f (.text:xdc_runtime_SysMin_putch__E)
                  00019130    00000038                                 : System.oem4f (.text:xdc_runtime_System_atexit__E)
                  00019168    00000036     usblib.lib : usbhhub.obj (.text:HubClearPortFeature)
                  0001919e    00000036                : usbhhub.obj (.text:HubSetPortFeature)
                  000191d4    00000036     drivers_tivaware.aem4f : I2CTiva.oem4f (.text:I2CTiva_close)
                  0001920a    00000036     stk.aem4f : ip.oem4f (.text:IPChecksum)
                  00019240    00000036     drivers_tivaware.aem4f : UARTTiva.oem4f (.text:UARTTiva_readCancel)
                  00019276    00000036     ti.mw.fatfs.aem4f : ff.oem4f (.text:move_window)
                  000192ac    00000034     nettool_ipv4.aem4f : config.oem4f (.text:CfgSetService)
                  000192e0    00000034     driverlib.lib : emac.obj (.text:EMACConfigSet)
                  00019314    00000034                   : emac.obj (.text:EMACIntClear)
                  00019348    00000034     drivers_tivaware.aem4f : EMACSnow.oem4f (.text:EMACSnow_emacPoll)
                  0001937c    00000034                            : EMACSnow.oem4f (.text:EMACSnow_isLinkUp)
                  000193b0    00000034                            : EMAC.oem4f (.text:EMAC_init)
                  000193e4    00000034     stk.aem4f : exec.oem4f (.text:ExecClose)
                  00019418    00000034     usblib.lib : usbtick.obj (.text:InternalUSBStartOfFrameTick)
                  0001944c    00000034     stk.aem4f : nimu.oem4f (.text:NIMUFindByName)
                  00019480    00000034               : nimu.oem4f (.text:NIMUInit)
                  000194b4    00000034               : rawethsock.oem4f (.text:RawEthSockNotify)
                  000194e8    00000034               : sockprot.oem4f (.text:SockPrCtlError)
                  0001951c    00000034     driverlib.lib : sysctl.obj (.text:SysCtlPeripheralEnable)
                  00019550    00000034                   : sysctl.obj (.text:SysCtlPeripheralPowerOn)
                  00019584    00000034     usblib.lib : usbhostenum.obj (.text:USBHCDSetConfig)
                  000195b8    00000034                : usbmode.obj (.text:USBOTGRemovePower)
                  000195ec    00000034                : usbdma.obj (.text:iDMAUSBChannelStatus)
                  00019620    00000034     os.aem4f : mem.oem4f (.text:mmUnInitPage)
                  00019654    00000004     TM4C_Receiver_pem4f.oem4f (.text:ti_sysbios_knl_Semaphore_delete)
                  00019658    00000034     sysbios.aem4f : BIOS.obj (.text:ti_sysbios_family_arm_m3_Hwi_Instance_finalize__E)
                  0001968c    00000004     TM4C_Receiver_pem4f.oem4f (.text:ti_sysbios_knl_Semaphore_destruct)
                  00019690    00000034     sysbios.aem4f : BIOS.obj (.text:ti_sysbios_family_arm_m3_Hwi_excNmi__I)
                  000196c4    00000004     TM4C_Receiver_pem4f.oem4f (.text:ti_sysbios_knl_Swi_delete)
                  000196c8    00000034     sysbios.aem4f : BIOS.obj (.text:ti_sysbios_hal_Hwi_checkStack)
                  000196fc    00000034     TM4C_Receiver_pem4f.oem4f (.text:ti_sysbios_knl_Clock_construct)
                  00019730    00000034     TM4C_Receiver_pem4f.oem4f (.text:ti_sysbios_knl_Semaphore_create)
                  00019764    00000034     ti.uia.loggers.aem4f : LoggerStopMode.oem4f (.text:ti_uia_loggers_LoggerStopMode_reset__E)
                  00019798    00000034     ti.targets.arm.rtsarm.aem4f : Core-label.oem4f (.text:xdc_runtime_Core_assignLabel__I)
                  000197cc    00000033                                 : Text.oem4f (.text:xdc_runtime_Text_printVisFxn__I)
                  000197ff    00000001     --HOLE-- [fill = 0]
                  00019800    00000032     nettool_ipv4.aem4f : config.oem4f (.text:CfgGetImmediate)
                  00019832    00000032     usblib.lib : usbdcdc.obj (.text:HandleConfigChange)
                  00019864    00000032                : usbdcdesc.obj (.text:NextConfigDescGet)
                  00019896    00000032                : usbdcdc.obj (.text:ProcessNotificationToHost)
                  000198c8    00000032     stk.aem4f : route.oem4f (.text:RtDeRef)
                  000198fa    00000032               : route.oem4f (.text:RtSetFailure)
                  0001992c    00000032               : sb.oem4f (.text:SBFlush)
                  0001995e    00000032               : sb.oem4f (.text:SBSetMax)
                  00019990    00000032               : sock.oem4f (.text:SockIntAbort)
                  000199c2    00000032     driverlib.lib : usb.obj (.text:USBDevEndpointStall)
                  000199f4    00000032     drivers_tivaware.aem4f : USBMSCHFatFsTiva.oem4f (.text:USBMSCHFatFsTiva_waitForConnect)
                  00019a26    00000032     nettool_ipv4.aem4f : config.oem4f (.text:_CfgAcquire)
                  00019a58    00000032                        : dhcpsm.oem4f (.text:dhcpIPRemove)
                  00019a8a    00000032     usblib.lib : usbdma.obj (.text:iDMAUSBChannelDisable)
                  00019abc    00000004     TM4C_Receiver_pem4f.oem4f (.text:ti_sysbios_knl_Task_delete)
                  00019ac0    00000032     sysbios.aem4f : BIOS.obj (.text:ti_sysbios_hal_Hwi_initStack)
                  00019af2    00000006     driverlib.lib : emac.obj (.text:EMACTxDMADescriptorListSet)
                  00019af8    00000032     sysbios.aem4f : BIOS.obj (.text:ti_sysbios_knl_Semaphore_pendTimeout__I)
                  00019b2a    00000030     usblib.lib : usbdma.obj (.text:DMAUSBIntHandler)
                  00019b5a    00000030     driverlib.lib : emac.obj (.text:EMACAddrSet)
                  00019b8a    00000002     --HOLE-- [fill = 0]
                  00019b8c    00000030     drivers_tivaware.aem4f : EMACSnow.oem4f (.text:EMACSnow_handlePackets)
                  00019bbc    00000030                            : GPIOTiva.oem4f (.text:GPIO_disableInt)
                  00019bec    00000030                            : GPIOTiva.oem4f (.text:GPIO_enableInt)
                  00019c1c    00000030     usblib.lib : usbtick.obj (.text:InternalUSBTickInit)
                  00019c4c    00000030     netctrl_min_ipv4.aem4f : netsrv.oem4f (.text:NS_PreBoot)
                  00019c7c    00000030     drivers_tivaware.aem4f : PWMTiva.oem4f (.text:PWMTiva_init)
                  00019cac    00000030     stk.aem4f : sock.oem4f (.text:SockBind)
                  00019cdc    00000030     usblib.lib : usbdenum.obj (.text:USBDGetConfiguration)
                  00019d0c    00000030     driverlib.lib : usb.obj (.text:USBEndpointDataPut)
                  00019d3c    00000030     usblib.lib : usbhmsc.obj (.text:USBHMSCBlockRead)
                  00019d6c    00000030                : usbhmsc.obj (.text:USBHMSCBlockWrite)
                  00019d9c    00000030                : usbhmsc.obj (.text:USBHMSCClose)
                  00019dcc    00000030                : usbringbuf.obj (.text:UpdateIndexAtomic)
                  00019dfc    00000030     nettool_ipv4.aem4f : dhcpsock.oem4f (.text:dhcpPacketSend)
                  00019e2c    00000030     stk.aem4f : listlib.oem4f (.text:list_remove_node)
                  00019e5c    00000030     TM4C_Receiver_pem4f.oem4f (.text:ti_sysbios_BIOS_atExitFunc__I)
                  00019e8c    00000004     TM4C_Receiver_pem4f.oem4f (.text:ti_sysbios_knl_Task_destruct)
                  00019e90    00000030     sysbios.aem4f : BIOS.obj (.text:ti_sysbios_family_arm_m3_TaskSupport_start__E)
                  00019ec0    00000030     TM4C_Receiver_pem4f.oem4f (.text:ti_sysbios_gates_GateHwi_Object__create__S)
                  00019ef0    00000030     TM4C_Receiver_pem4f.oem4f (.text:ti_sysbios_gates_GateMutex_Object__create__S)
                  00019f20    00000030     TM4C_Receiver_pem4f.oem4f (.text:ti_sysbios_gates_GateMutex_create)
                  00019f50    00000030     TM4C_Receiver_pem4f.oem4f (.text:ti_sysbios_heaps_HeapMem_Object__create__S)
                  00019f80    00000030     TM4C_Receiver_pem4f.oem4f (.text:ti_sysbios_knl_Semaphore_construct)
                  00019fb0    00000030     sysbios.aem4f : BIOS.obj (.text:ti_sysbios_utils_Load_updateCurrentThreadTime__E)
                  00019fe0    00000030     TM4C_Receiver_pem4f.oem4f (.text:ti_uia_loggers_LoggerStopMode_Object__create__S)
                  0001a010    00000030     ti.targets.arm.rtsarm.aem4f : SysMin.oem4f (.text:xdc_runtime_SysMin_abort__E)
                  0001a040    00000030                                 : System.oem4f (.text:xdc_runtime_System_processAtExit__E)
                  0001a070    0000002e     stk.aem4f : sb.oem4f (.text:SBFree)
                  0001a09e    0000002e     usblib.lib : usbbuffer.obj (.text:USBBufferWrite)
                  0001a0cc    0000002e                : usbdcdc.obj (.text:USBDCDCRxPacketAvailable)
                  0001a0fa    0000002e     driverlib.lib : usb.obj (.text:USBEndpointDataSend)
                  0001a128    0000002e                   : usb.obj (.text:USBHostHubAddrSet)
                  0001a156    00000002     --HOLE-- [fill = 0]
                  0001a158    0000002c     usblib.lib : usbhostenum.obj (.text:ConfigDescFree)
                  0001a184    0000002c     driverlib.lib : emac.obj (.text:EMACIntStatus)
                  0001a1b0    0000002c     usblib.lib : usbhostenum.obj (.text:FIFOFree)
                  0001a1dc    0000002c     stk.aem4f : file.oem4f (.text:FdSignalEvent)
                  0001a208    0000002c               : igmp.oem4f (.text:IGMPTestGroup)
                  0001a234    0000002c     usblib.lib : usbhostenum.obj (.text:InternalUSBHCDSendEvent)
                  0001a260    0000002c     os.aem4f : task.oem4f (.text:NDK_hookCreate)
                  0001a28c    0000002c     stk.aem4f : nimu.oem4f (.text:NIMUAllocateIndex)
                  0001a2b8    0000002c               : nimu.oem4f (.text:NIMUPacketServiceCheck)
                  0001a2e4    0000002c               : pipe.oem4f (.text:PipeClose)
                  0001a310    0000002c               : sockpcb.oem4f (.text:SockPcbAttach)
                  0001a33c    0000002c     usblib.lib : usbdesc.obj (.text:USBDescGet)
                  0001a368    0000002c                : usbdesc.obj (.text:USBDescGetAlternateInterface)
                  0001a394    0000002c     stk.aem4f : lli.oem4f (.text:_LLIExpListRemove)
                  0001a3c0    0000002c               : lli.oem4f (.text:_LLITimeoutFlush)
                  0001a3ec    0000002c               : rtable.oem4f (.text:_RtExpListRemove)
                  0001a418    0000002c     ti.mw.fatfs.aem4f : diskio.oem4f (.text:disk_register)
                  0001a444    0000002c     TM4C_Receiver_pem4f.oem4f (.text:ti_sysbios_gates_GateMutex_construct)
                  0001a470    0000002c     TM4C_Receiver_pem4f.oem4f (.text:ti_sysbios_knl_Clock_doTick__I)
                  0001a49c    0000002c     TM4C_Receiver_pem4f.oem4f (.text:ti_sysbios_knl_Queue_construct)
                  0001a4c8    0000002c     sysbios.aem4f : BIOS.obj (.text:ti_sysbios_knl_Task_restore__E)
                  0001a4f4    0000002c     driverlib.lib : udma.obj (.text:uDMAChannelAssign)
                  0001a520    0000002c     usblib.lib : usbdma.obj (.text:uDMAUSBIntStatus)
                  0001a54c    0000002c     ti.targets.arm.rtsarm.aem4f : Text.oem4f (.text:xdc_runtime_Text_cordText__E)
                  0001a578    0000002a     driverlib.lib : gpio.obj (.text:GPIODirModeSet)
                  0001a5a2    0000002a     usblib.lib : usbbuffer.obj (.text:HandleRequestBuffer)
                  0001a5cc    0000002a     stk.aem4f : pbm.oem4f (.text:PBMQ_deq)
                  0001a5f6    0000002a     netctrl_min_ipv4.aem4f : netsrv.oem4f (.text:ServiceCallback)
                  0001a620    0000002a     usblib.lib : usbdcdesc.obj (.text:USBDCDConfigDescGetNum)
                  0001a64a    0000002a     drivers_wifi_tivaware.aem4f : WiFiCC3100.oem4f (.text:WiFiCC3100_close)
                  0001a674    0000002a     nettool_ipv4.aem4f : config.oem4f (.text:_CfgRelease)
                  0001a69e    0000002a     ti.targets.arm.rtsarm.aem4f : System.oem4f (.text:xdc_runtime_System_putchar__I)
                  0001a6c8    00000028     stk.aem4f : bind.oem4f (.text:BindFindByNet)
                  0001a6f0    00000028               : lli.oem4f (.text:LLIFree)
                  0001a718    00000028     netctrl_min_ipv4.aem4f : netctrl.oem4f (.text:NC_SystemClose)
                  0001a740    00000028     stk.aem4f : nimu.oem4f (.text:NIMUCreatePacket)
                  0001a768    00000028               : nimu.oem4f (.text:NIMUPacketService)
                  0001a790    00000028               : tcpin.oem4f (.text:TcpEnterTimeWait)
                  0001a7b8    00000028               : timer.oem4f (.text:TimerListRemove)
                  0001a7e0    00000028     usblib.lib : usbbuffer.obj (.text:USBBufferRead)
                  0001a808    00000028                : usbdenum.obj (.text:USBDSetAddress)
                  0001a830    00000028                : usbdesc.obj (.text:USBDescGetNum)
                  0001a858    00000028     driverlib.lib : usb.obj (.text:USBHostEndpointStatusClear)
                  0001a880    00000028                   : usb.obj (.text:USBIntEnableControl)
                  0001a8a8    00000028     drivers_tivaware.aem4f : USBMSCHFatFsTiva.oem4f (.text:USBMSCHFatFsTiva_cbMSCHandler)
                  0001a8d0    00000028                            : USBMSCHFatFsTiva.oem4f (.text:USBMSCHFatFsTiva_serviceUSBHost)
                  0001a8f8    00000028     stk.aem4f : vlan.oem4f (.text:VLANFindSourceInterface)
                  0001a920    00000028               : vlan.oem4f (.text:VLANInit)
                  0001a948    00000028     nettool_ipv4.aem4f : dhcpsock.oem4f (.text:dhcpPacketReceive)
                  0001a970    00000028     ti.mw.fatfs.aem4f : diskio.oem4f (.text:disk_unregister)
                  0001a998    00000028     drivers_tivaware.aem4f : EMACSnow.oem4f (.text:signalLinkChange)
[...]
000201c8  ti_sysbios_utils_Load_windowInMs__C                                  
000201cc  ti_uia_loggers_LoggerStopMode_Module__diagsEnabled__C                
000201d0  ti_uia_loggers_LoggerStopMode_Module__diagsIncluded__C               
000201d4  ti_uia_loggers_LoggerStopMode_Module__diagsMask__C                   
000201d8  ti_uia_loggers_LoggerStopMode_Object__count__C                       
000201dc  ti_uia_runtime_ILoggerSnapshot_Interface__BASE__C                    
000201e0  ti_uia_runtime_IUIATransfer_Interface__BASE__C                       
000201e4  xdc_runtime_Assert_E_assertFailed__C                                 
000201e8  xdc_runtime_Core_A_initializedParams__C                              
000201ec  xdc_runtime_Core_Module__diagsEnabled__C                             
000201f0  xdc_runtime_Core_Module__diagsIncluded__C                            
000201f4  xdc_runtime_Core_Module__diagsMask__C                                
000201f8  xdc_runtime_Error_E_memory__C                                        
000201fc  xdc_runtime_Error_Module__diagsEnabled__C                            
00020200  xdc_runtime_Error_Module__diagsIncluded__C                           
00020204  xdc_runtime_Error_Module__diagsMask__C                               
00020208  xdc_runtime_Error_Module__loggerFxn8__C                              
0002020c  xdc_runtime_Error_Module__loggerObj__C                               
00020210  xdc_runtime_Error_policyFxn__C                                       
00020214  xdc_runtime_Error_raiseHook__C                                       
00020218  xdc_runtime_IFilterLogger_Interface__BASE__C                         
0002021c  xdc_runtime_IGateProvider_Interface__BASE__C                         
00020220  xdc_runtime_IHeap_Interface__BASE__C                                 
00020224  xdc_runtime_ILogger_Interface__BASE__C                               
00020228  xdc_runtime_IModule_Interface__BASE__C                               
0002022c  xdc_runtime_Log_L_error__C                                           
00020230  xdc_runtime_Memory_defaultHeapInstance__C                            
00020234  xdc_runtime_Startup_execImpl__C                                      
00020238  xdc_runtime_Startup_lastFxns__A                                      
0002023c  xdc_runtime_Startup_maxPasses__C                                     
00020240  xdc_runtime_Startup_sfxnRts__C                                       
00020244  xdc_runtime_Startup_sfxnTab__C                                       
00020248  xdc_runtime_SysMin_bufSize__C                                        
0002024c  xdc_runtime_SysMin_outputFunc__C                                     
00020250  xdc_runtime_System_Module__gateObj__C                                
00020254  xdc_runtime_System_abortFxn__C                                       
00020258  xdc_runtime_System_exitFxn__C                                        
0002025c  xdc_runtime_System_extendFxn__C                                      
00020260  xdc_runtime_System_maxAtexitHandlers__C                              
00020264  xdc_runtime_Text_charTab__C                                          
00020268  xdc_runtime_Text_nameEmpty__C                                        
0002026c  xdc_runtime_Text_nameStatic__C                                       
00020270  xdc_runtime_Text_nameUnknown__C                                      
00020274  xdc_runtime_Text_nodeTab__C                                          
00020278  xdc_runtime_Text_visitRopeFxn__C                                     
0002027c  ti_sysbios_heaps_HeapMem_Module__id__C                               
0002027e  ti_sysbios_knl_Clock_Module__id__C                                   
00020280  ti_sysbios_knl_Clock_Module__loggerDefined__C                        
00020282  ti_sysbios_knl_Mailbox_Module__id__C                                 
00020284  ti_sysbios_knl_Semaphore_Module__id__C                               
00020286  ti_sysbios_knl_Semaphore_Module__loggerDefined__C                    
00020288  ti_sysbios_knl_Swi_Module__id__C                                     
0002028a  ti_sysbios_knl_Swi_Module__loggerDefined__C                          
0002028c  ti_sysbios_knl_Task_Module__id__C                                    
0002028e  ti_sysbios_knl_Task_Module__loggerDefined__C                         
00020290  ti_sysbios_utils_Load_Module__id__C                                  
00020292  ti_sysbios_utils_Load_Module__loggerDefined__C                       
00020294  ti_sysbios_utils_Load_updateInIdle__C                                
00020296  ti_uia_loggers_LoggerStopMode_Module__id__C                          
00020298  ti_uia_loggers_LoggerStopMode_isTimestampEnabled__C                  
0002029a  xdc_runtime_Core_Module__id__C                                       
0002029c  xdc_runtime_Error_Module__loggerDefined__C                           
0002029e  xdc_runtime_Error_maxDepth__C                                        
000202a0  xdc_runtime_Memory_Module__id__C                                     
000202a2  xdc_runtime_SysMin_flushAtExit__C                                    
000202a4  xdc_runtime_Text_charCnt__C                                          
000202a6  xdc_runtime_Text_isLoaded__C                                         
000202a8  xdc_runtime_Text_registryModsLastId__C                               
000202aa  xdc_runtime_Text_unnamedModsLastId__C                                
000202b0  __TI_static_base__                                                   
00020800  __TI_Handler_Table_Base                                              
0002080c  __TI_Handler_Table_Limit                                             
00020820  __TI_CINIT_Base                                                      
00020838  __TI_CINIT_Limit                                                     
20000000  ti_sysbios_family_arm_m3_Hwi_ramVectors                              
20000400  ti_sysbios_heaps_HeapMem_Instance_State_0_buf__A                     
20005400  ti_ndk_config_Global_pit                                             
200054a8  ti_ndk_config_Global_pitBuffer                                       
20009ca8  g_psDCDInst                                                          
20009d00  ti_ndk_config_Global_pBufMem                                         
2000d900  ti_ndk_config_Global_pHdrMem                                         
2000dbf8  ti_sysbios_knl_Task_Instance_State_0_stack__A                        
2000e3f8  ti_sysbios_knl_Task_Instance_State_1_stack__A                        
2000ebf8  ti_sysbios_knl_Task_Instance_State_2_stack__A                        
2000f1f8  ti_sysbios_knl_Task_Instance_State_3_stack__A                        
2000fbc4  sdspiTivaObjects                                                     
20010044  wiFiCC3100Objects                                                    
20010074  PBMQ_free                                                            
20010080  ti_uia_loggers_LoggerStopMode_Instance_State_1_packetArray__A        
20010480  ti_uia_loggers_LoggerStopMode_Instance_State_2_packetArray__A        
20010880  xdc_runtime_SysMin_Module_State_0_outbuf__A                          
20010c80  usbmschfatfstivaObjects                                              
20011018  ti_sysbios_family_arm_m3_Hwi_dispatchTable                           
20011378  ips                                                                  
200113e0  uartTivaRingBuffer                                                   
20011600  ti_uia_loggers_LoggerStopMode_Instance_State_0_packetArray__A        
20011800  __CIOBUF_                                                            
20011d30  i2cTivaObjects                                                       
20011e30  uartTivaObjects                                                      
20011efc  tcps                                                                 
20012104  spiTivaDMAObjects                                                    
2001234c  nimu_mcb                                                             
200123b0  ti_sysbios_knl_Mailbox_Instance_State_0_allocBuf__A                  
20012400  _ICMPIn                                                              
2001244c  _ICMPOut                                                             
20012518  vlan_mcb                                                             
20012580  ti_uia_loggers_LoggerStopMode_Instance_State_0_hdr__A                
200125b0  udps                                                                 
200125d4  watchdogTivaObjects                                                  
200125f4  tpseudo                                                              
20012600  ti_uia_loggers_LoggerStopMode_Instance_State_1_hdr__A                
20012668  g_pfnTickHandlers                                                    
20012680  ti_uia_loggers_LoggerStopMode_Instance_State_2_hdr__A                
200126b0  BlockCount                                                           
200126cc  BlockMax                                                             
200126e8  PageCount                                                            
20012704  PageMax                                                              
20012750  g_pvTickInstance                                                     
20012768  stkEvent                                                             
20012780  gPhyInfo                                                             
200127c8  raweths                                                              
200127d8  raws                                                                 
200127f8  upseudo                                                              
20012804  emacObjects                                                          
20012814  pwmTivaObjects                                                       
20012820  spiTivaDMAscratchBuf                                                 
2001283c  SimpleLinkSpawnTaskHndl                                              
2001284c  _IGMPInDiscard                                                       
20012850  _IGMPInQuery                                                         
20012854  _IGMPInQueryGroup                                                    
20012858  _IGMPInResponse                                                      
2001285c  _IGMPOutResponse                                                     
20012864  g_ppsDevInfo                                                         
20012870  g_ui32PollRate                                                       
2001287c  g_ulStatus                                                           
20012890  raweth_pcb                                                           
20012894  simpleLink_mailbox                                                   
20012898  ti_sysbios_knl_Task_Instance_State_0_hookEnv__A                      
2001289c  ti_sysbios_knl_Task_Instance_State_1_hookEnv__A                      
200128a0  ti_sysbios_knl_Task_Instance_State_2_hookEnv__A                      
200128a4  ti_sysbios_knl_Task_Instance_State_3_hookEnv__A                      
200128aa  g_eOTGModeState                                                      
200128ab  gdo0_wait_for_assert                                                 
200128ac  ti_sysbios_knl_Task_Object__table__V                                 
200129dc  _ipcfg                                                               
20012a90  ti_uia_loggers_LoggerStopMode_Object__table__V                       
20012b2c  ti_sysbios_utils_Load_Module__state__V                               
20012bc4  ti_sysbios_family_arm_lm4_Timer_Object__table__V                     
20012c44  ti_sysbios_knl_Swi_Module_State_0_readyQ__A                          
20012cc4  ti_sysbios_knl_Task_Module_State_0_readyQ__A                         
20012da4  ti_sysbios_knl_Swi_Object__table__V                                  
20012e54  ti_sysbios_knl_Mailbox_Object__table__V                              
20012ef2  ti_sysbios_family_arm_m3_Hwi_Module_State_0_excActive__A             
20012ef4  ti_sysbios_knl_Task_Module__state__V                                 
20012fb8  ti_sysbios_family_arm_lm4_Timer_Module_State_0_device__A             
20012ff8  g_pui8CDCSerDeviceDescriptor                                         
2001300a  g_pui8CDCSerDescriptor                                               
20013013  g_pui8IADSerDescriptor                                               
2001301c  g_psCDCSerSections                                                   
20013028  g_psCDCCompSerSections                                               
20013038  rxBuffer                                                             
20013070  ti_sysbios_gates_GateMutex_Object__table__V                          
200130a8  txBuffer                                                             
20013114  ti_sysbios_family_arm_m3_Hwi_Module__state__V                        
20013148  enablePrefetch                                                       
2001314c  phyCounter                                                           
2001317a  xdc_runtime_Error_Module__state__V                                   
200131ac  ti_sysbios_family_arm_m3_Hwi_Object__table__V                        
200131dc  ti_sysbios_knl_Clock_Module__state__V                                
20013234  pstrMsgName                                                          
2001325c  _oscfg                                                               
20013280  PITCount                                                             
20013284  PITUsed                                                              
20013288  PITHigh                                                              
200132a4  ti_sysbios_BIOS_Module__state__V                                     
200132c8  ti_sysbios_family_arm_lm4_Timer_Module_State_0_handles__A            
200132e8  ti_sysbios_knl_Clock_Object__table__V                                
20013308  xdc_runtime_System_Module_State_0_atexitHandlers__A                  
20013344  ti_ndk_config_Global_Id2Size                                         
20013360  ti_sysbios_knl_Swi_Module__state__V                                  
200133c8  gpioPinConfigs                                                       
20013410  ti_sysbios_heaps_HeapMem_Object__table__V                            
20013464  ti_sysbios_knl_Semaphore_Object__table__V                            
20013478  gpioCallbackFunctions                                                
20013490  _IGMPForceVersion1                                                   
20013498  __TI_cleanup_ptr                                                     
2001349c  __TI_dtors_ptr                                                       
200134a0  __TI_enable_exit_profile_output                                      
200134b0  gSpi                                                                 
200134bc  ti_sysbios_family_arm_lm4_Timer_Module__state__V                     
200134c8  ti_sysbios_knl_Task_Module__root__V                                  
200134d4  ti_uia_runtime_QueueDescriptor_Module__state__V                      
200134e0  g_bUSBTimerInitialized                                               
200134e4  g_ui32CurrentUSBTick                                                 
200134e8  g_ui32USBSOFCount                                                    
200134ec  xdc_runtime_SysMin_Module__state__V                                  
20013504  g_iUSBMode                                                           
20013508  g_ui32WaitTicks                                                      
20013510  _lock                                                                
20013514  _unlock                                                              
20013518  NIMUDeviceTable                                                      
20013520  ti_ndk_config_Global_HostName                                        
20013524  __xdc__init__addr                                                    
20013538  _ICMPInErrors                                                        
2001353c  _ICMPOutErrors                                                       
20013540  _IPExecuting                                                         
20013558  tcp_iss                                                              
2001355c  ptTimeFirst                                                          
20013568  ti_uia_runtime_QueueDescriptor_gPtrToFirstDescriptor                 
2001356c  ti_uia_runtime_QueueDescriptor_gUpdateCount                          
20013570  ti_sysbios_family_arm_lm4_TimestampProvider_Module__state__V         
20013578  ti_sysbios_family_arm_m3_Hwi_Module__root__V                         
20013580  ti_sysbios_gates_GateHwi_Module__root__V                             
20013588  ti_sysbios_gates_GateMutex_Module__root__V                           
20013590  ti_sysbios_hal_Hwi_Module__root__V                                   
20013598  ti_sysbios_heaps_HeapMem_Module__root__V                             
200135a0  ti_sysbios_knl_Clock_Module__root__V                                 
200135a8  ti_sysbios_knl_Mailbox_Module__root__V                               
200135b0  ti_sysbios_knl_Queue_Module__root__V                                 
200135b8  ti_sysbios_knl_Semaphore_Module__root__V                             
200135c0  ti_sysbios_knl_Swi_Module__root__V                                   
200135c8  ti_uia_loggers_LoggerStopMode_Module__root__V                        
200135d8  xdc_runtime_Registry_Module__state__V                                
200135e0  xdc_runtime_Startup_Module__state__V                                 
200135e8  xdc_runtime_System_Module__state__V                                  
200135f7  macAddress                                                           
20013640  main_func_sp                                                         
20013648  _IPReasmPtr                                                          
20013658  ti_sysbios_family_arm_m3_Hwi_Module_State_0_excContext__A            
2001365c  ti_sysbios_family_arm_m3_Hwi_Module_State_0_excStack__A              
20013660  ti_sysbios_gates_GateHwi_Object__table__V                            
20013664  ti_sysbios_knl_Task_Module_State_0_idleTask__A                       
20013668  ti_sysbios_utils_Load_Module_State_0_runningTask__A                  
2001366c  ti_sysbios_utils_Load_Module_State_0_taskStartTime__A                
20013670  xdc_runtime_Memory_Module__state__V                                  
20013674  __stack                                                              
20013e74  __STACK_END                                                          
e000e000  ti_sysbios_family_arm_m3_Hwi_nvic                                    
ffffffff  __TI_pprof_out_hndl                                                  
ffffffff  __TI_prof_data_size                                                  
ffffffff  __TI_prof_data_start                                                 
ffffffff  __binit__                                                            
ffffffff  __c_args__                                                           
ffffffff  binit                                                                
UNDEFED   SHT$$INIT_ARRAY$$Base                                                
UNDEFED   SHT$$INIT_ARRAY$$Limit                                               

[1691 symbols]
