******************************************************************************
                  TI ARM Linker PC v16.12.0                    
******************************************************************************
>> Linked Tue Jan  8 11:15:04 2019

OUTPUT FILE NAME:   <Receiver.out>
ENTRY POINT SYMBOL: "_c_int00"  address: 00015f0d


MEMORY CONFIGURATION

         name            origin    length      used     unused   attr    fill
----------------------  --------  ---------  --------  --------  ----  --------
  FLASH                 00000000   00100000  00020830  000df7d0  R  X
  SRAM                  20000000   00040000  00013dfc  0002c204  RW X


SEGMENT ALLOCATION MAP

run origin  load origin   length   init length attrs members
----------  ----------- ---------- ----------- ----- -------
00000000    00000000    00020838   00020838    r-x
  00000000    00000000    0000003c   0000003c    r-- .resetVecs
  00000040    00000040    0001ce32   0001ce32    r-x .text
  0001ce74    0001ce74    0000343a   0000343a    r-- .const
  000202b0    000202b0    00000588   00000588    r-- .cinit
20000000    20000000    00000360   00000000    rw-
  20000000    20000000    00000360   00000000    rw- .vecs
20000400    20000400    00013a9c   00000000    rw-
  20000400    20000400    000124d4   00000000    rw- .bss
  200128d4    200128d4    00000dc8   00000000    rw- .data
  2001369c    2001369c    00000800   00000000    rw- .stack


SECTION ALLOCATION MAP

 output                                  attributes/
section   page    origin      length       input sections
--------  ----  ----------  ----------   ----------------
.text      0    00000040    0001ce32     
                  00000040    00000c68     stk.aem4f : tcpin.oem4f (.text:TcpInput)
                  00000ca8    000008b8               : tcpout.oem4f (.text:TcpOutput)
                  00001560    00000670     EK_TM4C1294XL.obj (.text)
                  00001bd0    000004e0     USBCDCD.obj (.text)
                  000020b0    0000046c     CC1101.obj (.text)
                  0000251c    00000004     stk.aem4f : bind.oem4f (.text:BindGetIF)
                  00002520    00000430     sysbios.aem4f : BIOS.obj (.text:ti_sysbios_family_arm_m3_Hwi_excDumpRegs__I)
                  00002950    00000408     stk.aem4f : ipout.oem4f (.text:IPTxPacket)
                  00002d58    000003f4     usblib.lib : usbhostenum.obj (.text:USBHostIntHandlerInternal)
                  0000314c    000003d0     TM4C_Receiver.obj (.text)
                  0000351c    00000384     stk.aem4f : ipin.oem4f (.text:IPRxPacket)
                  000038a0    0000034c     ti.targets.arm.rtsarm.aem4f : System.oem4f (.text:xdc_runtime_System_doPrint__I)
                  00003bec    00000324     ti.mw.fatfs.aem4f : ff.oem4f (.text:find_volume)
                  00003f10    00000324     rtsv7M4_T_le_v4SPD16_eabi.lib : trgdrv.obj (.text)
                  00004234    00000004     stk.aem4f : bind.oem4f (.text:BindGetNext)
                  00004238    00000314     sysbios.aem4f : BIOS.obj (.text:ti_sysbios_knl_Semaphore_pend__E)
                  0000454c    00000004     usblib.lib : usbdma.obj (.text:DMAUSBStatus)
                  00004550    000002c0     sysbios.aem4f : BIOS.obj (.text:ti_sysbios_knl_Task_Instance_finalize__E)
                  00004810    00000284     stk.aem4f : sock.oem4f (.text:SockSet)
                  00004a94    00000004     driverlib.lib : i2c.obj (.text:I2CMasterControl)
                  00004a98    00000258     sysbios.aem4f : BIOS.obj (.text:ti_sysbios_heaps_HeapMem_free__E)
                  00004cf0    0000024c     stk.aem4f : ipfrag.oem4f (.text:IPReasm)
                  00004f3c    00000004     driverlib.lib : i2c.obj (.text:I2CMasterDataGet)
                  00004f40    00000248     sysbios.aem4f : BIOS.obj (.text:ti_sysbios_heaps_HeapMem_alloc__E)
                  00005188    0000023c     stk.aem4f : icmpin.oem4f (.text:ICMPInput)
                  000053c4    00000238               : udp.oem4f (.text:UdpInput)
                  000055fc    0000020c     drivers_tivaware.aem4f : UARTTiva.oem4f (.text:UARTTiva_open)
                  00005808    00000204     Boot.aem4f : Boot_sysctl.oem4f (.text:ti_catalog_arm_cortexm4_tiva_ce_Boot_sysCtlClockFreqSetI__I)
                  00005a0c    00000004     driverlib.lib : i2c.obj (.text:I2CMasterDataPut)
                  00005a10    00000200     sysbios.aem4f : BIOS.obj (.text:ti_sysbios_knl_Task_sleep__E)
                  00005c10    000001fc                   : BIOS.obj (.text:ti_sysbios_family_arm_m3_Hwi_excHandlerMax__I)
                  00005e0c    000001f4     drivers_tivaware.aem4f : SDSPITiva.oem4f (.text:SDSPITiva_diskInitialize)
                  00006000    000001f4     stk.aem4f : sock.oem4f (.text:SockRecv)
                  000061f4    00000004     os.aem4f : ossys.oem4f (.text:NDK_vsprintf)
                  000061f8    000001f4     sysbios.aem4f : BIOS.obj (.text:ti_sysbios_knl_Task_Instance_init__E)
                  000063ec    000001b8     drivers_tivaware.aem4f : EMACSnow.oem4f (.text:EMACSnow_NIMUInit)
                  000065a4    000001b0     stk.aem4f : lliout.oem4f (.text:LLITxIpPacket)
                  00006754    000001b0     drivers_tivaware.aem4f : USBMSCHFatFsTiva.oem4f (.text:USBMSCHFatFsTiva_open)
                  00006904    000001ac     stk.aem4f : lliin.oem4f (.text:LLIRxPacket)
                  00006ab0    0000019c     usblib.lib : usbhostenum.obj (.text:USBHCDPipeAllocSize)
                  00006c4c    0000019c     os.aem4f : mem.oem4f (.text:mmAlloc)
                  00006de8    00000198     stk.aem4f : igmp.oem4f (.text:IGMPInput)
                  00006f80    00000190     usblib.lib : usbhostenum.obj (.text:ProcessUSBDeviceStateMachine)
                  00007110    00000190     stk.aem4f : sock.oem4f (.text:SockNew)
                  000072a0    00000188     sysbios.aem4f : BIOS.obj (.text:ti_sysbios_knl_Task_setPri__E)
                  00007428    0000017c                   : BIOS.obj (.text:ti_sysbios_family_arm_lm4_TimestampProvider_get64__E)
                  000075a4    00000178     usblib.lib : usbhhub.obj (.text:USBHHubMain)
                  0000771c    00000174     netctrl_min_ipv4.aem4f : netctrl.oem4f (.text:NC_NetStart)
                  00007890    00000174     sysbios.aem4f : BIOS.obj (.text:ti_sysbios_family_arm_m3_Hwi_excBusFault__I)
                  00007a04    00000170     drivers_tivaware.aem4f : PWMTiva.oem4f (.text:PWMTiva_open)
                  00007b74    00000170     stk.aem4f : rtc.oem4f (.text:RTCReport)
                  00007ce4    00000170     usblib.lib : usbdma.obj (.text:USBLibDMAInit)
                  00007e54    0000016c                : usbhostenum.obj (.text:USBHCDInitInternal)
                  00007fc0    0000016a     stk.aem4f : sb.oem4f (.text:SBRead)
                  0000812a    00000006     driverlib.lib : emac.obj (.text:EMACRxDMADescriptorListSet)
                  00008130    00000168     sysbios.aem4f : BIOS.obj (.text:ti_sysbios_family_arm_lm4_Timer_start__E)
                  00008298    00000164     spi_helper.obj (.text)
                  000083fc    00000004     stk.aem4f : node.oem4f (.text:NodeSetRt)
                  00008400    00000164     sysbios.aem4f : BIOS.obj (.text:ti_sysbios_family_arm_m3_Hwi_excUsageFault__I)
                  00008564    00000160     stk.aem4f : sock.oem4f (.text:SockConnect)
                  000086c4    00000158     nettool_ipv4.aem4f : dhcpmain.oem4f (.text:DHCPOpen)
                  0000881c    00000004     stk.aem4f : rawethsock_prot.oem4f (.text:RawEthSockPrAttach)
                  00008820    00000158     sysbios.aem4f : BIOS.obj (.text:ti_sysbios_knl_Mailbox_Instance_init__E)
                  00008978    00000150     drivers_tivaware.aem4f : GPIOTiva.oem4f (.text:GPIO_setConfig)
                  00008ac8    00000150     usblib.lib : usbdenum.obj (.text:USBDEP0StateTxConfig)
                  00008c18    00000150                : usbdenum.obj (.text:USBDeviceIntHandlerInternal)
                  00008d68    00000150                : usbhostenum.obj (.text:USBHCDPipeRead)
                  00008eb8    00000148                : usbdenum.obj (.text:USBDCDInit)
                  00009000    00000148     sysbios.aem4f : BIOS.obj (.text:ti_sysbios_family_arm_m3_Hwi_excMemFault__I)
                  00009148    00000144     stk.aem4f : bind.oem4f (.text:BindNew)
                  0000928c    00000140               : tcp.oem4f (.text:TcpTimeoutCheck)
                  000093cc    00000140     usblib.lib : usbdconfig.obj (.text:USBDeviceConfig)
                  0000950c    00000004     stk.aem4f : rawethsock_prot.oem4f (.text:RawEthSockPrDetach)
                  00009510    00000140     sysbios.aem4f : BIOS.obj (.text:ti_sysbios_knl_Semaphore_post__E)
                  00009650    0000013c     nettool_ipv4.aem4f : config.oem4f (.text:CfgAddEntry)
                  0000978c    0000013c     stk.aem4f : sockint.oem4f (.text:SockNotify)
                  000098c8    0000013c               : sock.oem4f (.text:SockSend)
                  00009a04    00000004     driverlib.lib : ssi.obj (.text:SSIIntClear)
                  00009a08    0000013c     sysbios.aem4f : BIOS.obj (.text:ti_sysbios_heaps_HeapMem_Instance_init__E)
                  00009b44    00000004     os.aem4f : semaphore.oem4f (.text:SemPend)
                  00009b48    0000013c     sysbios.aem4f : BIOS.obj (.text:ti_sysbios_knl_Clock_workFunc__E)
                  00009c84    00000004     os.aem4f : semaphore.oem4f (.text:SemPost)
                  00009c88    00000138     sysbios.aem4f : BIOS.obj (.text:ti_sysbios_family_arm_m3_Hwi_dispatchC__I)
                  00009dc0    00000138     TM4C_Receiver_pem4f.oem4f (.text:ti_uia_loggers_LoggerStopMode_writeMemoryRange__E)
                  00009ef8    00000134     stk.aem4f : icmp.oem4f (.text:ICMPGenPacket)
                  0000a02c    00000130     driverlib.lib : gpio.obj (.text:GPIOPadConfigSet)
                  0000a15c    00000128     usblib.lib : usbhostenum.obj (.text:USBHCDPipeWrite)
                  0000a284    00000124     stk.aem4f : sockpcb.oem4f (.text:SockPcbResolve)
                  0000a3a8    00000124               : udp.oem4f (.text:UdpOutput)
                  0000a4cc    00000120     TM4C_Receiver_pem4f.oem4f (.text:ti_ndk_config_Global_stackThread)
                  0000a5ec    00000004     os.aem4f : semaphore.oem4f (.text:SemReset)
                  0000a5f0    0000011c     sysbios.aem4f : BIOS.obj (.text:ti_sysbios_knl_Clock_Instance_init__E)
                  0000a70c    00000004     os.aem4f : task.oem4f (.text:TaskSelf)
                  0000a710    0000011c     sysbios.aem4f : BIOS.obj (.text:ti_sysbios_knl_Swi_run__I)
                  0000a82c    00000118     stk.aem4f : tcpout.oem4f (.text:TcpGenPacket)
                  0000a944    00000118     ti.targets.arm.rtsarm.aem4f : Error.oem4f (.text:xdc_runtime_Error_policyDefault__E)
                  0000aa5c    00000114     stk.aem4f : nimu.oem4f (.text:NIMUIoctl)
                  0000ab70    00000110               : node.oem4f (.text:NodeTreeFree)
                  0000ac80    00000110               : raw.oem4f (.text:RawInput)
                  0000ad90    00000110     sysbios.aem4f : BIOS.obj (.text:ti_sysbios_knl_Task_schedule__I)
                  0000aea0    0000010c     stk.aem4f : rtable.oem4f (.text:RtFind)
                  0000afac    0000010c     driverlib.lib : sysctl.obj (.text:SysCtlClockGet)
                  0000b0b8    0000010c     TM4C_Receiver_pem4f.oem4f (.text:ti_uia_loggers_LoggerStopMode_write8__E)
                  0000b1c4    0000010a     stk.aem4f : route.oem4f (.text:RtCreate)
                  0000b2ce    00000002     hal_userled_stub.aem4f : llled.oem4f (.text:LED_TOGGLE)
                  0000b2d0    00000108     drivers_tivaware.aem4f : EMACSnow.oem4f (.text:EMACSnow_emacStart)
                  0000b3d8    00000108                            : SDSPITiva.oem4f (.text:SDSPITiva_open)
                  0000b4e0    00000108     sysbios.aem4f : BIOS.obj (.text:ti_sysbios_knl_Task_exit__E)
                  0000b5e8    00000104     os.aem4f : task.oem4f (.text:llEnter)
                  0000b6ec    00000102     nettool_ipv4.aem4f : dhcppkt.oem4f (.text:dhcpPacketProcess)
                  0000b7ee    00000102                        : inetaddr.oem4f (.text:inet_aton)
                  0000b8f0    00000100     stk.aem4f : igmp.oem4f (.text:IGMPSendReply)
                  0000b9f0    00000100     usblib.lib : usbhostenum.obj (.text:USBHCDEnumHandler)
                  0000baf0    00000100     ti.targets.arm.rtsarm.aem4f : Core-mem.oem4f (.text:xdc_runtime_Core_createObject__I)
                  0000bbf0    000000fc     netctrl_min_ipv4.aem4f : netctrl.oem4f (.text:NetScheduler)
                  0000bcec    000000fc     usblib.lib : usbhmsc.obj (.text:USBHMSCDriveReady)
                  0000bde8    000000fc     sysbios.aem4f : BIOS.obj (.text:ti_sysbios_knl_Task_postInit__I)
                  0000bee4    00000004     os.aem4f : task.oem4f (.text:TaskSetPri)
                  0000bee8    000000fc     sysbios.aem4f : BIOS.obj (.text:ti_sysbios_knl_Task_startCore__E)
                  0000bfe4    000000f8     stk.aem4f : pipe.oem4f (.text:PipeRecv)
                  0000c0dc    000000f8     ti.targets.arm.rtsarm.aem4f : Startup.oem4f (.text:xdc_runtime_Startup_startMods__I)
                  0000c1d4    000000f8     TM4C_Receiver_pem4f.oem4f (.text:xdc_runtime_System_printfExtend__I)
                  0000c2cc    000000f4     drivers_tivaware.aem4f : SDSPITiva.oem4f (.text:SDSPITiva_diskIOctrl)
                  0000c3c0    000000f4     os.aem4f : task.oem4f (.text:TaskGetEnv)
                  0000c4b4    000000f4     usblib.lib : usbhostenum.obj (.text:USBHCDInit)
                  0000c5a8    000000f4     sysbios.aem4f : m3_Hwi_asm.obj (.text:ti_sysbios_family_arm_m3_Hwi_dispatch__I)
                  0000c69c    000000f4     TM4C_Receiver_pem4f.oem4f (.text:ti_uia_loggers_LoggerStopMode_write4__E)
                  0000c790    000000f0     stk.aem4f : lliout.oem4f (.text:LLIGenArpPacket)
                  0000c880    000000f0     drivers_tivaware.aem4f : PWMTiva.oem4f (.text:PWMTiva_setDuty)
                  0000c970    000000f0     stk.aem4f : sock.oem4f (.text:SockClose)
                  0000ca60    000000f0     usblib.lib : usbhostenum.obj (.text:USBHCDControlTransfer)
                  0000cb50    000000f0                : usbhostenum.obj (.text:USBHCDPipeFree)
                  0000cc40    000000ea                : usbdma.obj (.text:iDMAUSBTransfer)
                  0000cd2a    00000002     stk.aem4f : nat.oem4f (.text:NatMsg)
                  0000cd2c    000000e8     drivers_tivaware.aem4f : SDSPITiva.oem4f (.text:SDSPITiva_diskWrite)
                  0000ce14    000000e8     os.aem4f : task.oem4f (.text:TaskSetEnv)
                  0000cefc    000000e8     TM4C_Receiver_pem4f.oem4f (.text:ti_uia_loggers_LoggerStopMode_write1__E)
                  0000cfe4    000000e8     TM4C_Receiver_pem4f.oem4f (.text:ti_uia_loggers_LoggerStopMode_write2__E)
                  0000d0cc    000000e4     usblib.lib : usbdenum.obj (.text:USBDGetDescriptor)
                  0000d1b0    000000e4     cc1190_helper.obj (.text)
                  0000d294    000000e0     drivers_tivaware.aem4f : I2CTiva.oem4f (.text:I2CTiva_open)
                  0000d374    000000e0     stk.aem4f : tcptime.oem4f (.text:TcpTimeoutRexmt)
                  0000d454    000000e0     usblib.lib : usbhostenum.obj (.text:USBHCDMain)
                  0000d534    000000dc     stk.aem4f : sb.oem4f (.text:SBWrite)
                  0000d610    000000dc     nettool_ipv4.aem4f : dhcpsock.oem4f (.text:dhcpSocketOpen)
                  0000d6ec    000000dc                        : dhcpsm.oem4f (.text:dhcpState)
                  0000d7c8    000000d8     stk.aem4f : node.oem4f (.text:NodeAdd)
                  0000d8a0    000000d8     drivers_tivaware.aem4f : SPITivaDMA.oem4f (.text:SPITivaDMA_open)
                  0000d978    000000d8     stk.aem4f : tcpprot.oem4f (.text:TcpPrSetOption)
                  0000da50    000000d8     usblib.lib : usbdenum.obj (.text:USBDeviceEnumHandler)
                  0000db28    000000d8                : usbhostenum.obj (.text:USBHCDPipeConfig)
                  0000dc00    000000d8     sysbios.aem4f : BIOS.obj (.text:ti_sysbios_family_arm_lm4_TimestampProvider_get32__E)
                  0000dcd8    000000d8     TM4C_Receiver_pem4f.oem4f (.text:ti_uia_loggers_LoggerStopMode_write0__E)
                  0000ddb0    000000d6     drivers_tivaware.aem4f : I2CTiva.oem4f (.text:I2CTiva_hwiFxn)
                  0000de86    00000002                            : SPITivaDMA.oem4f (.text:SPITivaDMA_serviceISR)
                  0000de88    000000d4                            : EMACSnow.oem4f (.text:EMACSnow_handleRx)
                  0000df5c    000000d4     usblib.lib : usbdcdc.obj (.text:HandleRequests)
                  0000e030    000000d4     stk.aem4f : sockpcb.oem4f (.text:SockPcbBind)
                  0000e104    00000004     driverlib.lib : uart.obj (.text:UARTIntClear)
                  0000e108    000000d4     sysbios.aem4f : BIOS.obj (.text:ti_sysbios_knl_Swi_Instance_init__E)
                  0000e1dc    000000d1     stk.aem4f : nimu.oem4f (.text:NIMUReceivePacket)
                  0000e2ad    00000001     --HOLE-- [fill = 0]
                  0000e2ae    00000002     drivers_tivaware.aem4f : WatchdogTiva.oem4f (.text:WatchdogTiva_close)
                  0000e2b0    000000d0     sysbios.aem4f : BIOS.obj (.text:ti_sysbios_family_arm_m3_Hwi_Module_startup__E)
                  0000e380    000000cc     stk.aem4f : icmp.oem4f (.text:ICMPSendRtAdv)
                  0000e44c    000000cc     nettool_ipv4.aem4f : dhcpbild.oem4f (.text:dhcpBuildHeader)
                  0000e518    000000cc                        : dhcpsm.oem4f (.text:dhcpIPAdd)
                  0000e5e4    000000cc                        : dhcppkt.oem4f (.text:dhcpVerifyMessage)
                  0000e6b0    000000cc     ti.targets.arm.rtsarm.aem4f : Core-smem.oem4f (.text:xdc_runtime_Core_constructObject__I)
                  0000e77c    000000c8     stk.aem4f : rawethsock.oem4f (.text:RawEthSockNew)
                  0000e844    000000c8     netctrl_min_ipv4.aem4f : netsrv.oem4f (.text:SPIpNet)
                  0000e90c    000000c6     drivers_tivaware.aem4f : SDSPITiva.oem4f (.text:send_cmd)
                  0000e9d2    00000002     os.aem4f : task.oem4f (.text:_TaskInit)
                  0000e9d4    000000c4     drivers_tivaware.aem4f : EMACSnow.oem4f (.text:EMACSnow_InitDMADescriptors)
                  0000ea98    000000c4     stk.aem4f : igmp.oem4f (.text:IGMPJoinHostGroup)
                  0000eb5c    000000c4     nettool_ipv4.aem4f : dhcpsm.oem4f (.text:StateBound)
                  0000ec20    000000c2     driverlib.lib : usb.obj (.text:USBHostEndpointConfig)
                  0000ece2    00000002     os.aem4f : task.oem4f (.text:_TaskShutdown)
                  0000ece4    000000c0     drivers_tivaware.aem4f : SDSPITiva.oem4f (.text:SDSPITiva_diskRead)
                  0000eda4    000000c0                            : SPITivaDMA.oem4f (.text:SPITivaDMA_configDMA)
                  0000ee64    000000c0     usblib.lib : usbdma.obj (.text:uDMAUSBChannelAllocate)
                  0000ef24    000000bc                : usbbuffer.obj (.text:HandleRxAvailable)
                  0000efe0    000000bc     stk.aem4f : sockpcb.oem4f (.text:SockPcbFind)
                  0000f09c    000000bc     usblib.lib : usbmode.obj (.text:USB0OTGModeIntHandler)
                  0000f158    000000bc     stk.aem4f : vlan.oem4f (.text:VLANDeinit)
                  0000f214    00000004     driverlib.lib : usb.obj (.text:USBDevAddrSet)
                  0000f218    000000bc     sysbios.aem4f : BIOS.obj (.text:ti_sysbios_family_arm_m3_Hwi_excDebugMon__I)
                  0000f2d4    00000004     drivers_tivaware.aem4f : USBMSCHFatFsTiva.oem4f (.text:USBMSCHFatFsTiva_control)
                  0000f2d8    000000bc     sysbios.aem4f : BIOS.obj (.text:ti_sysbios_family_arm_m3_Hwi_excHardFault__I)
                  0000f394    00000004     drivers_tivaware.aem4f : USBMSCHFatFsTiva.oem4f (.text:USBMSCHFatFsTiva_hwiHandler)
                  0000f398    000000bc     sysbios.aem4f : BIOS.obj (.text:ti_sysbios_utils_Load_updateLoads__E)
                  0000f454    000000ba     usblib.lib : usbdma.obj (.text:uDMAUSBTransfer)
                  0000f50e    000000b8     stk.aem4f : icmpin.oem4f (.text:ICMPRevSrcRoute)
                  0000f5c6    00000002     hal_ser_stub.aem4f : llserstb.oem4f (.text:_llSerialServiceCheck)
                  0000f5c8    000000b8     stk.aem4f : lli.oem4f (.text:_LLITimeoutCheck)
                  0000f680    000000b8     sysbios.aem4f : BIOS.obj (.text:ti_sysbios_knl_Task_unblockI__E)
                  0000f738    000000b4     stk.aem4f : tcptime.oem4f (.text:TcpTimeoutKeep)
                  0000f7ec    00000004     driverlib.lib : watchdog.obj (.text:WatchdogReloadSet)
                  0000f7f0    000000b4     sysbios.aem4f : BIOS.obj (.text:ti_sysbios_gates_GateMutex_enter__E)
                  0000f8a4    00000004     hal_ser_stub.aem4f : llserstb.oem4f (.text:_llSerialInit)
                  0000f8a8    000000b4     sysbios.aem4f : BIOS.obj (.text:ti_sysbios_knl_Task_checkStacks__E)
                  0000f95c    000000b0     stk.aem4f : rawethsock.oem4f (.text:RawEthSockSet)
                  0000fa0c    00000004     ti.mw.fatfs.aem4f : ffosal.oem4f (.text:ff_rel_grant)
                  0000fa10    000000b0     sysbios.aem4f : BIOS.obj (.text:ti_sysbios_utils_Load_idleFxn__E)
                  0000fac0    000000ac     stk.aem4f : rtable.oem4f (.text:RtTimeoutCheck)
                  0000fb6c    000000ac     drivers_tivaware.aem4f : UARTTiva.oem4f (.text:readTaskBlocking)
                  0000fc18    000000ac     sysbios.aem4f : BIOS.obj (.text:ti_sysbios_family_arm_lm4_Timer_enableTiva__I)
                  0000fcc4    00000004     stk.aem4f : listlib.oem4f (.text:list_get_head)
                  0000fcc8    000000ac     sysbios.aem4f : BIOS.obj (.text:ti_sysbios_knl_Swi_post__E)
                  0000fd74    000000a8     usblib.lib : usbdcdc.obj (.text:HandleDevice)
                  0000fe1c    000000a8     stk.aem4f : sockint.oem4f (.text:SockCreatePacket)
                  0000fec4    00000004               : listlib.oem4f (.text:list_get_next)
                  0000fec8    000000a8     sysbios.aem4f : BIOS.obj (.text:ti_sysbios_family_arm_lm4_Timer_enableTimers__I)
                  0000ff70    000000a8                   : BIOS.obj (.text:ti_sysbios_knl_Task_blockI__E)
                  00010018    000000a4     drivers_tivaware.aem4f : SPITivaDMA.oem4f (.text:SPITivaDMA_initHw)
                  000100bc    000000a4     usblib.lib : usbhmsc.obj (.text:USBHMSCOpen)
                  00010160    000000a4     gdox_helper.obj (.text)
                  00010204    00000004     TM4C_Receiver_pem4f.oem4f (.text:ti_sysbios_BIOS_RtsGateProxy_enter__E)
                  00010208    000000a4     sysbios.aem4f : BIOS.obj (.text:ti_sysbios_knl_Clock_Instance_finalize__E)
                  000102ac    000000a0     stk.aem4f : ip.oem4f (.text:IPGetRoute)
                  0001034c    000000a0     usblib.lib : usbdcdc.obj (.text:USBDCDCCompositeInit)
                  000103ec    000000a0     auto_init.aem4f : auto_init.oem4f (.text)
                  0001048c    000000a0     drivers_tivaware.aem4f : SDSPITiva.oem4f (.text:rcvr_datablock)
                  0001052c    000000a0     ti.targets.arm.rtsarm.aem4f : Text.oem4f (.text:xdc_runtime_Text_putMod__E)
                  000105cc    0000009e     stk.aem4f : nimu.oem4f (.text:NIMUAddEthernetHeader)
                  0001066a    0000009e     nettool_ipv4.aem4f : dhcpbild.oem4f (.text:dhcpBuildRequest)
                  00010708    0000009c     stk.aem4f : exec.oem4f (.text:ExecOpen)
                  000107a4    0000009c     usblib.lib : usbhostenum.obj (.text:USBHCDDeviceDisconnected)
                  00010840    0000009c     rtsv7M4_T_le_v4SPD16_eabi.lib : memcpy_t2.obj (.text)
                  000108dc    00000004     TM4C_Receiver_pem4f.oem4f (.text:ti_sysbios_BIOS_RtsGateProxy_leave__E)
                  000108e0    0000009c     sysbios.aem4f : BIOS.obj (.text:ti_sysbios_knl_Semaphore_Instance_init__E)
                  0001097c    0000009a     drivers_tivaware.aem4f : WatchdogTiva.oem4f (.text:WatchdogTiva_open)
                  00010a16    00000002     hal_ser_stub.aem4f : llserstb.oem4f (.text:_llSerialShutdown)
                  00010a18    0000009a     ti.targets.arm.rtsarm.aem4f : Text.oem4f (.text:xdc_runtime_Text_putSite__E)
                  00010ab2    0000009a     drivers_tivaware.aem4f : SDSPITiva.oem4f (.text:xmit_datablock)
                  00010b4c    00000098     netctrl_min_ipv4.aem4f : netctrl.oem4f (.text:NC_SystemOpen)
                  00010be4    00000098                            : netsrv.oem4f (.text:ServiceScan)
                  00010c7c    00000098     drivers_tivaware.aem4f : UARTTiva.oem4f (.text:UARTTiva_readPolling)
                  00010d14    00000098     usblib.lib : usbdenum.obj (.text:USBDSetInterface)
                  00010dac    00000098     Boot.aem4f : Boot.oem4f (.text:ti_catalog_arm_cortexm4_tiva_ce_Boot_sysCtlClockFreqSet__E)
                  00010e44    00000004     sysbios.aem4f : BIOS.obj (.text:ti_sysbios_family_arm_lm4_Timer_masterEnable__I)
                  00010e48    00000098                   : BIOS.obj (.text:ti_sysbios_knl_Mailbox_post__E)
                  00010ee0    00000096     usblib.lib : usbdcdc.obj (.text:CDCTickHandler)
                  00010f76    00000002     hal_userled_stub.aem4f : llled.oem4f (.text:_llUserLedInit)
                  00010f78    00000094     nettool_ipv4.aem4f : config.oem4f (.text:CfgRemoveEntry)
                  0001100c    00000094     usblib.lib : usbbuffer.obj (.text:ScheduleNextTransmission)
                  000110a0    00000094     drivers_tivaware.aem4f : UARTTiva.oem4f (.text:UARTTiva_write)
                  00011134    00000094     usblib.lib : usbhostenum.obj (.text:USBHCDOpenDriver)
                  000111c8    00000094     sysbios.aem4f : BIOS.obj (.text:ti_sysbios_family_arm_m3_Hwi_Instance_init__E)
                  0001125c    00000004     TM4C_Receiver_pem4f.oem4f (.text:ti_sysbios_family_arm_m3_Hwi_delete)
                  00011260    00000094     sysbios.aem4f : BIOS.obj (.text:ti_sysbios_family_arm_m3_Hwi_initNVIC__E)
                  000112f4    00000092     usblib.lib : usbdcdc.obj (.text:SendSerialState)
                  00011386    00000002     hal_userled_stub.aem4f : llled.oem4f (.text:_llUserLedShutdown)
                  00011388    00000090     nettool_ipv4.aem4f : config.oem4f (.text:CfgExecute)
                  00011418    00000090     usblib.lib : usbhostenum.obj (.text:FIFOAlloc)
                  000114a8    00000090     stk.aem4f : igmp.oem4f (.text:IGMPMsg)
                  00011538    00000090     usblib.lib : usbdcdc.obj (.text:USBDCDCPacketRead)
                  000115c8    00000090     os.aem4f : mem.oem4f (.text:mmBulkAlloc)
                  00011658    00000090     sysbios.aem4f : BIOS.obj (.text:ti_sysbios_knl_Task_Module_startup__E)
                  000116e8    00000090     ti.uia.loggers.aem4f : LoggerStopMode.oem4f (.text:ti_uia_loggers_LoggerStopMode_initQueueDescriptor__E)
                  00011778    0000008c     drivers_tivaware.aem4f : GPIOTiva.oem4f (.text:GPIO_init)
                  00011804    0000008c     stk.aem4f : ip.oem4f (.text:IPMsg)
                  00011890    0000008c     drivers_tivaware.aem4f : UARTTiva.oem4f (.text:UARTTiva_control)
                  0001191c    0000008c     usblib.lib : usbdenum.obj (.text:USBDSetConfiguration)
                  000119a8    0000008c                : usbdconfig.obj (.text:USBDeviceConfigAlternate)
                  00011a34    0000008c                : usbhostenum.obj (.text:USBHCDClearFeature)
                  00011ac0    0000008c     drivers_wifi_tivaware.aem4f : WiFiCC3100.oem4f (.text:WiFiCC3100_open)
                  00011b4c    0000008c     os.aem4f : mem.oem4f (.text:_mmInit)
                  00011bd8    0000008c              : mem.oem4f (.text:mmInitPage)
                  00011c64    0000008c     sysbios.aem4f : m3_TaskSupport_asm.obj (.text:ti_sysbios_family_arm_m3_TaskSupport_buildTaskStack)
                  00011cf0    0000008c                   : BIOS.obj (.text:ti_sysbios_knl_Mailbox_pend__E)
                  00011d7c    0000008a     netctrl_min_ipv4.aem4f : netsrv.oem4f (.text:SPRoute)
                  00011e06    0000008a     drivers_tivaware.aem4f : UARTTiva.oem4f (.text:readIsrTextBlocking)
                  00011e90    00000088                            : PWMTiva.oem4f (.text:PWMTiva_control)
                  00011f18    00000088     netctrl_min_ipv4.aem4f : netsrv.oem4f (.text:ServiceSpawn)
                  00011fa0    00000088     stk.aem4f : sockpcb.oem4f (.text:SockPcbCtlError)
                  00012028    00000088     usblib.lib : usbhscsi.obj (.text:USBHSCSISendCommand)
                  000120b0    00000088     TM4C_Receiver_pem4f.oem4f (.text:ti_ndk_config_ip_init)
                  00012138    00000088     sysbios.aem4f : BIOS.obj (.text:ti_sysbios_knl_Mailbox_Module_startup__E)
                  000121c0    00000087     TM4C_Receiver_pem4f.oem4f (.text:ti_ndk_config_Global_NetworkIPAddr)
                  00012247    00000001     --HOLE-- [fill = 0]
                  00012248    00000086     nettool_ipv4.aem4f : dhcpsm.oem4f (.text:StateRequesting)
                  000122ce    00000002     usblib.lib : usbdma.obj (.text:iDMAUSBArbSizeSet)
                  000122d0    00000084     nettool_ipv4.aem4f : config.oem4f (.text:CfgGetEntry)
                  00012354    00000084     drivers_tivaware.aem4f : EMACSnow.oem4f (.text:EMACSnow_processPhyInterrupt)
                  000123d8    00000084     stk.aem4f : tcpprot.oem4f (.text:TcpPrAttach)
                  0001245c    00000084     usblib.lib : usbdma.obj (.text:iDMAUSBChannelAllocate)
                  000124e0    00000084     os.aem4f : mem.oem4f (.text:mmBulkFree)
                  00012564    00000084              : mem.oem4f (.text:mmFree)
                  000125e8    00000084     sysbios.aem4f : BIOS.obj (.text:ti_sysbios_family_arm_m3_Hwi_postInit__I)
                  0001266c    00000084     driverlib.lib : udma.obj (.text:uDMAChannelTransferSet)
                  000126f0    00000082     nettool_ipv4.aem4f : dhcpsm.oem4f (.text:StateRenewRebind)
                  00012772    00000082     drivers_tivaware.aem4f : UARTTiva.oem4f (.text:readIsrTextCallback)
                  000127f4    00000080                            : EMACSnow.oem4f (.text:EMACSnow_emacStop)
                  00012874    00000080                            : EMACSnow.oem4f (.text:EMACSnow_processPendingTx)
                  000128f4    00000080     stk.aem4f : lli.oem4f (.text:LLINew)
                  00012974    00000080     netctrl_min_ipv4.aem4f : netsrv.oem4f (.text:NS_BootTask)
                  000129f4    00000080     stk.aem4f : pbm.oem4f (.text:PBM_alloc)
                  00012a74    00000080               : raw.oem4f (.text:RawOutput)
                  00012af4    0000007e     drivers_tivaware.aem4f : I2CTiva.oem4f (.text:I2CTiva_transfer)
                  00012b72    0000007e     stk.aem4f : fileuser.oem4f (.text:fdClose)
                  00012bf0    0000007c     nettool_ipv4.aem4f : config.oem4f (.text:CfgGetNextEntry)
                  00012c6c    0000007c     drivers_tivaware.aem4f : EMACSnow.oem4f (.text:EMACSnow_hwiIntFxn)
                  00012ce8    0000007c     stk.aem4f : igmp.oem4f (.text:IGMPDoMCast)
                  00012d64    0000007c               : igmp.oem4f (.text:IGMPJoin)
                  00012de0    0000007c               : socket.oem4f (.text:NDK_setsockopt)
                  00012e5c    0000007c               : nimu.oem4f (.text:NIMURegister)
                  00012ed8    0000007c               : pbm.oem4f (.text:PBM_free)
                  00012f54    0000007c     usblib.lib : usbdenum.obj (.text:USBDClearFeature)
                  00012fd0    0000007c     ti.mw.fatfs.aem4f : ff.oem4f (.text:f_mount)
                  0001304c    0000007c     nettool_ipv4.aem4f : inetaddr.oem4f (.text:inet_pton)
                  000130c8    0000007a     driverlib.lib : usb.obj (.text:USBDevEndpointConfigSet)
                  00013142    0000007a     drivers_tivaware.aem4f : UARTTiva.oem4f (.text:readTaskCallback)
                  000131bc    0000007a     rtsv7M4_T_le_v4SPD16_eabi.lib : memset_t2.obj (.text)
                  00013236    00000002     usblib.lib : usbdma.obj (.text:iDMAUSBUnitSizeSet)
                  00013238    00000078     driverlib.lib : emac.obj (.text:EMACInit)
                  000132b0    00000078     stk.aem4f : socket.oem4f (.text:NDK_sendto)
                  00013328    00000078               : tcptime.oem4f (.text:TcpXmitTimer)
                  000133a0    00000078     drivers_wifi_tivaware.aem4f : osi_tirtos.oem4f (.text:VStartSimpleLinkSpawnTask)
                  00013418    00000078     stk.aem4f : fileuser.oem4f (.text:fdOpenSession)
                  00013490    00000078     os.aem4f : task.oem4f (.text:llExit)
                  00013508    00000076     stk.aem4f : pipe.oem4f (.text:PipeSend)
                  0001357e    00000002     hal_ser_stub.aem4f : llserstb.oem4f (.text:llSerialService)
                  00013580    00000075     stk.aem4f : tcptime.oem4f (.text:TcpTimeoutSackRexmt)
                  000135f5    00000001     --HOLE-- [fill = 0]
                  000135f6    00000002     rtsv7M4_T_le_v4SPD16_eabi.lib : i_div0.obj (.text)
                  000135f8    00000074     stk.aem4f : igmp.oem4f (.text:IGMPLeaveHostGroup)
                  0001366c    00000074               : nimu.oem4f (.text:NIMUShutdown)
                  000136e0    00000074               : raweth.oem4f (.text:RawEthRxPacket)
                  00013754    00000074               : sockpcb.oem4f (.text:SockPcbConnect)
                  000137c8    00000074     usblib.lib : usbdenum.obj (.text:USBDGetStatus)
                  0001383c    00000074                : usbhostenum.obj (.text:USBHCDGetConfigDescriptor)
                  000138b0    00000074     ti.mw.fatfs.aem4f : ff.oem4f (.text:check_fs)
                  00013924    00000004     TM4C_Receiver_pem4f.oem4f (.text:ti_sysbios_family_arm_m3_Hwi_destruct)
                  00013928    00000074     sysbios.aem4f : BIOS.obj (.text:ti_sysbios_knl_Clock_start__E)
                  0001399c    00000074     ti.uia.runtime.aem4f : QueueDescriptor.oem4f (.text:ti_uia_runtime_QueueDescriptor_addToList__E)
                  00013a10    00000072     usblib.lib : usbdcdc.obj (.text:ProcessDataFromHost)
                  00013a82    00000002     TM4C_Receiver_pem4f.oem4f (.text:ti_ndk_config_Global_NetworkClose)
                  00013a84    00000072     os.aem4f : semaphore.oem4f (.text:SemCreateBinary)
                  00013af6    00000072     usblib.lib : usbdma.obj (.text:uDMAUSBArbSizeSet)
                  00013b68    00000070     stk.aem4f : socket.oem4f (.text:NDK_send)
                  00013bd8    00000070               : rtable.oem4f (.text:RtFlush)
                  00013c48    00000070     netctrl_min_ipv4.aem4f : netsrv.oem4f (.text:SPConfig)
                  00013cb8    00000070     stk.aem4f : sock.oem4f (.text:SockShutdown)
                  00013d28    00000070     usblib.lib : usbdenum.obj (.text:USBDEP0StateTx)
                  00013d98    00000070     nettool_ipv4.aem4f : dhcptags.oem4f (.text:dhcpDecodeType)
                  00013e08    00000070     sysbios.aem4f : BIOS.obj (.text:ti_sysbios_knl_Mailbox_Instance_finalize__E)
                  00013e78    00000070     usblib.lib : usbdma.obj (.text:uDMAUSBUnitSizeSet)
                  00013ee8    0000006e     stk.aem4f : socket.oem4f (.text:NDK_recv)
                  00013f56    00000002     TM4C_Receiver_pem4f.oem4f (.text:ti_ndk_config_Global_NetworkOpen)
                  00013f58    0000006e     stk.aem4f : rtable.oem4f (.text:RtWalkNext)
                  00013fc6    0000006e               : sockpcb.oem4f (.text:SockPcbFindRaw)
                  00014034    0000006d               : node.oem4f (.text:NodeNew)
                  000140a1    00000001     --HOLE-- [fill = 0]
                  000140a2    00000002     TM4C_Receiver_pem4f.oem4f (.text:ti_sysbios_BIOS_nullFunc__I)
                  000140a4    0000006d     ti.targets.arm.rtsarm.aem4f : System.oem4f (.text:xdc_runtime_System_formatNum__I)
                  00014111    00000001     --HOLE-- [fill = 0]
                  00014112    00000002     TM4C_Receiver_pem4f.oem4f (.text:ti_uia_loggers_LoggerStopMode_setFilterLevel__E)
                  00014114    0000006c     os.aem4f : ossys.oem4f (.text:DbgPrintf)
                  00014180    0000006c     stk.aem4f : node.oem4f (.text:NodeTreeNew)
                  000141ec    0000006c               : raweth.oem4f (.text:RawEthTxPacket)
                  00014258    0000006c     usblib.lib : usbmode.obj (.text:USBOTGSetMode)
                  000142c4    0000006c     stk.aem4f : udp.oem4f (.text:UdpChecksum)
                  00014330    0000006c     TM4C_Receiver_pem4f.oem4f (.text:ti_sysbios_family_arm_m3_Hwi_Object__create__S)
                  0001439c    00000004     TM4C_Receiver_pem4f.oem4f (.text:ti_sysbios_family_arm_m3_TaskSupport_Module__startupDone__S)
                  000143a0    0000006c     sysbios.aem4f : BIOS.obj (.text:ti_sysbios_knl_Swi_restoreHwi__E)
                  0001440c    0000006c     drivers_tivaware.aem4f : UARTTiva.oem4f (.text:writeData)
                  00014478    0000006c     ti.targets.arm.rtsarm.aem4f : Error.oem4f (.text:xdc_runtime_Error_print__E)
                  000144e4    0000006c                                 : Memory.oem4f (.text:xdc_runtime_Memory_alloc__E)
                  00014550    0000006a     drivers_tivaware.aem4f : PWMTiva.oem4f (.text:PWMTiva_close)
                  000145ba    0000006a     stk.aem4f : tcpprot.oem4f (.text:TcpPrInherit)
                  00014624    00000068     driverlib.lib : interrupt.obj (.text:IntDisable)
                  0001468c    00000068                   : interrupt.obj (.text:IntEnable)
                  000146f4    00000068     stk.aem4f : socket.oem4f (.text:NDK_socket)
                  0001475c    00000068               : pbm.oem4f (.text:PBM_open)
                  000147c4    00000068     usblib.lib : usbdenum.obj (.text:USBDSetFeature)
                  0001482c    00000068     stk.aem4f : rtable.oem4f (.text:_RtNodeInsert)
                  00014894    00000068     rtsv7M4_T_le_v4SPD16_eabi.lib : copy_decompress_lzss.obj (.text:decompress:lzss)
                  000148fc    00000068                                   : trgmsg.obj (.text)
                  00014964    00000066     drivers_tivaware.aem4f : USBMSCHFatFsTiva.oem4f (.text:USBMSCHFatFsTiva_close)
                  000149ca    00000066     ti.uia.loggers.aem4f : LoggerStopMode.oem4f (.text:ti_uia_loggers_LoggerStopMode_flush__E)
                  00014a30    00000066     ti.targets.arm.rtsarm.aem4f : Core-mem.oem4f (.text:xdc_runtime_Core_deleteObject__I)
                  00014a96    00000002     ti.uia.loggers.aem4f : LoggerStopMode.oem4f (.text:ti_uia_loggers_LoggerStopMode_setPriority__E)
                  00014a98    00000064     nettool_ipv4.aem4f : config.oem4f (.text:CfgFree)
                  00014afc    00000064     drivers_tivaware.aem4f : GPIOTiva.oem4f (.text:GPIO_hwiIntFxn)
                  00014b60    00000064     driverlib.lib : interrupt.obj (.text:IntIsEnabled)
                  00014bc4    00000064     stk.aem4f : pbm.oem4f (.text:PBMQ_enq)
                  00014c28    00000064               : sockint.oem4f (.text:SockSpawnAbort)
                  00014c8c    00000064     hal_timer_bios.aem4f : lltimer.oem4f (.text:llTimerTick)
                  00014cf0    00000064     sysbios.aem4f : BIOS.obj (.text:ti_sysbios_family_arm_lm4_Timer_Module_startup__E)
                  00014d54    00000064     TM4C_Receiver_pem4f.oem4f (.text:ti_sysbios_family_arm_m3_Hwi_create)
                  00014db8    00000064     TM4C_Receiver_pem4f.oem4f (.text:ti_sysbios_hal_Hwi_create)
                  00014e1c    00000064     TM4C_Receiver_pem4f.oem4f (.text:ti_sysbios_knl_Mailbox_create)
                  00014e80    00000064     usblib.lib : usbdma.obj (.text:uDMAUSBChannelEnable)
                  00014ee4    00000064     stk.aem4f : lliin.oem4f (.text:updateRtTable)
                  00014f48    00000062     drivers_tivaware.aem4f : I2CTiva.oem4f (.text:I2CTiva_primeTransfer)
                  00014faa    00000062     stk.aem4f : ipin.oem4f (.text:IPRouteIP)
                  0001500c    00000062               : sb.oem4f (.text:SBNew)
                  0001506e    00000062     drivers_tivaware.aem4f : SPITivaDMA.oem4f (.text:SPITivaDMA_transfer)
                  000150d0    00000060     nettool_ipv4.aem4f : config.oem4f (.text:CfgGetEntryCnt)
                  00015130    00000060     stk.aem4f : file.oem4f (.text:FdWaitEvent)
                  00015190    00000060               : nimu.oem4f (.text:NIMUUnregister)
                  000151f0    00000060               : node.oem4f (.text:NodeFind)
                  00015250    00000060               : rtc.oem4f (.text:RTCMsg)
                  000152b0    00000060               : tcp.oem4f (.text:TcpChecksum)
                  00015310    00000060     usblib.lib : usbbuffer.obj (.text:USBBufferEventCallback)
                  00015370    00000060                : usbdenum.obj (.text:USBDReadAndDispatchRequest)
                  000153d0    00000060                : usbhostenum.obj (.text:USBHostCheckPipes)
                  00015430    00000060     nettool_ipv4.aem4f : dhcptags.oem4f (.text:dhcpBuildOptions)
                  00015490    00000060     TM4C_Receiver_pem4f.oem4f (.text:ti_ndk_config_Global_serviceReport)
                  000154f0    00000060     sysbios.aem4f : BIOS.obj (.text:ti_sysbios_family_arm_lm4_Timer_isrStub__E)
                  00015550    00000060                   : BIOS.obj (.text:ti_sysbios_knl_Clock_logTick__E)
                  000155b0    00000060                   : BIOS.obj (.text:ti_sysbios_utils_Load_logCPULoad__I)
                  00015610    0000005e     usblib.lib : usbdcdc.obj (.text:ProcessDataToHost)
                  0001566e    0000005e     stk.aem4f : route.oem4f (.text:RtRemove)
                  000156cc    0000005e     nettool_ipv4.aem4f : dhcpsm.oem4f (.text:StateSelecting)
                  0001572a    0000005e     driverlib.lib : usb.obj (.text:USBDevEndpointStatusClear)
                  00015788    0000005e     stk.aem4f : vlan.oem4f (.text:VLANReceivePacket)
                  000157e6    0000005e     drivers_tivaware.aem4f : UARTTiva.oem4f (.text:readIsrBinaryBlocking)
                  00015844    0000005c     nettool_ipv4.aem4f : config.oem4f (.text:CfgSetExecuteOrder)
                  000158a0    0000005c     usblib.lib : usbhostenum.obj (.text:ConfigDescAlloc)
                  000158fc    0000005c     stk.aem4f : nimu.oem4f (.text:NIMUIoctlSpecialCmd)
                  00015958    0000005c     netctrl_min_ipv4.aem4f : netsrv.oem4f (.text:SPService)
                  000159b4    0000005c     usblib.lib : usbdcdc.obj (.text:USBDCDCInit)
                  00015a10    0000005c                : usbhostenum.obj (.text:USBHCDGetDeviceDescriptor)
                  00015a6c    0000005c                : usbhscsi.obj (.text:USBHSCSIRead10)
                  00015ac8    0000005c                : usbhscsi.obj (.text:USBHSCSIWrite10)
                  00015b24    0000005c     TM4C_Receiver_pem4f.oem4f (.text:ti_sysbios_knl_Swi_create)
                  00015b80    0000005c     sysbios.aem4f : BIOS.obj (.text:ti_sysbios_knl_Swi_schedule__I)
                  00015bdc    0000005c     TM4C_Receiver_pem4f.oem4f (.text:ti_sysbios_knl_Task_create)
                  00015c38    0000005c     drivers_tivaware.aem4f : SDSPITiva.oem4f (.text:wait_ready)
                  00015c94    0000005b     ti.targets.arm.rtsarm.aem4f : Text.oem4f (.text:xdc_runtime_Text_putLab__E)
                  00015cef    00000001     --HOLE-- [fill = 0]
                  00015cf0    0000005a     stk.aem4f : route.oem4f (.text:RtRedirect)
                  00015d4a    0000005a               : tcpprot.oem4f (.text:TcpValidateMetrics)
                  00015da4    0000005a     nettool_ipv4.aem4f : dhcpbild.oem4f (.text:dhcpBuildDecline)
                  00015dfe    0000005a     os.aem4f : mem.oem4f (.text:mmCopy)
                  00015e58    0000005a     TM4C_Receiver_pem4f.oem4f (.text:ti_ndk_config_tcp_init)
                  00015eb2    00000002     usblib.lib : usbdma.obj (.text:uDMAUSBChannelIntDisable)
                  00015eb4    00000058     stk.aem4f : bind.oem4f (.text:BindFree)
                  00015f0c    00000058     boot.aem4f : boot.oem4f (.text)
                  00015f64    00000058     driverlib.lib : emac.obj (.text:EMACPHYConfigSet)
                  00015fbc    00000058     stk.aem4f : igmp.oem4f (.text:IGMPTimer)
                  00016014    00000058     os.aem4f : semaphore.oem4f (.text:SemCreate)
                  0001606c    00000058     tirtosport.aem4f : SemaphoreP_tirtos.oem4f (.text:SemaphoreP_create)
                  000160c4    00000058     usblib.lib : usbdcdc.obj (.text:USBDCDCPacketWrite)
                  0001611c    00000058                : usbhostenum.obj (.text:USBHCDEP0StateTx)
                  00016174    00000058                : usbhostenum.obj (.text:USBHCDHubDeviceConnected)
                  000161cc    00000058     TM4C_Receiver_pem4f.oem4f (.text:ti_sysbios_family_arm_m3_Hwi_construct)
                  00016224    00000058     sysbios.aem4f : m3_Hwi_asm_switch.obj (.text:ti_sysbios_family_arm_m3_Hwi_initStacks__E)
                  0001627c    00000056     driverlib.lib : gpio.obj (.text:GPIOIntTypeSet)
                  000162d2    00000056     usblib.lib : usbdma.obj (.text:uDMAUSBChannelRelease)
                  00016328    00000054     nettool_ipv4.aem4f : config.oem4f (.text:CfgEntryDeRef)
                  0001637c    00000054     stk.aem4f : igmp.oem4f (.text:IGMPLeave)
                  000163d0    00000054               : rawethsock_pcb.oem4f (.text:RawEthSockPcbAttach)
                  00016424    00000054               : sockpcb.oem4f (.text:SockCleanPcb)
                  00016478    00000054               : tcptime.oem4f (.text:TcpTimeoutPersist)
                  000164cc    00000054     drivers_tivaware.aem4f : UARTTiva.oem4f (.text:readIsrBinaryCallback)
                  00016520    00000054     rtsv7M4_T_le_v4SPD16_eabi.lib : exit.obj (.text)
                  00016574    00000054     ti.mw.fatfs.aem4f : ff.oem4f (.text:sync_window)
                  000165c8    00000054     sysbios.aem4f : BIOS.obj (.text:ti_sysbios_knl_Swi_Instance_finalize__E)
                  0001661c    00000054     TM4C_Receiver_pem4f.oem4f (.text:ti_sysbios_knl_Task_construct)
                  00016670    00000054     ti.targets.arm.rtsarm.aem4f : Assert.oem4f (.text:xdc_runtime_Assert_raise__I)
                  000166c4    00000052     stk.aem4f : tcpprot.oem4f (.text:TcpPrDetach)
                  00016716    00000052     usblib.lib : usbulpi.obj (.text:ULPIConfigSet)
                  00016768    00000050     drivers_tivaware.aem4f : GPIOTiva.oem4f (.text:GPIO_setCallback)
                  000167b8    00000050                            : GPIOTiva.oem4f (.text:GPIO_toggle)
                  00016808    00000050     stk.aem4f : socket.oem4f (.text:NDK_bind)
                  00016858    00000050               : socket.oem4f (.text:NDK_connect)
                  000168a8    00000050               : route.oem4f (.text:RtNew)
                  000168f8    00000050     driverlib.lib : sysctl.obj (.text:SysCtlPeripheralReset)
                  00016948    00000050     drivers_tivaware.aem4f : UARTTiva.oem4f (.text:UARTTiva_writeCancel)
                  00016998    00000050     usblib.lib : usbdcdesc.obj (.text:USBDCDConfigDescGet)
                  000169e8    00000050                : usbdenum.obj (.text:USBDeviceResumeTickHandler)
                  00016a38    00000050     drivers_tivaware.aem4f : USBMSCHFatFsTiva.oem4f (.text:USBMSCHFatFsTiva_diskWrite)
                  00016a88    00000050     Boot.aem4f : Boot_sysctl.oem4f (.text:_SysCtlFrequencyGet)
                  00016ad8    00000050     ti.targets.arm.rtsarm.aem4f : Startup.oem4f (.text:xdc_runtime_Startup_exec__E)
                  00016b28    00000050                                 : Text.oem4f (.text:xdc_runtime_Text_visitRope2__I)
                  00016b78    0000004e     usblib.lib : usbhhub.obj (.text:HubGetPortStatus)
                  00016bc6    0000004e     stk.aem4f : node.oem4f (.text:NodeDeRef)
                  00016c14    0000004e     driverlib.lib : usb.obj (.text:USBDevEndpointStallClear)
                  00016c62    0000004e     nettool_ipv4.aem4f : config.oem4f (.text:_CfgEntryScan)
                  00016cb0    0000004c     usblib.lib : usbdcdesc.obj (.text:ConfigAlternateInterfaceGet)
                  00016cfc    0000004c                : usbdconfig.obj (.text:GetEPDescriptorType)
                  00016d48    0000004c                : usbdcdc.obj (.text:HandleEndpoints)
                  00016d94    0000004c                : usbhhub.obj (.text:HubDriverDeviceDisconnect)
                  00016de0    0000004c     nettool_ipv4.aem4f : ipaddr.oem4f (.text:NtAddNetwork)
                  00016e2c    0000004c     stk.aem4f : sockint.oem4f (.text:SockValidateRoute)
                  00016e78    0000004c     drivers_tivaware.aem4f : UARTTiva.oem4f (.text:UARTTiva_close)
                  00016ec4    0000004c     driverlib.lib : usb.obj (.text:USBEndpointDMAConfigSet)
                  00016f10    0000004c     usblib.lib : usbhostenum.obj (.text:USBHCDPowerConfigSet)
                  00016f5c    0000004c                : usbhostenum.obj (.text:USBHCDSetAddress)
                  00016fa8    0000004c     drivers_tivaware.aem4f : USBMSCHFatFsTiva.oem4f (.text:USBMSCHFatFsTiva_diskRead)
                  00016ff4    0000004c     rtsv7M4_T_le_v4SPD16_eabi.lib : cpy_tbl.obj (.text)
                  00017040    0000004c     sysbios.aem4f : BIOS.obj (.text:ti_sysbios_heaps_HeapMem_getStats__E)
                  0001708c    00000004     TM4C_Receiver_pem4f.oem4f (.text:ti_sysbios_gates_GateMutex_destruct)
                  00017090    0000004c     sysbios.aem4f : BIOS.obj (.text:ti_sysbios_knl_Swi_runLoop__I)
                  000170dc    00000004     TM4C_Receiver_pem4f.oem4f (.text:ti_sysbios_hal_Hwi_HwiProxy_delete)
                  000170e0    0000004c     sysbios.aem4f : BIOS.obj (.text:ti_sysbios_knl_Task_allBlockedFunction__I)
                  0001712c    0000004c     ti.uia.loggers.aem4f : LoggerStopMode.oem4f (.text:ti_uia_loggers_LoggerStopMode_Module_startup__E)
                  00017178    0000004a     netctrl_min_ipv4.aem4f : netsrv.oem4f (.text:ServiceKill)
                  000171c2    0000004a     stk.aem4f : sock.oem4f (.text:SockDisconnect)
                  0001720c    0000004a               : timer.oem4f (.text:TimerNew)
                  00017256    0000004a     usblib.lib : usbdma.obj (.text:iDMAUSBChannelEnable)
                  000172a0    0000004a                : usbdma.obj (.text:uDMAUSBChannelDisable)
                  000172ea    00000048     nettool_ipv4.aem4f : config.oem4f (.text:CfgNew)
                  00017332    00000002     usblib.lib : usbdma.obj (.text:uDMAUSBChannelIntEnable)
                  00017334    00000048     driverlib.lib : gpio.obj (.text:GPIOPinConfigure)
                  0001737c    00000048     usblib.lib : usbdcdc.obj (.text:HandleEP0Data)
                  000173c4    00000048     driverlib.lib : i2c.obj (.text:I2CMasterInitExpClk)
                  0001740c    00000048     stk.aem4f : lli.oem4f (.text:LLIMsg)
                  00017454    00000048               : node.oem4f (.text:NodeWalk)
                  0001749c    00000048               : rawethsock_pcb.oem4f (.text:RawEthSockPcbDetach)
                  000174e4    00000048               : sockpcb.oem4f (.text:SockPcbResolveChain)
                  0001752c    00000048               : tcpprot.oem4f (.text:TcpDrop)
                  00017574    00000048     usblib.lib : usbdenum.obj (.text:USBDStringIndexFromRequest)
                  000175bc    00000048                : usbdenum.obj (.text:USBDeviceEnumResetHandler)
                  00017604    00000048     driverlib.lib : usb.obj (.text:USBFIFOFlush)
                  0001764c    00000048     usblib.lib : usbhhub.obj (.text:USBHHubInit)
                  00017694    00000048     stk.aem4f : lli.oem4f (.text:_LLIExpListInsert)
                  000176dc    00000048               : rtable.oem4f (.text:_RtExpListInsert)
                  00017724    00000048               : file.oem4f (.text:fdint_lockfd)
                  0001776c    00000004     TM4C_Receiver_pem4f.oem4f (.text:ti_sysbios_heaps_HeapMem_Module_GateProxy_enter__E)
                  00017770    00000048     sysbios.aem4f : BIOS.obj (.text:ti_sysbios_family_arm_m3_Hwi_disableInterrupt__E)
                  000177b8    00000048                   : BIOS.obj (.text:ti_sysbios_family_arm_m3_Hwi_enableInterrupt__E)
                  00017800    00000048                   : BIOS.obj (.text:ti_sysbios_family_arm_m3_Hwi_excReserved__I)
                  00017848    00000048                   : BIOS.obj (.text:ti_sysbios_knl_Task_deleteTerminatedTasksFunc__I)
                  00017890    00000048     driverlib.lib : udma.obj (.text:uDMAChannelAttributeDisable)
                  000178d8    00000046     nettool_ipv4.aem4f : ipaddr.oem4f (.text:NtIfIdx2Ip)
                  0001791e    00000046     stk.aem4f : rawethsock.oem4f (.text:RawEthSockSend)
                  00017964    00000046     drivers_tivaware.aem4f : RingBuf.oem4f (.text:RingBuf_put)
                  000179aa    00000046     stk.aem4f : tcpprot.oem4f (.text:TcpPrCtlError)
                  000179f0    00000046     os.aem4f : mem.oem4f (.text:mmZeroInit)
                  00017a36    00000046     ti.targets.arm.rtsarm.aem4f : Core-params.oem4f (.text:xdc_runtime_Core_assignParams__I)
                  00017a7c    00000044     drivers_tivaware.aem4f : EMACSnow.oem4f (.text:EMACSnow_processTransmitted)
                  00017ac0    00000044     stk.aem4f : icmp.oem4f (.text:ICMPChecksum)
                  00017b04    00000044               : ipfrag.oem4f (.text:IPReasmFree)
                  00017b48    00000044               : lli.oem4f (.text:LLIGetValidTime)
                  00017b8c    00000044               : rtable.oem4f (.text:RouteMsg)
                  00017bd0    00000044               : rtable.oem4f (.text:RtWalkEnd)
                  00017c14    00000044     drivers_tivaware.aem4f : SPITivaDMA.oem4f (.text:SPITivaDMA_hwiFxn)
                  00017c58    00000044     stk.aem4f : sockpcb.oem4f (.text:SockPcbDetach)
                  00017c9c    00000044               : timer.oem4f (.text:TimerListInsert)
                  00017ce0    00000044     usblib.lib : usbdenum.obj (.text:USBDCDDeviceInfoInit)
                  00017d24    00000044                : usbdenum.obj (.text:USBDGetInterface)
                  00017d68    00000044     driverlib.lib : usb.obj (.text:USBEndpointDataGet)
                  00017dac    00000044     hal_timer_bios.aem4f : lltimer.oem4f (.text:llTimerGetTime)
                  00017df0    00000044     drivers_tivaware.aem4f : SDSPITiva.oem4f (.text:send_initial_clock_train)
                  00017e34    00000004     TM4C_Receiver_pem4f.oem4f (.text:ti_sysbios_heaps_HeapMem_Module_GateProxy_leave__E)
                  00017e38    00000044     sysbios.aem4f : BIOS.obj (.text:ti_sysbios_family_arm_lm4_Timer_stop__E)
                  00017e7c    00000004     TM4C_Receiver_pem4f.oem4f (.text:ti_sysbios_knl_Clock_TimerProxy_getMaxTicks__E)
                  00017e80    00000044     sysbios.aem4f : BIOS.obj (.text:ti_sysbios_family_arm_m3_Hwi_getStackInfo__E)
                  00017ec4    00000004     TM4C_Receiver_pem4f.oem4f (.text:ti_sysbios_knl_Clock_TimerProxy_getPeriod__E)
                  00017ec8    00000044     sysbios.aem4f : BIOS.obj (.text:ti_sysbios_knl_Mailbox_postInit__I)
                  00017f0c    00000044     ti.uia.loggers.aem4f : LoggerStopMode.oem4f (.text:ti_uia_loggers_LoggerStopMode_initBuffer__I)
                  00017f50    00000044     ti.targets.arm.rtsarm.aem4f : Error.oem4f (.text:xdc_runtime_Error_setX__E)
                  00017f94    00000044                                 : SysMin.oem4f (.text:xdc_runtime_SysMin_flush__E)
                  00017fd8    00000044                                 : Text.oem4f (.text:xdc_runtime_Text_xprintf__I)
                  0001801c    00000042     drivers_tivaware.aem4f : SPITivaDMA.oem4f (.text:SPITivaDMA_transferCancel)
                  0001805e    00000042     stk.aem4f : tcpprot.oem4f (.text:TcpPrSendOOB)
                  000180a0    00000042     driverlib.lib : uart.obj (.text:UARTConfigSetExpClk)
                  000180e2    00000042     drivers_tivaware.aem4f : UARTTiva.oem4f (.text:UARTTiva_hwiIntFxn)
                  00018124    00000042                            : UARTTiva.oem4f (.text:UARTTiva_writePolling)
                  00018166    00000042     stk.aem4f : fileuser.oem4f (.text:fdCloseSession)
                  000181a8    00000040               : lliin.oem4f (.text:LLIValidateRoute)
                  000181e8    00000040               : pbm.oem4f (.text:PBM_copy)
                  00018228    00000040     drivers_tivaware.aem4f : RingBuf.oem4f (.text:RingBuf_get)
                  00018268    00000040                            : SDSPITiva.oem4f (.text:SDSPITiva_close)
                  000182a8    00000040     stk.aem4f : sockpcb.oem4f (.text:SockPcbRtChange)
                  000182e8    00000040               : tcpprot.oem4f (.text:TcpPrSend)
                  00018328    00000040     drivers_tivaware.aem4f : UARTTiva.oem4f (.text:UARTTiva_read)
                  00018368    00000040     usblib.lib : usbhmsc.obj (.text:USBHMSCGetMaxLUN)
                  000183a8    00000040     drivers_tivaware.aem4f : USBMSCHFatFsTiva.oem4f (.text:USBMSCHFatFsTiva_diskInitialize)
                  000183e8    00000040     ti.mw.fatfs.aem4f : ff.oem4f (.text:get_ldnumber)
                  00018428    00000040     rtsv7M4_T_le_v4SPD16_eabi.lib : u_divt2.obj (.text)
                  00018468    00000040     sysbios.aem4f : BIOS.obj (.text:ti_sysbios_family_arm_lm4_Timer_startup__E)
                  000184a8    0000003e     nettool_ipv4.aem4f : dhcpmain.oem4f (.text:DHCPClose)
                  000184e6    00000002     TM4C_Receiver_pem4f.oem4f (.text:xdc_runtime_Startup_reset__I)
                  000184e8    0000003e     stk.aem4f : nimu.oem4f (.text:NIMUAllocateName)
                  00018526    0000003e     os.aem4f : task.oem4f (.text:TaskCreate)
                  00018564    0000003e     stk.aem4f : tcpprot.oem4f (.text:TcpPrDisconnect)
                  000185a2    0000003e     usblib.lib : usbhscsi.obj (.text:USBHSCSIInquiry)
                  000185e0    0000003e                : usbhscsi.obj (.text:USBHSCSIReadCapacity)
                  0001861e    0000003e     stk.aem4f : file.oem4f (.text:fdint_unlockfd)
                  0001865c    0000003c     nettool_ipv4.aem4f : config.oem4f (.text:CfgEntryGetData)
                  00018698    0000003c     driverlib.lib : emac.obj (.text:EMACIntDisable)
                  000186d4    0000003c     usblib.lib : usbhhub.obj (.text:HubDriverReset)
                  00018710    0000003c     stk.aem4f : node.oem4f (.text:NodeUpdatePL)
                  0001874c    0000003c               : rtable.oem4f (.text:RtWalkBegin)
                  00018788    0000003c     drivers_tivaware.aem4f : SPITivaDMA.oem4f (.text:SPITivaDMA_close)
                  000187c4    0000003c     driverlib.lib : ssi.obj (.text:SSIConfigSetExpClk)
                  00018800    0000003c     stk.aem4f : tcpprot.oem4f (.text:TcpPrConnect)
                  0001883c    0000003c               : tcptime.oem4f (.text:TcpSetPersist)
                  00018878    0000003c     usblib.lib : usbhscsi.obj (.text:USBHSCSIRequestSense)
                  000188b4    0000003c     stk.aem4f : rtc.oem4f (.text:_RTCSendRtAdv)
                  000188f0    0000003c               : rtable.oem4f (.text:_RtNodeRemove)
                  0001892c    0000003c     hal_timer_bios.aem4f : lltimer.oem4f (.text:_llTimerInit)
                  00018968    0000003c     usblib.lib : usbdma.obj (.text:iDMAUSBChannelRelease)
                  000189a4    00000004     TM4C_Receiver_pem4f.oem4f (.text:ti_sysbios_knl_Clock_destruct)
                  000189a8    0000003c     sysbios.aem4f : BIOS.obj (.text:ti_sysbios_family_arm_m3_Hwi_excSvCall__I)
                  000189e4    00000004     TM4C_Receiver_pem4f.oem4f (.text:ti_sysbios_knl_Mailbox_delete)
                  000189e8    0000003c     sysbios.aem4f : BIOS.obj (.text:ti_sysbios_heaps_HeapMem_init__I)
                  00018a24    00000004     TM4C_Receiver_pem4f.oem4f (.text:ti_sysbios_knl_Queue_destruct)
                  00018a28    0000003c     sysbios.aem4f : BIOS.obj (.text:ti_sysbios_knl_Swi_restore__E)
                  00018a64    0000003a     driverlib.lib : emac.obj (.text:EMACIntEnable)
                  00018a9e    0000003a     drivers_tivaware.aem4f : I2CTiva.oem4f (.text:I2CTiva_completeTransfer)
                  00018ad8    0000003a     usblib.lib : usbdcdesc.obj (.text:USBDCDConfigGetInterfaceEndpoint)
                  00018b12    0000003a     driverlib.lib : usb.obj (.text:USBFIFOConfigSet)
                  00018b4c    00000038                   : emac.obj (.text:EMACConfigGet)
                  00018b84    00000038     drivers_tivaware.aem4f : I2C.oem4f (.text:I2C_init)
                  00018bbc    00000038     stk.aem4f : ipfrag.oem4f (.text:IPReasmTimeout)
                  00018bf4    00000038     usblib.lib : usbtick.obj (.text:InternalUSBRegisterTickHandler)
                  00018c2c    00000038     stk.aem4f : node.oem4f (.text:NodeGetRt)
                  00018c64    00000038     drivers_tivaware.aem4f : PWM.oem4f (.text:PWM_init)
                  00018c9c    00000038                            : SDSPI.oem4f (.text:SDSPI_init)
                  00018cd4    00000038                            : SPI.oem4f (.text:SPI_init)
                  00018d0c    00000038     usblib.lib : usbdcdc.obj (.text:SendBreak)
                  00018d44    00000038     driverlib.lib : sysctl.obj (.text:SysCtlPeripheralReady)
                  00018d7c    00000038     stk.aem4f : tcpprot.oem4f (.text:TcpClose)
                  00018db4    00000038               : timer.oem4f (.text:TimerHSTick)
                  00018dec    00000038     drivers_tivaware.aem4f : UART.oem4f (.text:UART_init)
                  00018e24    00000038     usblib.lib : usbhostenum.obj (.text:USBHCDReset)
                  00018e5c    00000038                : usbhscsi.obj (.text:USBHSCSITestUnitReady)
                  00018e94    00000038     driverlib.lib : usb.obj (.text:USBIntStatusControl)
                  00018ecc    00000038     drivers_tivaware.aem4f : USBMSCHFatFs.oem4f (.text:USBMSCHFatFs_init)
                  00018f04    00000038     usblib.lib : usbringbuf.obj (.text:USBRingBufAdvanceWrite)
                  00018f3c    00000038     drivers_tivaware.aem4f : Watchdog.oem4f (.text:Watchdog_init)
                  00018f74    00000038                            : WiFi.oem4f (.text:WiFi_init)
                  00018fac    00000038     nettool_ipv4.aem4f : dhcpbild.oem4f (.text:dhcpBuildDiscover)
                  00018fe4    00000038                        : dhcptags.oem4f (.text:dhcpOptionsClear)
                  0001901c    00000038     stk.aem4f : file.oem4f (.text:fdint_waitevent)
                  00019054    00000004     TM4C_Receiver_pem4f.oem4f (.text:ti_sysbios_knl_Semaphore_delete)
                  00019058    00000038     sysbios.aem4f : BIOS.obj (.text:ti_sysbios_family_arm_m3_Hwi_excNoIsr__I)
                  00019090    00000038     TM4C_Receiver_pem4f.oem4f (.text:ti_sysbios_knl_Clock_create)
                  000190c8    00000038     sysbios.aem4f : BIOS.obj (.text:ti_sysbios_knl_Task_processVitalTaskFlag__I)
                  00019100    00000038     ti.targets.arm.rtsarm.aem4f : SysMin.oem4f (.text:xdc_runtime_SysMin_putch__E)
                  00019138    00000038                                 : System.oem4f (.text:xdc_runtime_System_atexit__E)
                  00019170    00000036     usblib.lib : usbhhub.obj (.text:HubClearPortFeature)
                  000191a6    00000036                : usbhhub.obj (.text:HubSetPortFeature)
                  000191dc    00000036     drivers_tivaware.aem4f : I2CTiva.oem4f (.text:I2CTiva_close)
                  00019212    00000036     stk.aem4f : ip.oem4f (.text:IPChecksum)
                  00019248    00000036     drivers_tivaware.aem4f : UARTTiva.oem4f (.text:UARTTiva_readCancel)
                  0001927e    00000036     ti.mw.fatfs.aem4f : ff.oem4f (.text:move_window)
                  000192b4    00000034     nettool_ipv4.aem4f : config.oem4f (.text:CfgSetService)
                  000192e8    00000034     driverlib.lib : emac.obj (.text:EMACConfigSet)
                  0001931c    00000034                   : emac.obj (.text:EMACIntClear)
                  00019350    00000034     drivers_tivaware.aem4f : EMACSnow.oem4f (.text:EMACSnow_emacPoll)
                  00019384    00000034                            : EMACSnow.oem4f (.text:EMACSnow_isLinkUp)
                  000193b8    00000034                            : EMAC.oem4f (.text:EMAC_init)
                  000193ec    00000034     stk.aem4f : exec.oem4f (.text:ExecClose)
                  00019420    00000034     usblib.lib : usbtick.obj (.text:InternalUSBStartOfFrameTick)
                  00019454    00000034     stk.aem4f : nimu.oem4f (.text:NIMUFindByName)
                  00019488    00000034               : nimu.oem4f (.text:NIMUInit)
                  000194bc    00000034               : rawethsock.oem4f (.text:RawEthSockNotify)
                  000194f0    00000034               : sockprot.oem4f (.text:SockPrCtlError)
                  00019524    00000034     driverlib.lib : sysctl.obj (.text:SysCtlPeripheralEnable)
                  00019558    00000034                   : sysctl.obj (.text:SysCtlPeripheralPowerOn)
                  0001958c    00000034     usblib.lib : usbhostenum.obj (.text:USBHCDSetConfig)
                  000195c0    00000034                : usbmode.obj (.text:USBOTGRemovePower)
                  000195f4    00000034                : usbdma.obj (.text:iDMAUSBChannelStatus)
                  00019628    00000034     os.aem4f : mem.oem4f (.text:mmUnInitPage)
                  0001965c    00000004     TM4C_Receiver_pem4f.oem4f (.text:ti_sysbios_knl_Semaphore_destruct)
                  00019660    00000034     sysbios.aem4f : BIOS.obj (.text:ti_sysbios_family_arm_m3_Hwi_Instance_finalize__E)
                  00019694    00000004     TM4C_Receiver_pem4f.oem4f (.text:ti_sysbios_knl_Swi_delete)
                  00019698    00000034     sysbios.aem4f : BIOS.obj (.text:ti_sysbios_family_arm_m3_Hwi_excNmi__I)
                  000196cc    00000004     TM4C_Receiver_pem4f.oem4f (.text:ti_sysbios_knl_Task_delete)
                  000196d0    00000034     sysbios.aem4f : BIOS.obj (.text:ti_sysbios_hal_Hwi_checkStack)
                  00019704    00000034     TM4C_Receiver_pem4f.oem4f (.text:ti_sysbios_knl_Clock_construct)
                  00019738    00000034     TM4C_Receiver_pem4f.oem4f (.text:ti_sysbios_knl_Semaphore_create)
                  0001976c    00000034     ti.uia.loggers.aem4f : LoggerStopMode.oem4f (.text:ti_uia_loggers_LoggerStopMode_reset__E)
                  000197a0    00000034     ti.targets.arm.rtsarm.aem4f : Core-label.oem4f (.text:xdc_runtime_Core_assignLabel__I)
                  000197d4    00000033                                 : Text.oem4f (.text:xdc_runtime_Text_printVisFxn__I)
                  00019807    00000001     --HOLE-- [fill = 0]
                  00019808    00000032     nettool_ipv4.aem4f : config.oem4f (.text:CfgGetImmediate)
                  0001983a    00000032     usblib.lib : usbdcdc.obj (.text:HandleConfigChange)
                  0001986c    00000032                : usbdcdesc.obj (.text:NextConfigDescGet)
                  0001989e    00000032                : usbdcdc.obj (.text:ProcessNotificationToHost)
                  000198d0    00000032     stk.aem4f : route.oem4f (.text:RtDeRef)
                  00019902    00000032               : route.oem4f (.text:RtSetFailure)
                  00019934    00000032               : sb.oem4f (.text:SBFlush)
                  00019966    00000032               : sb.oem4f (.text:SBSetMax)
                  00019998    00000032               : sock.oem4f (.text:SockIntAbort)
                  000199ca    00000032     driverlib.lib : usb.obj (.text:USBDevEndpointStall)
                  000199fc    00000032     drivers_tivaware.aem4f : USBMSCHFatFsTiva.oem4f (.text:USBMSCHFatFsTiva_waitForConnect)
                  00019a2e    00000032     nettool_ipv4.aem4f : config.oem4f (.text:_CfgAcquire)
                  00019a60    00000032                        : dhcpsm.oem4f (.text:dhcpIPRemove)
                  00019a92    00000032     usblib.lib : usbdma.obj (.text:iDMAUSBChannelDisable)
                  00019ac4    00000004     TM4C_Receiver_pem4f.oem4f (.text:ti_sysbios_knl_Task_destruct)
                  00019ac8    00000032     sysbios.aem4f : BIOS.obj (.text:ti_sysbios_hal_Hwi_initStack)
                  00019afa    00000006     driverlib.lib : emac.obj (.text:EMACTxDMADescriptorListSet)
                  00019b00    00000032     sysbios.aem4f : BIOS.obj (.text:ti_sysbios_knl_Semaphore_pendTimeout__I)
                  00019b32    00000030     usblib.lib : usbdma.obj (.text:DMAUSBIntHandler)
                  00019b62    00000030     driverlib.lib : emac.obj (.text:EMACAddrSet)
                  00019b92    00000002     --HOLE-- [fill = 0]
                  00019b94    00000030     drivers_tivaware.aem4f : EMACSnow.oem4f (.text:EMACSnow_handlePackets)
                  00019bc4    00000030                            : GPIOTiva.oem4f (.text:GPIO_disableInt)
                  00019bf4    00000030                            : GPIOTiva.oem4f (.text:GPIO_enableInt)
                  00019c24    00000030     usblib.lib : usbtick.obj (.text:InternalUSBTickInit)
                  00019c54    00000030     netctrl_min_ipv4.aem4f : netsrv.oem4f (.text:NS_PreBoot)
                  00019c84    00000030     drivers_tivaware.aem4f : PWMTiva.oem4f (.text:PWMTiva_init)
                  00019cb4    00000030     stk.aem4f : sock.oem4f (.text:SockBind)
                  00019ce4    00000030     usblib.lib : usbdenum.obj (.text:USBDGetConfiguration)
                  00019d14    00000030     driverlib.lib : usb.obj (.text:USBEndpointDataPut)
                  00019d44    00000030     usblib.lib : usbhmsc.obj (.text:USBHMSCBlockRead)
                  00019d74    00000030                : usbhmsc.obj (.text:USBHMSCBlockWrite)
                  00019da4    00000030                : usbhmsc.obj (.text:USBHMSCClose)
                  00019dd4    00000030                : usbringbuf.obj (.text:UpdateIndexAtomic)
                  00019e04    00000030     nettool_ipv4.aem4f : dhcpsock.oem4f (.text:dhcpPacketSend)
                  00019e34    00000030     stk.aem4f : listlib.oem4f (.text:list_remove_node)
                  00019e64    00000030     TM4C_Receiver_pem4f.oem4f (.text:ti_sysbios_BIOS_atExitFunc__I)
                  00019e94    00000004     ti.uia.loggers.aem4f : LoggerStopMode.oem4f (.text:ti_uia_loggers_LoggerStopMode_getContents__E)
                  00019e98    00000030     sysbios.aem4f : BIOS.obj (.text:ti_sysbios_family_arm_m3_TaskSupport_start__E)
                  00019ec8    00000030     TM4C_Receiver_pem4f.oem4f (.text:ti_sysbios_gates_GateHwi_Object__create__S)
                  00019ef8    00000030     TM4C_Receiver_pem4f.oem4f (.text:ti_sysbios_gates_GateMutex_Object__create__S)
                  00019f28    00000030     TM4C_Receiver_pem4f.oem4f (.text:ti_sysbios_gates_GateMutex_create)
                  00019f58    00000030     TM4C_Receiver_pem4f.oem4f (.text:ti_sysbios_heaps_HeapMem_Object__create__S)
                  00019f88    00000030     TM4C_Receiver_pem4f.oem4f (.text:ti_sysbios_knl_Semaphore_construct)
                  00019fb8    00000030     sysbios.aem4f : BIOS.obj (.text:ti_sysbios_utils_Load_updateCurrentThreadTime__E)
                  00019fe8    00000030     TM4C_Receiver_pem4f.oem4f (.text:ti_uia_loggers_LoggerStopMode_Object__create__S)
                  0001a018    00000030     ti.targets.arm.rtsarm.aem4f : SysMin.oem4f (.text:xdc_runtime_SysMin_abort__E)
                  0001a048    00000030                                 : System.oem4f (.text:xdc_runtime_System_processAtExit__E)
                  0001a078    0000002e     stk.aem4f : sb.oem4f (.text:SBFree)
                  0001a0a6    0000002e     usblib.lib : usbbuffer.obj (.text:USBBufferWrite)
                  0001a0d4    0000002e                : usbdcdc.obj (.text:USBDCDCRxPacketAvailable)
                  0001a102    0000002e     driverlib.lib : usb.obj (.text:USBEndpointDataSend)
                  0001a130    0000002e                   : usb.obj (.text:USBHostHubAddrSet)
                  0001a15e    00000002     --HOLE-- [fill = 0]
                  0001a160    0000002c     usblib.lib : usbhostenum.obj (.text:ConfigDescFree)
                  0001a18c    0000002c     driverlib.lib : emac.obj (.text:EMACIntStatus)
                  0001a1b8    0000002c     usblib.lib : usbhostenum.obj (.text:FIFOFree)
                  0001a1e4    0000002c     stk.aem4f : file.oem4f (.text:FdSignalEvent)
                  0001a210    0000002c               : igmp.oem4f (.text:IGMPTestGroup)
                  0001a23c    0000002c     usblib.lib : usbhostenum.obj (.text:InternalUSBHCDSendEvent)
                  0001a268    0000002c     os.aem4f : task.oem4f (.text:NDK_hookCreate)
                  0001a294    0000002c     stk.aem4f : nimu.oem4f (.text:NIMUAllocateIndex)
                  0001a2c0    0000002c               : nimu.oem4f (.text:NIMUPacketServiceCheck)
                  0001a2ec    0000002c               : pipe.oem4f (.text:PipeClose)
                  0001a318    0000002c               : sockpcb.oem4f (.text:SockPcbAttach)
                  0001a344    0000002c     usblib.lib : usbdesc.obj (.text:USBDescGet)
                  0001a370    0000002c                : usbdesc.obj (.text:USBDescGetAlternateInterface)
                  0001a39c    0000002c     stk.aem4f : lli.oem4f (.text:_LLIExpListRemove)
                  0001a3c8    0000002c               : lli.oem4f (.text:_LLITimeoutFlush)
                  0001a3f4    0000002c               : rtable.oem4f (.text:_RtExpListRemove)
                  0001a420    0000002c     ti.mw.fatfs.aem4f : diskio.oem4f (.text:disk_register)
                  0001a44c    0000002c     TM4C_Receiver_pem4f.oem4f (.text:ti_sysbios_gates_GateMutex_construct)
                  0001a478    0000002c     TM4C_Receiver_pem4f.oem4f (.text:ti_sysbios_knl_Clock_doTick__I)
                  0001a4a4    0000002c     TM4C_Receiver_pem4f.oem4f (.text:ti_sysbios_knl_Queue_construct)
                  0001a4d0    0000002c     sysbios.aem4f : BIOS.obj (.text:ti_sysbios_knl_Task_restore__E)
                  0001a4fc    0000002c     driverlib.lib : udma.obj (.text:uDMAChannelAssign)
                  0001a528    0000002c     usblib.lib : usbdma.obj (.text:uDMAUSBIntStatus)
                  0001a554    0000002c     ti.targets.arm.rtsarm.aem4f : Text.oem4f (.text:xdc_runtime_Text_cordText__E)
                  0001a580    0000002a     driverlib.lib : gpio.obj (.text:GPIODirModeSet)
                  0001a5aa    0000002a     usblib.lib : usbbuffer.obj (.text:HandleRequestBuffer)
                  0001a5d4    0000002a     stk.aem4f : pbm.oem4f (.text:PBMQ_deq)
                  0001a5fe    0000002a     netctrl_min_ipv4.aem4f : netsrv.oem4f (.text:ServiceCallback)
                  0001a628    0000002a     usblib.lib : usbdcdesc.obj (.text:USBDCDConfigDescGetNum)
                  0001a652    0000002a     drivers_wifi_tivaware.aem4f : WiFiCC3100.oem4f (.text:WiFiCC3100_close)
                  0001a67c    0000002a     nettool_ipv4.aem4f : config.oem4f (.text:_CfgRelease)
                  0001a6a6    0000002a     ti.targets.arm.rtsarm.aem4f : System.oem4f (.text:xdc_runtime_System_putchar__I)
                  0001a6d0    00000028     stk.aem4f : bind.oem4f (.text:BindFindByNet)
                  0001a6f8    00000028               : lli.oem4f (.text:LLIFree)
                  0001a720    00000028     netctrl_min_ipv4.aem4f : netctrl.oem4f (.text:NC_SystemClose)
                  0001a748    00000028     stk.aem4f : nimu.oem4f (.text:NIMUCreatePacket)
                  0001a770    00000028               : nimu.oem4f (.text:NIMUPacketService)
                  0001a798    00000028               : tcpin.oem4f (.text:TcpEnterTimeWait)
                  0001a7c0    00000028               : timer.oem4f (.text:TimerListRemove)
                  0001a7e8    00000028     usblib.lib : usbbuffer.obj (.text:USBBufferRead)
                  0001a810    00000028                : usbdenum.obj (.text:USBDSetAddress)
                  0001a838    00000028                : usbdesc.obj (.text:USBDescGetNum)
                  0001a860    00000028     driverlib.lib : usb.obj (.text:USBHostEndpointStatusClear)
                  0001a888    00000028                   : usb.obj (.text:USBIntEnableControl)
                  0001a8b0    00000028     drivers_tivaware.aem4f : USBMSCHFatFsTiva.oem4f (.text:USBMSCHFatFsTiva_cbMSCHandler)
                  0001a8d8    00000028                            : USBMSCHFatFsTiva.oem4f (.text:USBMSCHFatFsTiva_serviceUSBHost)
                  0001a900    00000028     stk.aem4f : vlan.oem4f (.text:VLANFindSourceInterface)
                  0001a928    00000028               : vlan.oem4f (.text:VLANInit)
                  0001a950    00000028     nettool_ipv4.aem4f : dhcpsock.oem4f (.text:dhcpPacketReceive)
[...]
000201cc  ti_uia_loggers_LoggerStopMode_Module__diagsEnabled__C                
000201d0  ti_uia_loggers_LoggerStopMode_Module__diagsIncluded__C               
000201d4  ti_uia_loggers_LoggerStopMode_Module__diagsMask__C                   
000201d8  ti_uia_loggers_LoggerStopMode_Object__count__C                       
000201dc  ti_uia_runtime_ILoggerSnapshot_Interface__BASE__C                    
000201e0  ti_uia_runtime_IUIATransfer_Interface__BASE__C                       
000201e4  xdc_runtime_Assert_E_assertFailed__C                                 
000201e8  xdc_runtime_Core_A_initializedParams__C                              
000201ec  xdc_runtime_Core_Module__diagsEnabled__C                             
000201f0  xdc_runtime_Core_Module__diagsIncluded__C                            
000201f4  xdc_runtime_Core_Module__diagsMask__C                                
000201f8  xdc_runtime_Error_E_memory__C                                        
000201fc  xdc_runtime_Error_Module__diagsEnabled__C                            
00020200  xdc_runtime_Error_Module__diagsIncluded__C                           
00020204  xdc_runtime_Error_Module__diagsMask__C                               
00020208  xdc_runtime_Error_Module__loggerFxn8__C                              
0002020c  xdc_runtime_Error_Module__loggerObj__C                               
00020210  xdc_runtime_Error_policyFxn__C                                       
00020214  xdc_runtime_Error_raiseHook__C                                       
00020218  xdc_runtime_IFilterLogger_Interface__BASE__C                         
0002021c  xdc_runtime_IGateProvider_Interface__BASE__C                         
00020220  xdc_runtime_IHeap_Interface__BASE__C                                 
00020224  xdc_runtime_ILogger_Interface__BASE__C                               
00020228  xdc_runtime_IModule_Interface__BASE__C                               
0002022c  xdc_runtime_Log_L_error__C                                           
00020230  xdc_runtime_Memory_defaultHeapInstance__C                            
00020234  xdc_runtime_Startup_execImpl__C                                      
00020238  xdc_runtime_Startup_lastFxns__A                                      
0002023c  xdc_runtime_Startup_maxPasses__C                                     
00020240  xdc_runtime_Startup_sfxnRts__C                                       
00020244  xdc_runtime_Startup_sfxnTab__C                                       
00020248  xdc_runtime_SysMin_bufSize__C                                        
0002024c  xdc_runtime_SysMin_outputFunc__C                                     
00020250  xdc_runtime_System_Module__gateObj__C                                
00020254  xdc_runtime_System_abortFxn__C                                       
00020258  xdc_runtime_System_exitFxn__C                                        
0002025c  xdc_runtime_System_extendFxn__C                                      
00020260  xdc_runtime_System_maxAtexitHandlers__C                              
00020264  xdc_runtime_Text_charTab__C                                          
00020268  xdc_runtime_Text_nameEmpty__C                                        
0002026c  xdc_runtime_Text_nameStatic__C                                       
00020270  xdc_runtime_Text_nameUnknown__C                                      
00020274  xdc_runtime_Text_nodeTab__C                                          
00020278  xdc_runtime_Text_visitRopeFxn__C                                     
0002027c  ti_sysbios_hal_Hwi_Module__id__C                                     
0002027e  ti_sysbios_heaps_HeapMem_Module__id__C                               
00020280  ti_sysbios_knl_Clock_Module__id__C                                   
00020282  ti_sysbios_knl_Clock_Module__loggerDefined__C                        
00020284  ti_sysbios_knl_Mailbox_Module__id__C                                 
00020286  ti_sysbios_knl_Semaphore_Module__id__C                               
00020288  ti_sysbios_knl_Semaphore_Module__loggerDefined__C                    
0002028a  ti_sysbios_knl_Swi_Module__id__C                                     
0002028c  ti_sysbios_knl_Swi_Module__loggerDefined__C                          
0002028e  ti_sysbios_knl_Task_Module__id__C                                    
00020290  ti_sysbios_knl_Task_Module__loggerDefined__C                         
00020292  ti_sysbios_utils_Load_Module__id__C                                  
00020294  ti_sysbios_utils_Load_Module__loggerDefined__C                       
00020296  ti_sysbios_utils_Load_updateInIdle__C                                
00020298  ti_uia_loggers_LoggerStopMode_Module__id__C                          
0002029a  ti_uia_loggers_LoggerStopMode_isTimestampEnabled__C                  
0002029c  xdc_runtime_Core_Module__id__C                                       
0002029e  xdc_runtime_Error_Module__loggerDefined__C                           
000202a0  xdc_runtime_Error_maxDepth__C                                        
000202a2  xdc_runtime_Memory_Module__id__C                                     
000202a4  xdc_runtime_SysMin_flushAtExit__C                                    
000202a6  xdc_runtime_Text_charCnt__C                                          
000202a8  xdc_runtime_Text_isLoaded__C                                         
000202aa  xdc_runtime_Text_registryModsLastId__C                               
000202ac  xdc_runtime_Text_unnamedModsLastId__C                                
000202b0  __TI_static_base__                                                   
00020800  __TI_Handler_Table_Base                                              
0002080c  __TI_Handler_Table_Limit                                             
00020820  __TI_CINIT_Base                                                      
00020838  __TI_CINIT_Limit                                                     
20000000  ti_sysbios_family_arm_m3_Hwi_ramVectors                              
20000400  ti_sysbios_heaps_HeapMem_Instance_State_0_buf__A                     
20005400  ti_ndk_config_Global_pit                                             
200054a8  ti_ndk_config_Global_pitBuffer                                       
20009ca8  g_psDCDInst                                                          
20009d00  ti_ndk_config_Global_pBufMem                                         
2000d900  ti_ndk_config_Global_pHdrMem                                         
2000dbf8  ti_sysbios_knl_Task_Instance_State_0_stack__A                        
2000e3f8  ti_sysbios_knl_Task_Instance_State_1_stack__A                        
2000ebf8  ti_sysbios_knl_Task_Instance_State_2_stack__A                        
2000f1f8  ti_sysbios_knl_Task_Instance_State_3_stack__A                        
2000fbc4  sdspiTivaObjects                                                     
20010044  wiFiCC3100Objects                                                    
20010074  PBMQ_free                                                            
20010080  ti_uia_loggers_LoggerStopMode_Instance_State_1_packetArray__A        
20010480  ti_uia_loggers_LoggerStopMode_Instance_State_2_packetArray__A        
20010880  xdc_runtime_SysMin_Module_State_0_outbuf__A                          
20010c80  usbmschfatfstivaObjects                                              
20011018  ti_sysbios_family_arm_m3_Hwi_dispatchTable                           
20011378  ti_sysbios_knl_Mailbox_Instance_State_0_allocBuf__A                  
20011600  ti_uia_loggers_LoggerStopMode_Instance_State_0_packetArray__A        
20011800  __CIOBUF_                                                            
20011d30  i2cTivaObjects                                                       
20011e30  uartTivaObjects                                                      
20011efc  tcps                                                                 
20012104  spiTivaDMAObjects                                                    
2001234c  ips                                                                  
200123b4  nimu_mcb                                                             
20012418  _ICMPIn                                                              
20012464  _ICMPOut                                                             
20012530  vlan_mcb                                                             
20012580  ti_uia_loggers_LoggerStopMode_Instance_State_0_hdr__A                
200125b0  udps                                                                 
200125d4  uartTivaRingBuffer                                                   
200125f4  tpseudo                                                              
20012600  ti_uia_loggers_LoggerStopMode_Instance_State_1_hdr__A                
20012630  watchdogTivaObjects                                                  
2001266c  gPhyInfo                                                             
20012680  ti_uia_loggers_LoggerStopMode_Instance_State_2_hdr__A                
200126e8  BlockCount                                                           
20012704  BlockMax                                                             
20012720  PageCount                                                            
2001273c  PageMax                                                              
20012758  g_pfnTickHandlers                                                    
200127a0  g_pvTickInstance                                                     
200127b8  stkEvent                                                             
200127f4  raweths                                                              
20012804  raws                                                                 
20012824  upseudo                                                              
20012830  emacObjects                                                          
20012840  pwmTivaObjects                                                       
2001285c  SimpleLinkSpawnTaskHndl                                              
20012860  spiTivaDMAscratchBuf                                                 
20012874  _IGMPInDiscard                                                       
20012878  _IGMPInQuery                                                         
2001287c  _IGMPInQueryGroup                                                    
20012880  _IGMPInResponse                                                      
20012884  _IGMPOutResponse                                                     
2001288c  g_ppsDevInfo                                                         
20012898  g_ui32PollRate                                                       
200128a4  g_ulStatus                                                           
200128b8  raweth_pcb                                                           
200128bc  simpleLink_mailbox                                                   
200128c0  ti_sysbios_knl_Task_Instance_State_0_hookEnv__A                      
200128c4  ti_sysbios_knl_Task_Instance_State_1_hookEnv__A                      
200128c8  ti_sysbios_knl_Task_Instance_State_2_hookEnv__A                      
200128cc  ti_sysbios_knl_Task_Instance_State_3_hookEnv__A                      
200128d2  g_eOTGModeState                                                      
200128d3  gdo0_wait_for_assert                                                 
200128d4  ti_sysbios_knl_Task_Object__table__V                                 
20012a04  _ipcfg                                                               
20012ab8  ti_uia_loggers_LoggerStopMode_Object__table__V                       
20012b54  ti_sysbios_utils_Load_Module__state__V                               
20012bec  ti_sysbios_family_arm_lm4_Timer_Object__table__V                     
20012c6c  ti_sysbios_knl_Swi_Module_State_0_readyQ__A                          
20012cec  ti_sysbios_knl_Task_Module_State_0_readyQ__A                         
20012dcc  ti_sysbios_knl_Swi_Object__table__V                                  
20012e7c  ti_sysbios_knl_Mailbox_Object__table__V                              
20012f1a  ti_sysbios_family_arm_m3_Hwi_Module_State_0_excActive__A             
20012f1c  ti_sysbios_knl_Task_Module__state__V                                 
20012fe0  ti_sysbios_family_arm_lm4_Timer_Module_State_0_device__A             
20013020  g_pui8CDCSerDeviceDescriptor                                         
20013032  g_pui8CDCSerDescriptor                                               
2001303b  g_pui8IADSerDescriptor                                               
20013044  g_psCDCSerSections                                                   
20013050  g_psCDCCompSerSections                                               
20013060  rxBuffer                                                             
20013098  ti_sysbios_gates_GateMutex_Object__table__V                          
200130d0  txBuffer                                                             
2001313c  ti_sysbios_family_arm_m3_Hwi_Module__state__V                        
20013170  enablePrefetch                                                       
20013174  phyCounter                                                           
200131a2  xdc_runtime_Error_Module__state__V                                   
200131d4  ti_sysbios_family_arm_m3_Hwi_Object__table__V                        
20013204  ti_sysbios_knl_Clock_Module__state__V                                
2001325c  pstrMsgName                                                          
20013284  _oscfg                                                               
200132a8  PITCount                                                             
200132ac  PITUsed                                                              
200132b0  PITHigh                                                              
200132cc  ti_sysbios_BIOS_Module__state__V                                     
200132f0  ti_sysbios_family_arm_lm4_Timer_Module_State_0_handles__A            
20013310  ti_sysbios_knl_Clock_Object__table__V                                
20013330  xdc_runtime_System_Module_State_0_atexitHandlers__A                  
2001336c  ti_ndk_config_Global_Id2Size                                         
20013388  ti_sysbios_knl_Swi_Module__state__V                                  
200133f0  gpioPinConfigs                                                       
20013438  ti_sysbios_heaps_HeapMem_Object__table__V                            
2001348c  ti_sysbios_knl_Semaphore_Object__table__V                            
200134a0  gpioCallbackFunctions                                                
200134b8  _IGMPForceVersion1                                                   
200134c0  __TI_cleanup_ptr                                                     
200134c4  __TI_dtors_ptr                                                       
200134c8  __TI_enable_exit_profile_output                                      
200134d8  gSpi                                                                 
200134e4  ti_sysbios_family_arm_lm4_Timer_Module__state__V                     
200134f0  ti_sysbios_knl_Task_Module__root__V                                  
200134fc  ti_uia_runtime_QueueDescriptor_Module__state__V                      
20013508  g_bUSBTimerInitialized                                               
2001350c  g_ui32CurrentUSBTick                                                 
20013510  g_ui32USBSOFCount                                                    
20013514  xdc_runtime_SysMin_Module__state__V                                  
2001352c  g_iUSBMode                                                           
20013530  g_ui32WaitTicks                                                      
20013538  _lock                                                                
2001353c  _unlock                                                              
20013540  NIMUDeviceTable                                                      
20013548  ti_ndk_config_Global_HostName                                        
2001354c  __xdc__init__addr                                                    
20013560  _ICMPInErrors                                                        
20013564  _ICMPOutErrors                                                       
20013568  _IPExecuting                                                         
20013580  tcp_iss                                                              
20013584  ptTimeFirst                                                          
20013590  ti_uia_runtime_QueueDescriptor_gPtrToFirstDescriptor                 
20013594  ti_uia_runtime_QueueDescriptor_gUpdateCount                          
20013598  ti_sysbios_family_arm_lm4_TimestampProvider_Module__state__V         
200135a0  ti_sysbios_family_arm_m3_Hwi_Module__root__V                         
200135a8  ti_sysbios_gates_GateHwi_Module__root__V                             
200135b0  ti_sysbios_gates_GateMutex_Module__root__V                           
200135b8  ti_sysbios_hal_Hwi_Module__root__V                                   
200135c0  ti_sysbios_heaps_HeapMem_Module__root__V                             
200135c8  ti_sysbios_knl_Clock_Module__root__V                                 
200135d0  ti_sysbios_knl_Mailbox_Module__root__V                               
200135d8  ti_sysbios_knl_Queue_Module__root__V                                 
200135e0  ti_sysbios_knl_Semaphore_Module__root__V                             
200135e8  ti_sysbios_knl_Swi_Module__root__V                                   
200135f0  ti_uia_loggers_LoggerStopMode_Module__root__V                        
20013600  xdc_runtime_Registry_Module__state__V                                
20013608  xdc_runtime_Startup_Module__state__V                                 
20013610  xdc_runtime_System_Module__state__V                                  
2001361f  macAddress                                                           
20013668  main_func_sp                                                         
20013670  _IPReasmPtr                                                          
20013680  ti_sysbios_family_arm_m3_Hwi_Module_State_0_excContext__A            
20013684  ti_sysbios_family_arm_m3_Hwi_Module_State_0_excStack__A              
20013688  ti_sysbios_gates_GateHwi_Object__table__V                            
2001368c  ti_sysbios_knl_Task_Module_State_0_idleTask__A                       
20013690  ti_sysbios_utils_Load_Module_State_0_runningTask__A                  
20013694  ti_sysbios_utils_Load_Module_State_0_taskStartTime__A                
20013698  xdc_runtime_Memory_Module__state__V                                  
2001369c  __stack                                                              
20013e9c  __STACK_END                                                          
e000e000  ti_sysbios_family_arm_m3_Hwi_nvic                                    
ffffffff  __TI_pprof_out_hndl                                                  
ffffffff  __TI_prof_data_size                                                  
ffffffff  __TI_prof_data_start                                                 
ffffffff  __binit__                                                            
ffffffff  __c_args__                                                           
ffffffff  binit                                                                
UNDEFED   SHT$$INIT_ARRAY$$Base                                                
UNDEFED   SHT$$INIT_ARRAY$$Limit                                               

[1688 symbols]
