******************************************************************************
                  TI ARM Linker PC v16.12.0                    
******************************************************************************
>> Linked Mon Nov 26 14:17:28 2018

OUTPUT FILE NAME:   <TM4C_Receiver.out>
ENTRY POINT SYMBOL: "_c_int00"  address: 000116e1


MEMORY CONFIGURATION

         name            origin    length      used     unused   attr    fill
----------------------  --------  ---------  --------  --------  ----  --------
  FLASH                 00000000   00100000  0001a806  000e57fa  R  X
  SRAM                  20000000   00040000  0001296d  0002d693  RW X


SEGMENT ALLOCATION MAP

run origin  load origin   length   init length attrs members
----------  ----------- ---------- ----------- ----- -------
00000000    00000000    0001a810   0001a810    r-x
  00000000    00000000    0000003c   0000003c    r-- .resetVecs
  00000040    00000040    00017122   00017122    r-x .text
  00017164    00017164    00003130   00003130    r-- .const
  0001a298    0001a298    00000578   00000578    r-- .cinit
20000000    20000000    00000360   00000000    rw-
  20000000    20000000    00000360   00000000    rw- .vecs
20000380    20000380    00012610   00000000    rw-
  20000380    20000380    00011121   00000000    rw- .bss
  200114a4    200114a4    00000cec   00000000    rw- .data
  20012190    20012190    00000800   00000000    rw- .stack


SECTION ALLOCATION MAP

 output                                  attributes/
section   page    origin      length       input sections
--------  ----  ----------  ----------   ----------------
.text      0    00000040    00017122     
                  00000040    00000c68     stk.aem4f : tcpin.oem4f (.text:TcpInput)
                  00000ca8    000008b8               : tcpout.oem4f (.text:TcpOutput)
                  00001560    00000430     sysbios.aem4f : BIOS.obj (.text:ti_sysbios_family_arm_m3_Hwi_excDumpRegs__I)
                  00001990    00000408     stk.aem4f : ipout.oem4f (.text:IPTxPacket)
                  00001d98    00000384               : ipin.oem4f (.text:IPRxPacket)
                  0000211c    0000034c     ti.targets.arm.rtsarm.aem4f : System.oem4f (.text:xdc_runtime_System_doPrint__I)
                  00002468    00000324     rtsv7M4_T_le_v4SPD16_eabi.lib : trgdrv.obj (.text)
                  0000278c    00000004     stk.aem4f : bind.oem4f (.text:BindGetIF)
                  00002790    00000314     sysbios.aem4f : BIOS.obj (.text:ti_sysbios_knl_Semaphore_pend__E)
                  00002aa4    00000004     stk.aem4f : bind.oem4f (.text:BindGetNext)
                  00002aa8    000002c0     sysbios.aem4f : BIOS.obj (.text:ti_sysbios_knl_Task_Instance_finalize__E)
                  00002d68    00000284     stk.aem4f : sock.oem4f (.text:SockSet)
                  00002fec    00000004     usblib.lib : usbdma.obj (.text:DMAUSBStatus)
                  00002ff0    00000258     sysbios.aem4f : BIOS.obj (.text:ti_sysbios_heaps_HeapMem_free__E)
                  00003248    0000024c     stk.aem4f : ipfrag.oem4f (.text:IPReasm)
                  00003494    00000004     os.aem4f : ossys.oem4f (.text:NDK_vsprintf)
                  00003498    00000248     sysbios.aem4f : BIOS.obj (.text:ti_sysbios_heaps_HeapMem_alloc__E)
                  000036e0    0000023c     stk.aem4f : icmpin.oem4f (.text:ICMPInput)
                  0000391c    00000238               : udp.oem4f (.text:UdpInput)
                  00003b54    00000204     Boot.aem4f : Boot_sysctl.oem4f (.text:ti_catalog_arm_cortexm4_tiva_ce_Boot_sysCtlClockFreqSetI__I)
                  00003d58    00000200     sysbios.aem4f : BIOS.obj (.text:ti_sysbios_knl_Task_sleep__E)
                  00003f58    000001fc                   : BIOS.obj (.text:ti_sysbios_family_arm_m3_Hwi_excHandlerMax__I)
                  00004154    000001f4     stk.aem4f : sock.oem4f (.text:SockRecv)
                  00004348    000001f4     sysbios.aem4f : BIOS.obj (.text:ti_sysbios_knl_Task_Instance_init__E)
                  0000453c    000001d8     USBCDCD.obj (.text:USBCDCD_init)
                  00004714    000001b8     drivers_tivaware.aem4f : EMACSnow.oem4f (.text:EMACSnow_NIMUInit)
                  000048cc    000001b0     stk.aem4f : lliout.oem4f (.text:LLITxIpPacket)
                  00004a7c    000001ac               : lliin.oem4f (.text:LLIRxPacket)
                  00004c28    0000019c     os.aem4f : mem.oem4f (.text:mmAlloc)
                  00004dc4    00000198     stk.aem4f : igmp.oem4f (.text:IGMPInput)
                  00004f5c    00000190               : sock.oem4f (.text:SockNew)
                  000050ec    00000004               : node.oem4f (.text:NodeSetRt)
                  000050f0    00000188     sysbios.aem4f : BIOS.obj (.text:ti_sysbios_knl_Task_setPri__E)
                  00005278    0000017c                   : BIOS.obj (.text:ti_sysbios_family_arm_lm4_TimestampProvider_get64__E)
                  000053f4    00000174     netctrl_min_ipv4.aem4f : netctrl.oem4f (.text:NC_NetStart)
                  00005568    00000174     sysbios.aem4f : BIOS.obj (.text:ti_sysbios_family_arm_m3_Hwi_excBusFault__I)
                  000056dc    00000170     stk.aem4f : rtc.oem4f (.text:RTCReport)
                  0000584c    00000170     usblib.lib : usbdma.obj (.text:USBLibDMAInit)
                  000059bc    0000016a     stk.aem4f : sb.oem4f (.text:SBRead)
                  00005b26    00000002     hal_userled_stub.aem4f : llled.oem4f (.text:LED_TOGGLE)
                  00005b28    00000168     sysbios.aem4f : BIOS.obj (.text:ti_sysbios_family_arm_lm4_Timer_start__E)
                  00005c90    00000164                   : BIOS.obj (.text:ti_sysbios_family_arm_m3_Hwi_excUsageFault__I)
                  00005df4    00000160     stk.aem4f : sock.oem4f (.text:SockConnect)
                  00005f54    00000158     nettool_ipv4.aem4f : dhcpmain.oem4f (.text:DHCPOpen)
                  000060ac    00000150     drivers_tivaware.aem4f : GPIOTiva.oem4f (.text:GPIO_setConfig)
                  000061fc    00000150     usblib.lib : usbdenum.obj (.text:USBDEP0StateTxConfig)
                  0000634c    00000150                : usbdenum.obj (.text:USBDeviceIntHandlerInternal)
                  0000649c    00000148                : usbdenum.obj (.text:USBDCDInit)
                  000065e4    00000004     stk.aem4f : rawethsock_prot.oem4f (.text:RawEthSockPrAttach)
                  000065e8    00000148     sysbios.aem4f : BIOS.obj (.text:ti_sysbios_family_arm_m3_Hwi_excMemFault__I)
                  00006730    00000144     stk.aem4f : bind.oem4f (.text:BindNew)
                  00006874    00000140               : tcp.oem4f (.text:TcpTimeoutCheck)
                  000069b4    00000140     usblib.lib : usbdconfig.obj (.text:USBDeviceConfig)
                  00006af4    00000004     stk.aem4f : rawethsock_prot.oem4f (.text:RawEthSockPrDetach)
                  00006af8    00000140     sysbios.aem4f : BIOS.obj (.text:ti_sysbios_knl_Semaphore_post__E)
                  00006c38    0000013c     nettool_ipv4.aem4f : config.oem4f (.text:CfgAddEntry)
                  00006d74    0000013c     stk.aem4f : sockint.oem4f (.text:SockNotify)
                  00006eb0    0000013c               : sock.oem4f (.text:SockSend)
                  00006fec    00000004     driverlib.lib : ssi.obj (.text:SSIIntClear)
                  00006ff0    0000013c     sysbios.aem4f : BIOS.obj (.text:ti_sysbios_heaps_HeapMem_Instance_init__E)
                  0000712c    00000004     os.aem4f : semaphore.oem4f (.text:SemPend)
                  00007130    0000013c     sysbios.aem4f : BIOS.obj (.text:ti_sysbios_knl_Clock_workFunc__E)
                  0000726c    00000004     os.aem4f : semaphore.oem4f (.text:SemPost)
                  00007270    00000138     sysbios.aem4f : BIOS.obj (.text:ti_sysbios_family_arm_m3_Hwi_dispatchC__I)
                  000073a8    00000138     TM4C_Receiver_pem4f.oem4f (.text:ti_uia_loggers_LoggerStopMode_writeMemoryRange__E)
                  000074e0    00000134     stk.aem4f : icmp.oem4f (.text:ICMPGenPacket)
                  00007614    00000130     driverlib.lib : gpio.obj (.text:GPIOPadConfigSet)
                  00007744    00000124     stk.aem4f : sockpcb.oem4f (.text:SockPcbResolve)
                  00007868    00000124               : udp.oem4f (.text:UdpOutput)
                  0000798c    00000120     TM4C_Receiver_pem4f.oem4f (.text:ti_ndk_config_Global_stackThread)
                  00007aac    00000004     os.aem4f : semaphore.oem4f (.text:SemReset)
                  00007ab0    0000011c     sysbios.aem4f : BIOS.obj (.text:ti_sysbios_knl_Clock_Instance_init__E)
                  00007bcc    00000004     os.aem4f : task.oem4f (.text:TaskSelf)
                  00007bd0    0000011c     sysbios.aem4f : BIOS.obj (.text:ti_sysbios_knl_Swi_run__I)
                  00007cec    00000118     stk.aem4f : tcpout.oem4f (.text:TcpGenPacket)
                  00007e04    00000118     ti.targets.arm.rtsarm.aem4f : Error.oem4f (.text:xdc_runtime_Error_policyDefault__E)
                  00007f1c    00000114     stk.aem4f : nimu.oem4f (.text:NIMUIoctl)
                  00008030    00000110     EK_TM4C1294XL.obj (.text:EK_TM4C1294XL_initEMAC)
                  00008140    00000110     stk.aem4f : node.oem4f (.text:NodeTreeFree)
                  00008250    00000110               : raw.oem4f (.text:RawInput)
                  00008360    00000110     sysbios.aem4f : BIOS.obj (.text:ti_sysbios_knl_Task_schedule__I)
                  00008470    0000010c     stk.aem4f : rtable.oem4f (.text:RtFind)
                  0000857c    0000010c     driverlib.lib : sysctl.obj (.text:SysCtlClockGet)
                  00008688    0000010c     TM4C_Receiver_pem4f.oem4f (.text:ti_uia_loggers_LoggerStopMode_write8__E)
                  00008794    0000010a     stk.aem4f : route.oem4f (.text:RtCreate)
                  0000889e    00000002               : nat.oem4f (.text:NatMsg)
                  000088a0    00000108     drivers_tivaware.aem4f : EMACSnow.oem4f (.text:EMACSnow_emacStart)
                  000089a8    00000108     sysbios.aem4f : BIOS.obj (.text:ti_sysbios_knl_Task_exit__E)
                  00008ab0    00000104     os.aem4f : task.oem4f (.text:llEnter)
                  00008bb4    00000102     nettool_ipv4.aem4f : dhcppkt.oem4f (.text:dhcpPacketProcess)
                  00008cb6    00000002     drivers_tivaware.aem4f : SPITivaDMA.oem4f (.text:SPITivaDMA_serviceISR)
                  00008cb8    00000100     stk.aem4f : igmp.oem4f (.text:IGMPSendReply)
                  00008db8    00000100     ti.targets.arm.rtsarm.aem4f : Core-mem.oem4f (.text:xdc_runtime_Core_createObject__I)
                  00008eb8    000000fc     netctrl_min_ipv4.aem4f : netctrl.oem4f (.text:NetScheduler)
                  00008fb4    00000004     os.aem4f : task.oem4f (.text:TaskSetPri)
                  00008fb8    000000fc     sysbios.aem4f : BIOS.obj (.text:ti_sysbios_knl_Task_postInit__I)
                  000090b4    00000004     driverlib.lib : usb.obj (.text:USBDevAddrSet)
                  000090b8    000000fc     sysbios.aem4f : BIOS.obj (.text:ti_sysbios_knl_Task_startCore__E)
                  000091b4    000000f8     stk.aem4f : pipe.oem4f (.text:PipeRecv)
                  000092ac    000000f8     ti.targets.arm.rtsarm.aem4f : Startup.oem4f (.text:xdc_runtime_Startup_startMods__I)
                  000093a4    000000f8     TM4C_Receiver_pem4f.oem4f (.text:xdc_runtime_System_printfExtend__I)
                  0000949c    000000f4     os.aem4f : task.oem4f (.text:TaskGetEnv)
                  00009590    000000f4     sysbios.aem4f : m3_Hwi_asm.obj (.text:ti_sysbios_family_arm_m3_Hwi_dispatch__I)
                  00009684    000000f4     TM4C_Receiver_pem4f.oem4f (.text:ti_uia_loggers_LoggerStopMode_write4__E)
                  00009778    000000f0     stk.aem4f : lliout.oem4f (.text:LLIGenArpPacket)
                  00009868    000000f0               : sock.oem4f (.text:SockClose)
                  00009958    000000ea     usblib.lib : usbdma.obj (.text:iDMAUSBTransfer)
                  00009a42    00000002     os.aem4f : task.oem4f (.text:_TaskInit)
                  00009a44    000000e8     EK_TM4C1294XL.obj (.text:EK_TM4C1294XL_initUSB)
                  00009b2c    000000e8     os.aem4f : task.oem4f (.text:TaskSetEnv)
                  00009c14    000000e8     TM4C_Receiver_pem4f.oem4f (.text:ti_uia_loggers_LoggerStopMode_write1__E)
                  00009cfc    000000e8     TM4C_Receiver_pem4f.oem4f (.text:ti_uia_loggers_LoggerStopMode_write2__E)
                  00009de4    000000e4     usblib.lib : usbdenum.obj (.text:USBDGetDescriptor)
                  00009ec8    000000e0     stk.aem4f : tcptime.oem4f (.text:TcpTimeoutRexmt)
                  00009fa8    000000dc               : sb.oem4f (.text:SBWrite)
                  0000a084    000000dc     nettool_ipv4.aem4f : dhcpsock.oem4f (.text:dhcpSocketOpen)
                  0000a160    000000dc                        : dhcpsm.oem4f (.text:dhcpState)
                  0000a23c    000000d8     stk.aem4f : node.oem4f (.text:NodeAdd)
                  0000a314    000000d8     drivers_tivaware.aem4f : SPITivaDMA.oem4f (.text:SPITivaDMA_open)
                  0000a3ec    000000d8     stk.aem4f : tcpprot.oem4f (.text:TcpPrSetOption)
                  0000a4c4    000000d8     usblib.lib : usbdenum.obj (.text:USBDeviceEnumHandler)
                  0000a59c    00000004     hal_ser_stub.aem4f : llserstb.oem4f (.text:_llSerialInit)
                  0000a5a0    000000d8     sysbios.aem4f : BIOS.obj (.text:ti_sysbios_family_arm_lm4_TimestampProvider_get32__E)
                  0000a678    000000d8     TM4C_Receiver_pem4f.oem4f (.text:ti_uia_loggers_LoggerStopMode_write0__E)
                  0000a750    000000d4     drivers_tivaware.aem4f : EMACSnow.oem4f (.text:EMACSnow_handleRx)
                  0000a824    000000d4     usblib.lib : usbdcdc.obj (.text:HandleRequests)
                  0000a8f8    000000d4     stk.aem4f : sockpcb.oem4f (.text:SockPcbBind)
                  0000a9cc    00000004               : listlib.oem4f (.text:list_get_head)
                  0000a9d0    000000d4     sysbios.aem4f : BIOS.obj (.text:ti_sysbios_knl_Swi_Instance_init__E)
                  0000aaa4    000000d1     stk.aem4f : nimu.oem4f (.text:NIMUReceivePacket)
                  0000ab75    00000001     --HOLE-- [fill = 0]
                  0000ab76    00000002     os.aem4f : task.oem4f (.text:_TaskShutdown)
                  0000ab78    000000d0     sysbios.aem4f : BIOS.obj (.text:ti_sysbios_family_arm_m3_Hwi_Module_startup__E)
                  0000ac48    000000cc     stk.aem4f : icmp.oem4f (.text:ICMPSendRtAdv)
                  0000ad14    000000cc     nettool_ipv4.aem4f : dhcpbild.oem4f (.text:dhcpBuildHeader)
                  0000ade0    000000cc                        : dhcpsm.oem4f (.text:dhcpIPAdd)
                  0000aeac    000000cc                        : dhcppkt.oem4f (.text:dhcpVerifyMessage)
                  0000af78    000000cc     ti.targets.arm.rtsarm.aem4f : Core-smem.oem4f (.text:xdc_runtime_Core_constructObject__I)
                  0000b044    000000c8     stk.aem4f : rawethsock.oem4f (.text:RawEthSockNew)
                  0000b10c    000000c8     netctrl_min_ipv4.aem4f : netsrv.oem4f (.text:SPIpNet)
                  0000b1d4    000000c4     drivers_tivaware.aem4f : EMACSnow.oem4f (.text:EMACSnow_InitDMADescriptors)
                  0000b298    000000c4     stk.aem4f : igmp.oem4f (.text:IGMPJoinHostGroup)
                  0000b35c    000000c4     nettool_ipv4.aem4f : dhcpsm.oem4f (.text:StateBound)
                  0000b420    000000c0     drivers_tivaware.aem4f : SPITivaDMA.oem4f (.text:SPITivaDMA_configDMA)
                  0000b4e0    000000c0     usblib.lib : usbdma.obj (.text:uDMAUSBChannelAllocate)
                  0000b5a0    000000bc                : usbbuffer.obj (.text:HandleRxAvailable)
                  0000b65c    000000bc     stk.aem4f : sockpcb.oem4f (.text:SockPcbFind)
                  0000b718    000000bc               : vlan.oem4f (.text:VLANDeinit)
                  0000b7d4    00000004               : listlib.oem4f (.text:list_get_next)
                  0000b7d8    000000bc     sysbios.aem4f : BIOS.obj (.text:ti_sysbios_family_arm_m3_Hwi_excDebugMon__I)
                  0000b894    00000004     TM4C_Receiver_pem4f.oem4f (.text:ti_sysbios_BIOS_RtsGateProxy_enter__E)
                  0000b898    000000bc     sysbios.aem4f : BIOS.obj (.text:ti_sysbios_family_arm_m3_Hwi_excHardFault__I)
                  0000b954    00000004     TM4C_Receiver_pem4f.oem4f (.text:ti_sysbios_BIOS_RtsGateProxy_leave__E)
                  0000b958    000000bc     sysbios.aem4f : BIOS.obj (.text:ti_sysbios_utils_Load_updateLoads__E)
                  0000ba14    000000ba     usblib.lib : usbdma.obj (.text:uDMAUSBTransfer)
                  0000bace    00000002     hal_ser_stub.aem4f : llserstb.oem4f (.text:_llSerialServiceCheck)
                  0000bad0    000000b8     EK_TM4C1294XL.obj (.text:EK_TM4C1294XL_initGeneral)
                  0000bb88    000000b8     stk.aem4f : icmpin.oem4f (.text:ICMPRevSrcRoute)
                  0000bc40    000000b8               : lli.oem4f (.text:_LLITimeoutCheck)
                  0000bcf8    000000b8     sysbios.aem4f : BIOS.obj (.text:ti_sysbios_knl_Task_unblockI__E)
                  0000bdb0    000000b4     EK_TM4C1294XL.obj (.text:EK_TM4C1294XL_initSPI)
                  0000be64    000000b4     stk.aem4f : tcptime.oem4f (.text:TcpTimeoutKeep)
                  0000bf18    000000b4     sysbios.aem4f : BIOS.obj (.text:ti_sysbios_gates_GateMutex_enter__E)
                  0000bfcc    00000004                   : BIOS.obj (.text:ti_sysbios_family_arm_lm4_Timer_masterEnable__I)
                  0000bfd0    000000b4                   : BIOS.obj (.text:ti_sysbios_knl_Task_checkStacks__E)
                  0000c084    000000b0     stk.aem4f : rawethsock.oem4f (.text:RawEthSockSet)
                  0000c134    00000004     TM4C_Receiver_pem4f.oem4f (.text:ti_sysbios_family_arm_m3_Hwi_delete)
                  0000c138    000000b0     sysbios.aem4f : BIOS.obj (.text:ti_sysbios_utils_Load_idleFxn__E)
                  0000c1e8    000000ac     stk.aem4f : rtable.oem4f (.text:RtTimeoutCheck)
                  0000c294    000000ac     spi_helper.obj (.text:SpiRead)
                  0000c340    000000ac     sysbios.aem4f : BIOS.obj (.text:ti_sysbios_family_arm_lm4_Timer_enableTiva__I)
                  0000c3ec    00000004     TM4C_Receiver_pem4f.oem4f (.text:ti_sysbios_family_arm_m3_Hwi_destruct)
                  0000c3f0    000000ac     sysbios.aem4f : BIOS.obj (.text:ti_sysbios_knl_Swi_post__E)
                  0000c49c    000000a8     usblib.lib : usbdcdc.obj (.text:HandleDevice)
                  0000c544    000000a8     stk.aem4f : sockint.oem4f (.text:SockCreatePacket)
                  0000c5ec    00000004     TM4C_Receiver_pem4f.oem4f (.text:ti_sysbios_family_arm_m3_TaskSupport_Module__startupDone__S)
                  0000c5f0    000000a8     sysbios.aem4f : BIOS.obj (.text:ti_sysbios_family_arm_lm4_Timer_enableTimers__I)
                  0000c698    000000a8                   : BIOS.obj (.text:ti_sysbios_knl_Task_blockI__E)
                  0000c740    000000a4     drivers_tivaware.aem4f : SPITivaDMA.oem4f (.text:SPITivaDMA_initHw)
                  0000c7e4    000000a0     stk.aem4f : ip.oem4f (.text:IPGetRoute)
                  0000c884    000000a0     spi_helper.obj (.text:SpiWrite)
                  0000c924    000000a0     usblib.lib : usbdcdc.obj (.text:USBDCDCCompositeInit)
                  0000c9c4    000000a0     auto_init.aem4f : auto_init.oem4f (.text)
                  0000ca64    000000a0     ti.targets.arm.rtsarm.aem4f : Text.oem4f (.text:xdc_runtime_Text_putMod__E)
                  0000cb04    0000009e     stk.aem4f : nimu.oem4f (.text:NIMUAddEthernetHeader)
                  0000cba2    0000009e     nettool_ipv4.aem4f : dhcpbild.oem4f (.text:dhcpBuildRequest)
                  0000cc40    0000009c     stk.aem4f : exec.oem4f (.text:ExecOpen)
                  0000ccdc    0000009c     USBCDCD.obj (.text:cbSerialHandler)
                  0000cd78    0000009c     rtsv7M4_T_le_v4SPD16_eabi.lib : memcpy_t2.obj (.text)
                  0000ce14    00000004     TM4C_Receiver_pem4f.oem4f (.text:ti_sysbios_hal_Hwi_HwiProxy_delete)
                  0000ce18    0000009c     sysbios.aem4f : BIOS.obj (.text:ti_sysbios_knl_Semaphore_Instance_init__E)
                  0000ceb4    0000009a     ti.targets.arm.rtsarm.aem4f : Text.oem4f (.text:xdc_runtime_Text_putSite__E)
                  0000cf4e    00000002     hal_ser_stub.aem4f : llserstb.oem4f (.text:_llSerialShutdown)
                  0000cf50    00000098     netctrl_min_ipv4.aem4f : netctrl.oem4f (.text:NC_SystemOpen)
                  0000cfe8    00000098                            : netsrv.oem4f (.text:ServiceScan)
                  0000d080    00000098     USBCDCD.obj (.text:USBCDCD_sendData)
                  0000d118    00000098     usblib.lib : usbdenum.obj (.text:USBDSetInterface)
                  0000d1b0    00000098     Boot.aem4f : Boot.oem4f (.text:ti_catalog_arm_cortexm4_tiva_ce_Boot_sysCtlClockFreqSet__E)
                  0000d248    00000098     sysbios.aem4f : BIOS.obj (.text:ti_sysbios_knl_Mailbox_post__E)
                  0000d2e0    00000096     usblib.lib : usbdcdc.obj (.text:CDCTickHandler)
                  0000d376    00000002     hal_userled_stub.aem4f : llled.oem4f (.text:_llUserLedInit)
                  0000d378    00000094     nettool_ipv4.aem4f : config.oem4f (.text:CfgRemoveEntry)
                  0000d40c    00000094     usblib.lib : usbbuffer.obj (.text:ScheduleNextTransmission)
                  0000d4a0    00000094     sysbios.aem4f : BIOS.obj (.text:ti_sysbios_family_arm_m3_Hwi_Instance_init__E)
                  0000d534    00000004     TM4C_Receiver_pem4f.oem4f (.text:ti_sysbios_heaps_HeapMem_Module_GateProxy_enter__E)
                  0000d538    00000094     sysbios.aem4f : BIOS.obj (.text:ti_sysbios_family_arm_m3_Hwi_initNVIC__E)
                  0000d5cc    00000092     usblib.lib : usbdcdc.obj (.text:SendSerialState)
                  0000d65e    00000002     hal_userled_stub.aem4f : llled.oem4f (.text:_llUserLedShutdown)
                  0000d660    00000090     nettool_ipv4.aem4f : config.oem4f (.text:CfgExecute)
                  0000d6f0    00000090     stk.aem4f : igmp.oem4f (.text:IGMPMsg)
                  0000d780    00000090     usblib.lib : usbdcdc.obj (.text:USBDCDCPacketRead)
                  0000d810    00000090     os.aem4f : mem.oem4f (.text:mmBulkAlloc)
                  0000d8a0    00000090     sysbios.aem4f : BIOS.obj (.text:ti_sysbios_knl_Task_Module_startup__E)
                  0000d930    00000090     ti.uia.loggers.aem4f : LoggerStopMode.oem4f (.text:ti_uia_loggers_LoggerStopMode_initQueueDescriptor__E)
                  0000d9c0    0000008c     drivers_tivaware.aem4f : GPIOTiva.oem4f (.text:GPIO_init)
                  0000da4c    0000008c     stk.aem4f : ip.oem4f (.text:IPMsg)
                  0000dad8    0000008c     usblib.lib : usbdenum.obj (.text:USBDSetConfiguration)
                  0000db64    0000008c                : usbdconfig.obj (.text:USBDeviceConfigAlternate)
                  0000dbf0    0000008c     os.aem4f : mem.oem4f (.text:_mmInit)
                  0000dc7c    0000008c              : mem.oem4f (.text:mmInitPage)
                  0000dd08    0000008c     sysbios.aem4f : m3_TaskSupport_asm.obj (.text:ti_sysbios_family_arm_m3_TaskSupport_buildTaskStack)
                  0000dd94    00000004     TM4C_Receiver_pem4f.oem4f (.text:ti_sysbios_heaps_HeapMem_Module_GateProxy_leave__E)
                  0000dd98    0000008c     sysbios.aem4f : BIOS.obj (.text:ti_sysbios_knl_Mailbox_pend__E)
                  0000de24    0000008a     netctrl_min_ipv4.aem4f : netsrv.oem4f (.text:SPRoute)
                  0000deae    00000002     usblib.lib : usbdma.obj (.text:iDMAUSBArbSizeSet)
                  0000deb0    00000088     netctrl_min_ipv4.aem4f : netsrv.oem4f (.text:ServiceSpawn)
                  0000df38    00000088     stk.aem4f : sockpcb.oem4f (.text:SockPcbCtlError)
                  0000dfc0    00000088     TM4C_Receiver_pem4f.oem4f (.text:ti_ndk_config_ip_init)
                  0000e048    00000088     sysbios.aem4f : BIOS.obj (.text:ti_sysbios_knl_Mailbox_Module_startup__E)
                  0000e0d0    00000087     TM4C_Receiver_pem4f.oem4f (.text:ti_ndk_config_Global_NetworkIPAddr)
                  0000e157    00000001     --HOLE-- [fill = 0]
                  0000e158    00000086     nettool_ipv4.aem4f : dhcpsm.oem4f (.text:StateRequesting)
                  0000e1de    00000002     usblib.lib : usbdma.obj (.text:iDMAUSBUnitSizeSet)
                  0000e1e0    00000084     nettool_ipv4.aem4f : config.oem4f (.text:CfgGetEntry)
                  0000e264    00000084     drivers_tivaware.aem4f : EMACSnow.oem4f (.text:EMACSnow_processPhyInterrupt)
                  0000e2e8    00000084     stk.aem4f : tcpprot.oem4f (.text:TcpPrAttach)
                  0000e36c    00000084     usblib.lib : usbdma.obj (.text:iDMAUSBChannelAllocate)
                  0000e3f0    00000084     os.aem4f : mem.oem4f (.text:mmBulkFree)
                  0000e474    00000084              : mem.oem4f (.text:mmFree)
                  0000e4f8    00000084     sysbios.aem4f : BIOS.obj (.text:ti_sysbios_family_arm_m3_Hwi_postInit__I)
                  0000e57c    00000084     driverlib.lib : udma.obj (.text:uDMAChannelTransferSet)
                  0000e600    00000082     nettool_ipv4.aem4f : dhcpsm.oem4f (.text:StateRenewRebind)
                  0000e682    00000002     hal_ser_stub.aem4f : llserstb.oem4f (.text:llSerialService)
                  0000e684    00000080     drivers_tivaware.aem4f : EMACSnow.oem4f (.text:EMACSnow_emacStop)
                  0000e704    00000080                            : EMACSnow.oem4f (.text:EMACSnow_processPendingTx)
                  0000e784    00000080     stk.aem4f : lli.oem4f (.text:LLINew)
                  0000e804    00000080     netctrl_min_ipv4.aem4f : netsrv.oem4f (.text:NS_BootTask)
                  0000e884    00000080     stk.aem4f : pbm.oem4f (.text:PBM_alloc)
                  0000e904    00000080               : raw.oem4f (.text:RawOutput)
                  0000e984    0000007e               : fileuser.oem4f (.text:fdClose)
                  0000ea02    00000002     rtsv7M4_T_le_v4SPD16_eabi.lib : i_div0.obj (.text)
                  0000ea04    0000007c     nettool_ipv4.aem4f : config.oem4f (.text:CfgGetNextEntry)
                  0000ea80    0000007c     drivers_tivaware.aem4f : EMACSnow.oem4f (.text:EMACSnow_hwiIntFxn)
                  0000eafc    0000007c     stk.aem4f : igmp.oem4f (.text:IGMPDoMCast)
                  0000eb78    0000007c               : igmp.oem4f (.text:IGMPJoin)
                  0000ebf4    0000007c               : socket.oem4f (.text:NDK_setsockopt)
                  0000ec70    0000007c               : nimu.oem4f (.text:NIMURegister)
                  0000ecec    0000007c               : pbm.oem4f (.text:PBM_free)
                  0000ed68    0000007c     usblib.lib : usbdenum.obj (.text:USBDClearFeature)
                  0000ede4    0000007a     driverlib.lib : usb.obj (.text:USBDevEndpointConfigSet)
                  0000ee5e    0000007a     rtsv7M4_T_le_v4SPD16_eabi.lib : memset_t2.obj (.text)
                  0000eed8    00000078     driverlib.lib : emac.obj (.text:EMACInit)
                  0000ef50    00000078     stk.aem4f : socket.oem4f (.text:NDK_sendto)
                  0000efc8    00000078               : tcptime.oem4f (.text:TcpXmitTimer)
                  0000f040    00000078               : fileuser.oem4f (.text:fdOpenSession)
                  0000f0b8    00000078     os.aem4f : task.oem4f (.text:llExit)
                  0000f130    00000078     USBCDCD.obj (.text:txData)
                  0000f1a8    00000075     stk.aem4f : tcptime.oem4f (.text:TcpTimeoutSackRexmt)
                  0000f21d    00000001     --HOLE-- [fill = 0]
                  0000f21e    00000002     TM4C_Receiver_pem4f.oem4f (.text:ti_ndk_config_Global_NetworkClose)
                  0000f220    00000074     stk.aem4f : igmp.oem4f (.text:IGMPLeaveHostGroup)
                  0000f294    00000074               : nimu.oem4f (.text:NIMUShutdown)
                  0000f308    00000074               : raweth.oem4f (.text:RawEthRxPacket)
                  0000f37c    00000074     TM4C_Receiver.obj (.text:ReceivePacket)
                  0000f3f0    00000074     stk.aem4f : sockpcb.oem4f (.text:SockPcbConnect)
                  0000f464    00000074     usblib.lib : usbdenum.obj (.text:USBDGetStatus)
                  0000f4d8    00000074     sysbios.aem4f : BIOS.obj (.text:ti_sysbios_knl_Clock_start__E)
                  0000f54c    00000074     ti.uia.runtime.aem4f : QueueDescriptor.oem4f (.text:ti_uia_runtime_QueueDescriptor_addToList__E)
                  0000f5c0    00000072     usblib.lib : usbdcdc.obj (.text:ProcessDataFromHost)
                  0000f632    00000002     TM4C_Receiver_pem4f.oem4f (.text:ti_ndk_config_Global_NetworkOpen)
                  0000f634    00000072     os.aem4f : semaphore.oem4f (.text:SemCreateBinary)
                  0000f6a6    00000072     usblib.lib : usbdma.obj (.text:uDMAUSBArbSizeSet)
                  0000f718    00000070     TM4C_Receiver.obj (.text:ChangeChannel)
                  0000f788    00000070     stk.aem4f : rtable.oem4f (.text:RtFlush)
                  0000f7f8    00000070     netctrl_min_ipv4.aem4f : netsrv.oem4f (.text:SPConfig)
                  0000f868    00000070     stk.aem4f : sock.oem4f (.text:SockShutdown)
                  0000f8d8    00000070     usblib.lib : usbdenum.obj (.text:USBDEP0StateTx)
                  0000f948    00000070     nettool_ipv4.aem4f : dhcptags.oem4f (.text:dhcpDecodeType)
                  0000f9b8    00000070     usblib.lib : usbdma.obj (.text:uDMAUSBUnitSizeSet)
                  0000fa28    0000006e     stk.aem4f : socket.oem4f (.text:NDK_recv)
                  0000fa96    00000002     TM4C_Receiver_pem4f.oem4f (.text:ti_sysbios_BIOS_nullFunc__I)
                  0000fa98    0000006e     stk.aem4f : rtable.oem4f (.text:RtWalkNext)
                  0000fb06    0000006e               : sockpcb.oem4f (.text:SockPcbFindRaw)
                  0000fb74    0000006d               : node.oem4f (.text:NodeNew)
                  0000fbe1    00000001     --HOLE-- [fill = 0]
                  0000fbe2    00000002     TM4C_Receiver_pem4f.oem4f (.text:ti_uia_loggers_LoggerStopMode_setFilterLevel__E)
                  0000fbe4    0000006d     ti.targets.arm.rtsarm.aem4f : System.oem4f (.text:xdc_runtime_System_formatNum__I)
                  0000fc51    00000001     --HOLE-- [fill = 0]
                  0000fc52    0000006c     cc1190_helper.obj (.text:CC1190SetMode)
                  0000fcbe    00000002     ti.uia.loggers.aem4f : LoggerStopMode.oem4f (.text:ti_uia_loggers_LoggerStopMode_setPriority__E)
                  0000fcc0    0000006c     os.aem4f : ossys.oem4f (.text:DbgPrintf)
                  0000fd2c    0000006c     stk.aem4f : node.oem4f (.text:NodeTreeNew)
                  0000fd98    0000006c               : udp.oem4f (.text:UdpChecksum)
                  0000fe04    0000006c     TM4C_Receiver_pem4f.oem4f (.text:ti_sysbios_family_arm_m3_Hwi_Object__create__S)
                  0000fe70    0000006c     sysbios.aem4f : BIOS.obj (.text:ti_sysbios_knl_Swi_restoreHwi__E)
                  0000fedc    0000006c     ti.targets.arm.rtsarm.aem4f : Error.oem4f (.text:xdc_runtime_Error_print__E)
                  0000ff48    0000006c                                 : Memory.oem4f (.text:xdc_runtime_Memory_alloc__E)
                  0000ffb4    0000006a     stk.aem4f : tcpprot.oem4f (.text:TcpPrInherit)
                  0001001e    00000068     CC1101.obj (.text:CC1101Read)
                  00010086    00000002     usblib.lib : usbdma.obj (.text:uDMAUSBChannelIntDisable)
                  00010088    00000068     driverlib.lib : interrupt.obj (.text:IntDisable)
                  000100f0    00000068                   : interrupt.obj (.text:IntEnable)
                  00010158    00000068     stk.aem4f : socket.oem4f (.text:NDK_socket)
                  000101c0    00000068               : pbm.oem4f (.text:PBM_open)
                  00010228    00000068     usblib.lib : usbdenum.obj (.text:USBDSetFeature)
                  00010290    00000068     stk.aem4f : rtable.oem4f (.text:_RtNodeInsert)
                  000102f8    00000068     rtsv7M4_T_le_v4SPD16_eabi.lib : copy_decompress_lzss.obj (.text:decompress:lzss)
                  00010360    00000068                                   : trgmsg.obj (.text)
                  000103c8    00000066     ti.uia.loggers.aem4f : LoggerStopMode.oem4f (.text:ti_uia_loggers_LoggerStopMode_flush__E)
                  0001042e    00000066     ti.targets.arm.rtsarm.aem4f : Core-mem.oem4f (.text:xdc_runtime_Core_deleteObject__I)
                  00010494    00000064     CC1101.obj (.text:CC1101GetRegisterWithSpiSyncProblem)
                  000104f8    00000064     nettool_ipv4.aem4f : config.oem4f (.text:CfgFree)
                  0001055c    00000064     drivers_tivaware.aem4f : GPIOTiva.oem4f (.text:GPIO_hwiIntFxn)
                  000105c0    00000064     driverlib.lib : interrupt.obj (.text:IntIsEnabled)
                  00010624    00000064     stk.aem4f : pbm.oem4f (.text:PBMQ_enq)
                  00010688    00000064               : sockint.oem4f (.text:SockSpawnAbort)
                  000106ec    00000064     hal_timer_bios.aem4f : lltimer.oem4f (.text:llTimerTick)
                  00010750    00000064     sysbios.aem4f : BIOS.obj (.text:ti_sysbios_family_arm_lm4_Timer_Module_startup__E)
                  000107b4    00000064     TM4C_Receiver_pem4f.oem4f (.text:ti_sysbios_family_arm_m3_Hwi_create)
                  00010818    00000064     TM4C_Receiver_pem4f.oem4f (.text:ti_sysbios_hal_Hwi_create)
                  0001087c    00000064     usblib.lib : usbdma.obj (.text:uDMAUSBChannelEnable)
                  000108e0    00000064     stk.aem4f : lliin.oem4f (.text:updateRtTable)
                  00010944    00000062               : ipin.oem4f (.text:IPRouteIP)
                  000109a6    00000002     usblib.lib : usbdma.obj (.text:uDMAUSBChannelIntEnable)
                  000109a8    00000062     stk.aem4f : sb.oem4f (.text:SBNew)
                  00010a0a    00000062     drivers_tivaware.aem4f : SPITivaDMA.oem4f (.text:SPITivaDMA_transfer)
                  00010a6c    00000060     TM4C_Receiver.obj (.text:CC1101Init)
                  00010acc    00000060     nettool_ipv4.aem4f : config.oem4f (.text:CfgGetEntryCnt)
                  00010b2c    00000060     stk.aem4f : file.oem4f (.text:FdWaitEvent)
                  00010b8c    00000060               : nimu.oem4f (.text:NIMUUnregister)
                  00010bec    00000060               : node.oem4f (.text:NodeFind)
                  00010c4c    00000060               : rtc.oem4f (.text:RTCMsg)
                  00010cac    00000060               : tcp.oem4f (.text:TcpChecksum)
                  00010d0c    00000060     usblib.lib : usbbuffer.obj (.text:USBBufferEventCallback)
                  00010d6c    00000060                : usbdenum.obj (.text:USBDReadAndDispatchRequest)
                  00010dcc    00000060     nettool_ipv4.aem4f : dhcptags.oem4f (.text:dhcpBuildOptions)
                  00010e2c    00000060     TM4C_Receiver_pem4f.oem4f (.text:ti_ndk_config_Global_serviceReport)
                  00010e8c    00000004     TM4C_Receiver_pem4f.oem4f (.text:ti_sysbios_knl_Clock_TimerProxy_getMaxTicks__E)
                  00010e90    00000060     sysbios.aem4f : BIOS.obj (.text:ti_sysbios_family_arm_lm4_Timer_isrStub__E)
                  00010ef0    00000060                   : BIOS.obj (.text:ti_sysbios_knl_Clock_logTick__E)
                  00010f50    00000060                   : BIOS.obj (.text:ti_sysbios_utils_Load_logCPULoad__I)
                  00010fb0    0000005e     CC1101.obj (.text:CC1101GdoInit)
                  0001100e    0000005e     usblib.lib : usbdcdc.obj (.text:ProcessDataToHost)
                  0001106c    0000005e     stk.aem4f : route.oem4f (.text:RtRemove)
                  000110ca    0000005e     nettool_ipv4.aem4f : dhcpsm.oem4f (.text:StateSelecting)
                  00011128    0000005e     driverlib.lib : usb.obj (.text:USBDevEndpointStatusClear)
                  00011186    0000005e     stk.aem4f : vlan.oem4f (.text:VLANReceivePacket)
                  000111e4    0000005c     nettool_ipv4.aem4f : config.oem4f (.text:CfgSetExecuteOrder)
                  00011240    0000005c     stk.aem4f : nimu.oem4f (.text:NIMUIoctlSpecialCmd)
                  0001129c    0000005c     netctrl_min_ipv4.aem4f : netsrv.oem4f (.text:SPService)
                  000112f8    0000005c     usblib.lib : usbdcdc.obj (.text:USBDCDCInit)
                  00011354    0000005c     TM4C_Receiver_pem4f.oem4f (.text:ti_sysbios_knl_Swi_create)
                  000113b0    0000005c     sysbios.aem4f : BIOS.obj (.text:ti_sysbios_knl_Swi_schedule__I)
                  0001140c    0000005c     TM4C_Receiver_pem4f.oem4f (.text:ti_sysbios_knl_Task_create)
                  00011468    0000005b     ti.targets.arm.rtsarm.aem4f : Text.oem4f (.text:xdc_runtime_Text_putLab__E)
                  000114c3    00000001     --HOLE-- [fill = 0]
                  000114c4    0000005a     stk.aem4f : route.oem4f (.text:RtRedirect)
                  0001151e    0000005a               : tcpprot.oem4f (.text:TcpValidateMetrics)
                  00011578    0000005a     nettool_ipv4.aem4f : dhcpbild.oem4f (.text:dhcpBuildDecline)
                  000115d2    0000005a     os.aem4f : mem.oem4f (.text:mmCopy)
                  0001162c    0000005a     TM4C_Receiver_pem4f.oem4f (.text:ti_ndk_config_tcp_init)
                  00011686    00000002     TM4C_Receiver_pem4f.oem4f (.text:xdc_runtime_Startup_reset__I)
                  00011688    00000058     stk.aem4f : bind.oem4f (.text:BindFree)
                  000116e0    00000058     boot.aem4f : boot.oem4f (.text)
                  00011738    00000058     driverlib.lib : emac.obj (.text:EMACPHYConfigSet)
                  00011790    00000058     stk.aem4f : igmp.oem4f (.text:IGMPTimer)
                  000117e8    00000058     os.aem4f : semaphore.oem4f (.text:SemCreate)
                  00011840    00000058     usblib.lib : usbdcdc.obj (.text:USBDCDCPacketWrite)
                  00011898    00000058     TM4C_Receiver_pem4f.oem4f (.text:ti_sysbios_family_arm_m3_Hwi_construct)
                  000118f0    00000058     sysbios.aem4f : m3_Hwi_asm_switch.obj (.text:ti_sysbios_family_arm_m3_Hwi_initStacks__E)
                  00011948    00000056     driverlib.lib : gpio.obj (.text:GPIOIntTypeSet)
                  0001199e    00000056     usblib.lib : usbdma.obj (.text:uDMAUSBChannelRelease)
                  000119f4    00000054     nettool_ipv4.aem4f : config.oem4f (.text:CfgEntryDeRef)
                  00011a48    00000054     stk.aem4f : igmp.oem4f (.text:IGMPLeave)
                  00011a9c    00000054               : rawethsock_pcb.oem4f (.text:RawEthSockPcbAttach)
                  00011af0    00000054               : sockpcb.oem4f (.text:SockCleanPcb)
                  00011b44    00000054               : tcptime.oem4f (.text:TcpTimeoutPersist)
                  00011b98    00000054     rtsv7M4_T_le_v4SPD16_eabi.lib : exit.obj (.text)
                  00011bec    00000004     TM4C_Receiver_pem4f.oem4f (.text:ti_sysbios_knl_Clock_TimerProxy_getPeriod__E)
                  00011bf0    00000054     sysbios.aem4f : BIOS.obj (.text:ti_sysbios_knl_Swi_Instance_finalize__E)
                  00011c44    00000054     ti.targets.arm.rtsarm.aem4f : Assert.oem4f (.text:xdc_runtime_Assert_raise__I)
                  00011c98    00000052     stk.aem4f : tcpprot.oem4f (.text:TcpPrDetach)
                  00011cea    00000052     usblib.lib : usbulpi.obj (.text:ULPIConfigSet)
                  00011d3c    00000050     drivers_tivaware.aem4f : GPIOTiva.oem4f (.text:GPIO_setCallback)
                  00011d8c    00000050                            : GPIOTiva.oem4f (.text:GPIO_toggle)
                  00011ddc    00000050     stk.aem4f : socket.oem4f (.text:NDK_bind)
                  00011e2c    00000050               : route.oem4f (.text:RtNew)
                  00011e7c    00000050     driverlib.lib : sysctl.obj (.text:SysCtlPeripheralReset)
                  00011ecc    00000050     usblib.lib : usbdcdesc.obj (.text:USBDCDConfigDescGet)
                  00011f1c    00000050                : usbdenum.obj (.text:USBDeviceResumeTickHandler)
                  00011f6c    00000050     Boot.aem4f : Boot_sysctl.oem4f (.text:_SysCtlFrequencyGet)
                  00011fbc    00000050     ti.targets.arm.rtsarm.aem4f : Startup.oem4f (.text:xdc_runtime_Startup_exec__E)
                  0001200c    00000050                                 : Text.oem4f (.text:xdc_runtime_Text_visitRope2__I)
                  0001205c    0000004e     stk.aem4f : node.oem4f (.text:NodeDeRef)
                  000120aa    0000004e     driverlib.lib : usb.obj (.text:USBDevEndpointStallClear)
                  000120f8    0000004e     nettool_ipv4.aem4f : config.oem4f (.text:_CfgEntryScan)
                  00012146    0000004c     usblib.lib : usbdcdesc.obj (.text:ConfigAlternateInterfaceGet)
                  00012192    0000004c                : usbdconfig.obj (.text:GetEPDescriptorType)
                  000121de    0000004c                : usbdcdc.obj (.text:HandleEndpoints)
                  0001222a    00000002     --HOLE-- [fill = 0]
                  0001222c    0000004c     nettool_ipv4.aem4f : ipaddr.oem4f (.text:NtAddNetwork)
                  00012278    0000004c     stk.aem4f : sockint.oem4f (.text:SockValidateRoute)
                  000122c4    0000004c     USBCDCD.obj (.text:USBCDCD_waitForConnect)
                  00012310    0000004c     driverlib.lib : usb.obj (.text:USBEndpointDMAConfigSet)
                  0001235c    0000004c     rtsv7M4_T_le_v4SPD16_eabi.lib : cpy_tbl.obj (.text)
                  000123a8    0000004c     sysbios.aem4f : BIOS.obj (.text:ti_sysbios_heaps_HeapMem_getStats__E)
                  000123f4    00000004     TM4C_Receiver_pem4f.oem4f (.text:ti_sysbios_knl_Queue_destruct)
                  000123f8    0000004c     sysbios.aem4f : BIOS.obj (.text:ti_sysbios_knl_Swi_runLoop__I)
                  00012444    00000004     TM4C_Receiver_pem4f.oem4f (.text:ti_sysbios_knl_Semaphore_delete)
                  00012448    0000004c     sysbios.aem4f : BIOS.obj (.text:ti_sysbios_knl_Task_allBlockedFunction__I)
                  00012494    0000004c     ti.uia.loggers.aem4f : LoggerStopMode.oem4f (.text:ti_uia_loggers_LoggerStopMode_Module_startup__E)
                  000124e0    0000004a     CC1101.obj (.text:CC1101GetRegister)
                  0001252a    0000004a     CC1101.obj (.text:CC1101ReadRxFifo)
                  00012574    0000004a     netctrl_min_ipv4.aem4f : netsrv.oem4f (.text:ServiceKill)
                  000125be    0000004a     stk.aem4f : sock.oem4f (.text:SockDisconnect)
                  00012608    0000004a               : timer.oem4f (.text:TimerNew)
                  00012652    0000004a     usblib.lib : usbdma.obj (.text:iDMAUSBChannelEnable)
                  0001269c    0000004a                : usbdma.obj (.text:uDMAUSBChannelDisable)
                  000126e6    00000048     nettool_ipv4.aem4f : config.oem4f (.text:CfgNew)
                  0001272e    00000002     --HOLE-- [fill = 0]
                  00012730    00000048     driverlib.lib : gpio.obj (.text:GPIOPinConfigure)
                  00012778    00000048     usblib.lib : usbdcdc.obj (.text:HandleEP0Data)
                  000127c0    00000048     stk.aem4f : lli.oem4f (.text:LLIMsg)
                  00012808    00000048               : node.oem4f (.text:NodeWalk)
                  00012850    00000048               : rawethsock_pcb.oem4f (.text:RawEthSockPcbDetach)
                  00012898    00000048               : sockpcb.oem4f (.text:SockPcbResolveChain)
                  000128e0    00000048               : tcpprot.oem4f (.text:TcpDrop)
                  00012928    00000048     usblib.lib : usbdenum.obj (.text:USBDStringIndexFromRequest)
                  00012970    00000048                : usbdenum.obj (.text:USBDeviceEnumResetHandler)
                  000129b8    00000048     stk.aem4f : lli.oem4f (.text:_LLIExpListInsert)
                  00012a00    00000048               : rtable.oem4f (.text:_RtExpListInsert)
                  00012a48    00000048               : file.oem4f (.text:fdint_lockfd)
                  00012a90    00000048     sysbios.aem4f : BIOS.obj (.text:ti_sysbios_family_arm_m3_Hwi_disableInterrupt__E)
                  00012ad8    00000048                   : BIOS.obj (.text:ti_sysbios_family_arm_m3_Hwi_enableInterrupt__E)
                  00012b20    00000048                   : BIOS.obj (.text:ti_sysbios_family_arm_m3_Hwi_excReserved__I)
                  00012b68    00000048                   : BIOS.obj (.text:ti_sysbios_knl_Task_deleteTerminatedTasksFunc__I)
                  00012bb0    00000048     driverlib.lib : udma.obj (.text:uDMAChannelAttributeDisable)
                  00012bf8    00000046     nettool_ipv4.aem4f : ipaddr.oem4f (.text:NtIfIdx2Ip)
                  00012c3e    00000046     stk.aem4f : tcpprot.oem4f (.text:TcpPrCtlError)
                  00012c84    00000046     os.aem4f : mem.oem4f (.text:mmZeroInit)
                  00012cca    00000046     ti.targets.arm.rtsarm.aem4f : Core-params.oem4f (.text:xdc_runtime_Core_assignParams__I)
                  00012d10    00000044     cc1190_helper.obj (.text:CC1190Init)
                  00012d54    00000044     drivers_tivaware.aem4f : EMACSnow.oem4f (.text:EMACSnow_processTransmitted)
                  00012d98    00000044     stk.aem4f : icmp.oem4f (.text:ICMPChecksum)
                  00012ddc    00000044               : ipfrag.oem4f (.text:IPReasmFree)
                  00012e20    00000044               : lli.oem4f (.text:LLIGetValidTime)
                  00012e64    00000044               : rtable.oem4f (.text:RouteMsg)
                  00012ea8    00000044               : rtable.oem4f (.text:RtWalkEnd)
                  00012eec    00000044     drivers_tivaware.aem4f : SPITivaDMA.oem4f (.text:SPITivaDMA_hwiFxn)
                  00012f30    00000044     stk.aem4f : sockpcb.oem4f (.text:SockPcbDetach)
                  00012f74    00000044               : timer.oem4f (.text:TimerListInsert)
                  00012fb8    00000044     usblib.lib : usbdenum.obj (.text:USBDCDDeviceInfoInit)
                  00012ffc    00000044                : usbdenum.obj (.text:USBDGetInterface)
                  00013040    00000044     driverlib.lib : usb.obj (.text:USBEndpointDataGet)
                  00013084    00000044     hal_timer_bios.aem4f : lltimer.oem4f (.text:llTimerGetTime)
                  000130c8    00000044     sysbios.aem4f : BIOS.obj (.text:ti_sysbios_family_arm_lm4_Timer_stop__E)
                  0001310c    00000004     TM4C_Receiver_pem4f.oem4f (.text:ti_sysbios_knl_Semaphore_destruct)
                  00013110    00000044     sysbios.aem4f : BIOS.obj (.text:ti_sysbios_family_arm_m3_Hwi_getStackInfo__E)
                  00013154    00000044     ti.uia.loggers.aem4f : LoggerStopMode.oem4f (.text:ti_uia_loggers_LoggerStopMode_initBuffer__I)
                  00013198    00000044     ti.targets.arm.rtsarm.aem4f : Error.oem4f (.text:xdc_runtime_Error_setX__E)
                  000131dc    00000044                                 : SysMin.oem4f (.text:xdc_runtime_SysMin_flush__E)
                  00013220    00000044                                 : Text.oem4f (.text:xdc_runtime_Text_xprintf__I)
                  00013264    00000042     drivers_tivaware.aem4f : SPITivaDMA.oem4f (.text:SPITivaDMA_transferCancel)
                  000132a6    00000042     stk.aem4f : tcpprot.oem4f (.text:TcpPrSendOOB)
                  000132e8    00000042               : fileuser.oem4f (.text:fdCloseSession)
                  0001332a    00000002     --HOLE-- [fill = 0]
                  0001332c    00000040               : lliin.oem4f (.text:LLIValidateRoute)
                  0001336c    00000040               : pbm.oem4f (.text:PBM_copy)
                  000133ac    00000040               : sockpcb.oem4f (.text:SockPcbRtChange)
                  000133ec    00000040               : tcpprot.oem4f (.text:TcpPrSend)
                  0001342c    00000040     rtsv7M4_T_le_v4SPD16_eabi.lib : u_divt2.obj (.text)
                  0001346c    00000004     TM4C_Receiver_pem4f.oem4f (.text:ti_sysbios_knl_Swi_delete)
                  00013470    00000040     sysbios.aem4f : BIOS.obj (.text:ti_sysbios_family_arm_lm4_Timer_startup__E)
                  000134b0    0000003e     CC1101.obj (.text:CC1101Write)
                  000134ee    0000003e     nettool_ipv4.aem4f : dhcpmain.oem4f (.text:DHCPClose)
                  0001352c    0000003e     stk.aem4f : nimu.oem4f (.text:NIMUAllocateName)
                  0001356a    0000003e     os.aem4f : task.oem4f (.text:TaskCreate)
                  000135a8    0000003e     stk.aem4f : tcpprot.oem4f (.text:TcpPrDisconnect)
                  000135e6    0000003e               : file.oem4f (.text:fdint_unlockfd)
                  00013624    0000003c     CC1101.obj (.text:CC1101SetAndVerifyState)
                  00013660    0000003c     cc1190_helper.obj (.text:CC1190SetControlPins)
                  0001369c    0000003c     nettool_ipv4.aem4f : config.oem4f (.text:CfgEntryGetData)
                  000136d8    0000003c     EK_TM4C1294XL.obj (.text:EK_TM4C1294XL_usbBusFaultHwi)
                  00013714    0000003c     driverlib.lib : emac.obj (.text:EMACIntDisable)
                  00013750    0000003c     stk.aem4f : node.oem4f (.text:NodeUpdatePL)
                  0001378c    0000003c               : rtable.oem4f (.text:RtWalkBegin)
                  000137c8    0000003c     drivers_tivaware.aem4f : SPITivaDMA.oem4f (.text:SPITivaDMA_close)
                  00013804    0000003c     driverlib.lib : ssi.obj (.text:SSIConfigSetExpClk)
                  00013840    0000003c     stk.aem4f : tcpprot.oem4f (.text:TcpPrConnect)
                  0001387c    0000003c               : tcptime.oem4f (.text:TcpSetPersist)
                  000138b8    0000003c               : rtc.oem4f (.text:_RTCSendRtAdv)
                  000138f4    0000003c               : rtable.oem4f (.text:_RtNodeRemove)
                  00013930    0000003c     hal_timer_bios.aem4f : lltimer.oem4f (.text:_llTimerInit)
                  0001396c    0000003c     usblib.lib : usbdma.obj (.text:iDMAUSBChannelRelease)
                  000139a8    0000003c     sysbios.aem4f : BIOS.obj (.text:ti_sysbios_family_arm_m3_Hwi_excSvCall__I)
                  000139e4    00000004     TM4C_Receiver_pem4f.oem4f (.text:ti_sysbios_knl_Task_delete)
                  000139e8    0000003c     sysbios.aem4f : BIOS.obj (.text:ti_sysbios_heaps_HeapMem_init__I)
                  00013a24    00000004     ti.uia.loggers.aem4f : LoggerStopMode.oem4f (.text:ti_uia_loggers_LoggerStopMode_getContents__E)
                  00013a28    0000003c     sysbios.aem4f : BIOS.obj (.text:ti_sysbios_knl_Swi_restore__E)
                  00013a64    0000003a     driverlib.lib : emac.obj (.text:EMACIntEnable)
                  00013a9e    0000003a     usblib.lib : usbdcdesc.obj (.text:USBDCDConfigGetInterfaceEndpoint)
                  00013ad8    0000003a     driverlib.lib : usb.obj (.text:USBFIFOConfigSet)
                  00013b12    00000002     --HOLE-- [fill = 0]
                  00013b14    00000038                   : emac.obj (.text:EMACConfigGet)
                  00013b4c    00000038     TM4C_Receiver.obj (.text:Gdo0Interrupt)
                  00013b84    00000038     stk.aem4f : ipfrag.oem4f (.text:IPReasmTimeout)
                  00013bbc    00000038     usblib.lib : usbtick.obj (.text:InternalUSBRegisterTickHandler)
                  00013bf4    00000038     stk.aem4f : node.oem4f (.text:NodeGetRt)
                  00013c2c    00000038     drivers_tivaware.aem4f : SPI.oem4f (.text:SPI_init)
                  00013c64    00000038     usblib.lib : usbdcdc.obj (.text:SendBreak)
                  00013c9c    00000038     driverlib.lib : sysctl.obj (.text:SysCtlPeripheralReady)
                  00013cd4    00000038     stk.aem4f : tcpprot.oem4f (.text:TcpClose)
                  00013d0c    00000038               : timer.oem4f (.text:TimerHSTick)
                  00013d44    00000038     driverlib.lib : usb.obj (.text:USBIntStatusControl)
                  00013d7c    00000038     usblib.lib : usbringbuf.obj (.text:USBRingBufAdvanceWrite)
                  00013db4    00000038     nettool_ipv4.aem4f : dhcpbild.oem4f (.text:dhcpBuildDiscover)
                  00013dec    00000038                        : dhcptags.oem4f (.text:dhcpOptionsClear)
                  00013e24    00000038     stk.aem4f : file.oem4f (.text:fdint_waitevent)
                  00013e5c    00000004     TM4C_Receiver_pem4f.oem4f (.text:ti_uia_loggers_LoggerStopMode_getFilterLevel__E)
                  00013e60    00000038     sysbios.aem4f : BIOS.obj (.text:ti_sysbios_family_arm_m3_Hwi_excNoIsr__I)
                  00013e98    00000038     TM4C_Receiver_pem4f.oem4f (.text:ti_sysbios_knl_Clock_create)
                  00013ed0    00000038     sysbios.aem4f : BIOS.obj (.text:ti_sysbios_knl_Task_processVitalTaskFlag__I)
                  00013f08    00000038     ti.targets.arm.rtsarm.aem4f : SysMin.oem4f (.text:xdc_runtime_SysMin_putch__E)
                  00013f40    00000038                                 : System.oem4f (.text:xdc_runtime_System_atexit__E)
                  00013f78    00000036     stk.aem4f : ip.oem4f (.text:IPChecksum)
                  00013fae    00000002     --HOLE-- [fill = 0]
                  00013fb0    00000034     nettool_ipv4.aem4f : config.oem4f (.text:CfgSetService)
                  00013fe4    00000034     driverlib.lib : emac.obj (.text:EMACConfigSet)
                  00014018    00000034                   : emac.obj (.text:EMACIntClear)
                  0001404c    00000034     drivers_tivaware.aem4f : EMACSnow.oem4f (.text:EMACSnow_emacPoll)
                  00014080    00000034                            : EMACSnow.oem4f (.text:EMACSnow_isLinkUp)
                  000140b4    00000034                            : EMAC.oem4f (.text:EMAC_init)
                  000140e8    00000034     stk.aem4f : exec.oem4f (.text:ExecClose)
                  0001411c    00000034     usblib.lib : usbtick.obj (.text:InternalUSBStartOfFrameTick)
                  00014150    00000034     stk.aem4f : nimu.oem4f (.text:NIMUFindByName)
                  00014184    00000034               : nimu.oem4f (.text:NIMUInit)
                  000141b8    00000034               : rawethsock.oem4f (.text:RawEthSockNotify)
                  000141ec    00000034               : sockprot.oem4f (.text:SockPrCtlError)
                  00014220    00000034     driverlib.lib : sysctl.obj (.text:SysCtlPeripheralEnable)
                  00014254    00000034                   : sysctl.obj (.text:SysCtlPeripheralPowerOn)
                  00014288    00000034     usblib.lib : usbdma.obj (.text:iDMAUSBChannelStatus)
                  000142bc    00000034     os.aem4f : mem.oem4f (.text:mmUnInitPage)
                  000142f0    00000034     sysbios.aem4f : BIOS.obj (.text:ti_sysbios_family_arm_m3_Hwi_Instance_finalize__E)
                  00014324    00000004     ti.uia.loggers.aem4f : LoggerStopMode.oem4f (.text:ti_uia_loggers_LoggerStopMode_getInstanceId__E)
                  00014328    00000034     sysbios.aem4f : BIOS.obj (.text:ti_sysbios_family_arm_m3_Hwi_excNmi__I)
                  0001435c    00000004     ti.uia.loggers.aem4f : LoggerStopMode.oem4f (.text:ti_uia_loggers_LoggerStopMode_getMaxLength__E)
                  00014360    00000034     sysbios.aem4f : BIOS.obj (.text:ti_sysbios_hal_Hwi_checkStack)
                  00014394    00000034     TM4C_Receiver_pem4f.oem4f (.text:ti_sysbios_knl_Semaphore_create)
                  000143c8    00000034     ti.uia.loggers.aem4f : LoggerStopMode.oem4f (.text:ti_uia_loggers_LoggerStopMode_reset__E)
                  000143fc    00000034     ti.targets.arm.rtsarm.aem4f : Core-label.oem4f (.text:xdc_runtime_Core_assignLabel__I)
                  00014430    00000033                                 : Text.oem4f (.text:xdc_runtime_Text_printVisFxn__I)
                  00014463    00000001     --HOLE-- [fill = 0]
                  00014464    00000032     nettool_ipv4.aem4f : config.oem4f (.text:CfgGetImmediate)
                  00014496    00000032     usblib.lib : usbdcdc.obj (.text:HandleConfigChange)
                  000144c8    00000032                : usbdcdesc.obj (.text:NextConfigDescGet)
                  000144fa    00000032                : usbdcdc.obj (.text:ProcessNotificationToHost)
                  0001452c    00000032     stk.aem4f : route.oem4f (.text:RtDeRef)
                  0001455e    00000032               : route.oem4f (.text:RtSetFailure)
                  00014590    00000032               : sb.oem4f (.text:SBFlush)
                  000145c2    00000032               : sb.oem4f (.text:SBSetMax)
                  000145f4    00000032               : sock.oem4f (.text:SockIntAbort)
                  00014626    00000032     driverlib.lib : usb.obj (.text:USBDevEndpointStall)
                  00014658    00000032     nettool_ipv4.aem4f : config.oem4f (.text:_CfgAcquire)
                  0001468a    00000032                        : dhcpsm.oem4f (.text:dhcpIPRemove)
                  000146bc    00000032     usblib.lib : usbdma.obj (.text:iDMAUSBChannelDisable)
                  000146ee    00000002     --HOLE-- [fill = 0]
                  000146f0    00000032     sysbios.aem4f : BIOS.obj (.text:ti_sysbios_hal_Hwi_initStack)
                  00014722    00000006     driverlib.lib : emac.obj (.text:EMACRxDMADescriptorListSet)
                  00014728    00000032     sysbios.aem4f : BIOS.obj (.text:ti_sysbios_knl_Semaphore_pendTimeout__I)
                  0001475a    00000030     usblib.lib : usbdma.obj (.text:DMAUSBIntHandler)
                  0001478a    00000030     driverlib.lib : emac.obj (.text:EMACAddrSet)
                  000147ba    00000002     --HOLE-- [fill = 0]
                  000147bc    00000030     drivers_tivaware.aem4f : EMACSnow.oem4f (.text:EMACSnow_handlePackets)
                  000147ec    00000030                            : GPIOTiva.oem4f (.text:GPIO_disableInt)
                  0001481c    00000030                            : GPIOTiva.oem4f (.text:GPIO_enableInt)
                  0001484c    00000030     usblib.lib : usbtick.obj (.text:InternalUSBTickInit)
                  0001487c    00000030     netctrl_min_ipv4.aem4f : netsrv.oem4f (.text:NS_PreBoot)
                  000148ac    00000030     stk.aem4f : sock.oem4f (.text:SockBind)
                  000148dc    00000030     usblib.lib : usbdenum.obj (.text:USBDGetConfiguration)
                  0001490c    00000030     driverlib.lib : usb.obj (.text:USBEndpointDataPut)
                  0001493c    00000030     usblib.lib : usbringbuf.obj (.text:UpdateIndexAtomic)
                  0001496c    00000030     TM4C_Receiver.obj (.text:UsbTransmit)
                  0001499c    00000030     nettool_ipv4.aem4f : dhcpsock.oem4f (.text:dhcpPacketSend)
                  000149cc    00000030     stk.aem4f : listlib.oem4f (.text:list_remove_node)
                  000149fc    00000030     TM4C_Receiver_pem4f.oem4f (.text:ti_sysbios_BIOS_atExitFunc__I)
                  00014a2c    00000004     ti.uia.loggers.aem4f : LoggerStopMode.oem4f (.text:ti_uia_loggers_LoggerStopMode_getPriority__E)
                  00014a30    00000030     sysbios.aem4f : BIOS.obj (.text:ti_sysbios_family_arm_m3_TaskSupport_start__E)
                  00014a60    00000030     TM4C_Receiver_pem4f.oem4f (.text:ti_sysbios_gates_GateHwi_Object__create__S)
                  00014a90    00000030     TM4C_Receiver_pem4f.oem4f (.text:ti_sysbios_gates_GateMutex_Object__create__S)
                  00014ac0    00000030     TM4C_Receiver_pem4f.oem4f (.text:ti_sysbios_gates_GateMutex_create)
                  00014af0    00000030     TM4C_Receiver_pem4f.oem4f (.text:ti_sysbios_heaps_HeapMem_Object__create__S)
                  00014b20    00000030     TM4C_Receiver_pem4f.oem4f (.text:ti_sysbios_knl_Semaphore_construct)
                  00014b50    00000030     sysbios.aem4f : BIOS.obj (.text:ti_sysbios_utils_Load_updateCurrentThreadTime__E)
                  00014b80    00000030     TM4C_Receiver_pem4f.oem4f (.text:ti_uia_loggers_LoggerStopMode_Object__create__S)
                  00014bb0    00000030     ti.targets.arm.rtsarm.aem4f : SysMin.oem4f (.text:xdc_runtime_SysMin_abort__E)
                  00014be0    00000030                                 : System.oem4f (.text:xdc_runtime_System_processAtExit__E)
                  00014c10    0000002e     stk.aem4f : sb.oem4f (.text:SBFree)
                  00014c3e    0000002e     usblib.lib : usbbuffer.obj (.text:USBBufferWrite)
                  00014c6c    0000002e                : usbdcdc.obj (.text:USBDCDCRxPacketAvailable)
                  00014c9a    0000002e     driverlib.lib : usb.obj (.text:USBEndpointDataSend)
                  00014cc8    0000002c                   : emac.obj (.text:EMACIntStatus)
                  00014cf4    0000002c     stk.aem4f : file.oem4f (.text:FdSignalEvent)
                  00014d20    0000002c     gdox_helper.obj (.text:Gdo0Assert)
                  00014d4c    0000002c     gdox_helper.obj (.text:Gdo0Deassert)
                  00014d78    0000002c     stk.aem4f : igmp.oem4f (.text:IGMPTestGroup)
                  00014da4    0000002c     os.aem4f : task.oem4f (.text:NDK_hookCreate)
                  00014dd0    0000002c     stk.aem4f : nimu.oem4f (.text:NIMUAllocateIndex)
                  00014dfc    0000002c               : nimu.oem4f (.text:NIMUPacketServiceCheck)
                  00014e28    0000002c               : pipe.oem4f (.text:PipeClose)
                  00014e54    0000002c               : sockpcb.oem4f (.text:SockPcbAttach)
                  00014e80    0000002c     usblib.lib : usbdesc.obj (.text:USBDescGet)
                  00014eac    0000002c     stk.aem4f : lli.oem4f (.text:_LLIExpListRemove)
                  00014ed8    0000002c               : lli.oem4f (.text:_LLITimeoutFlush)
                  00014f04    0000002c               : rtable.oem4f (.text:_RtExpListRemove)
                  00014f30    0000002c     USBCDCD.obj (.text:cbRxHandler)
                  00014f5c    0000002c     USBCDCD.obj (.text:cbTxHandler)
                  00014f88    0000002c     TM4C_Receiver.obj (.text:main)
                  00014fb4    0000002c     TM4C_Receiver_pem4f.oem4f (.text:ti_sysbios_knl_Clock_doTick__I)
                  00014fe0    0000002c     TM4C_Receiver_pem4f.oem4f (.text:ti_sysbios_knl_Queue_construct)
                  0001500c    00000004     ti.uia.loggers.aem4f : LoggerStopMode.oem4f (.text:ti_uia_loggers_LoggerStopMode_getTransferType__E)
                  00015010    0000002c     sysbios.aem4f : BIOS.obj (.text:ti_sysbios_knl_Task_restore__E)
                  0001503c    0000002c     driverlib.lib : udma.obj (.text:uDMAChannelAssign)
                  00015068    0000002c     usblib.lib : usbdma.obj (.text:uDMAUSBIntStatus)
                  00015094    0000002c     ti.targets.arm.rtsarm.aem4f : Text.oem4f (.text:xdc_runtime_Text_cordText__E)
                  000150c0    0000002a     driverlib.lib : gpio.obj (.text:GPIODirModeSet)
                  000150ea    0000002a     usblib.lib : usbbuffer.obj (.text:HandleRequestBuffer)
                  00015114    0000002a     stk.aem4f : pbm.oem4f (.text:PBMQ_deq)
                  0001513e    0000002a     netctrl_min_ipv4.aem4f : netsrv.oem4f (.text:ServiceCallback)
                  00015168    0000002a     usblib.lib : usbdcdesc.obj (.text:USBDCDConfigDescGetNum)
                  00015192    0000002a     nettool_ipv4.aem4f : config.oem4f (.text:_CfgRelease)
                  000151bc    0000002a     ti.targets.arm.rtsarm.aem4f : System.oem4f (.text:xdc_runtime_System_putchar__I)
                  000151e6    00000002     --HOLE-- [fill = 0]
                  000151e8    00000028     stk.aem4f : bind.oem4f (.text:BindFindByNet)
                  00015210    00000028               : lli.oem4f (.text:LLIFree)
                  00015238    00000028     netctrl_min_ipv4.aem4f : netctrl.oem4f (.text:NC_SystemClose)
                  00015260    00000028     stk.aem4f : nimu.oem4f (.text:NIMUCreatePacket)
                  00015288    00000028               : nimu.oem4f (.text:NIMUPacketService)
                  000152b0    00000028     spi_helper.obj (.text:SpiInit)
                  000152d8    00000028     stk.aem4f : tcpin.oem4f (.text:TcpEnterTimeWait)
                  00015300    00000028               : timer.oem4f (.text:TimerListRemove)
                  00015328    00000028     usblib.lib : usbdenum.obj (.text:USBDSetAddress)
                  00015350    00000028                : usbdesc.obj (.text:USBDescGetNum)
                  00015378    00000028     driverlib.lib : usb.obj (.text:USBIntEnableControl)
                  000153a0    00000028     stk.aem4f : vlan.oem4f (.text:VLANFindSourceInterface)
                  000153c8    00000028               : vlan.oem4f (.text:VLANInit)
                  000153f0    00000028     nettool_ipv4.aem4f : dhcpsock.oem4f (.text:dhcpPacketReceive)
                  00015418    00000028     drivers_tivaware.aem4f : EMACSnow.oem4f (.text:signalLinkChange)
                  00015440    00000028     sysbios.aem4f : BIOS.obj (.text:ti_sysbios_hal_Hwi_Instance_init__E)
                  00015468    00000028                   : BIOS.obj (.text:ti_sysbios_knl_Swi_Module_startup__E)
                  00015490    00000028     driverlib.lib : udma.obj (.text:uDMAChannelModeGet)
                  000154b8    00000026     CC1101.obj (.text:CC1101Configure)
                  000154de    00000026     nettool_ipv4.aem4f : config.oem4f (.text:CfgEntryInfo)
                  00015504    00000026     driverlib.lib : emac.obj (.text:EMACPHYRead)
                  0001552a    00000026                   : emac.obj (.text:EMACPHYWrite)
                  00015550    00000026     stk.aem4f : rawethsock.oem4f (.text:RawEthSockClose)
                  00015576    00000026     sysbios.aem4f : m3_Hwi_asm.obj (.text:ti_sysbios_family_arm_m3_Hwi_pendSV__I)
                  0001559c    00000026     ti.targets.arm.rtsarm.aem4f : System.oem4f (.text:xdc_runtime_System_avprintf__E)
                  000155c2    00000002     --HOLE-- [fill = 0]
                  000155c4    00000024     stk.aem4f : bind.oem4f (.text:BindFindByHost)
                  000155e8    00000024               : bind.oem4f (.text:BindGetIFByDBCast)
                  0001560c    00000024     drivers_tivaware.aem4f : EMACSnow.oem4f (.text:EMACSnow_pkt_service)
                  00015630    00000024                            : EMACSnow.oem4f (.text:EMACSnow_primeRx)
                  00015654    00000024     stk.aem4f : exec.oem4f (.text:ExecTimer)
                  00015678    00000024               : nimu.oem4f (.text:NIMUFindByIndex)
                  0001569c    00000024               : rtc.oem4f (.text:RTCAddHook)
                  000156c0    00000024               : rawethsock_pcb.oem4f (.text:RawEthSockPcbFind)
                  000156e4    00000024               : route.oem4f (.text:RtFree)
                  00015708    00000024               : route.oem4f (.text:RtSetTimeout)
                  0001572c    00000024     usblib.lib : usbdcdc.obj (.text:SendLineStateChange)
                  00015750    00000024     stk.aem4f : sockpcb.oem4f (.text:SockPcbCleanup)
                  00015774    00000024               : tcptime.oem4f (.text:TcpTimeoutWait2)
                  00015798    00000024     driverlib.lib : usb.obj (.text:USBDevEndpointDataAck)
                  000157bc    00000024                   : usb.obj (.text:USBEndpointDMADisable)
                  000157e0    00000024                   : usb.obj (.text:USBEndpointDMAEnable)
                  00015804    00000024     nettool_ipv4.aem4f : config.oem4f (.text:_CfgEntryProcess)
                  00015828    00000024     TM4C_Receiver_pem4f.oem4f (.text:ti_sysbios_BIOS_registerRTSLock__I)
                  0001584c    00000024     TM4C_Receiver_pem4f.oem4f (.text:ti_sysbios_BIOS_removeRTSLock__I)
                  00015870    00000024     TM4C_Receiver_pem4f.oem4f (.text:ti_sysbios_BIOS_startFunc__I)
                  00015894    00000004     ti.targets.arm.rtsarm.aem4f : Error.oem4f (.text:xdc_runtime_Error_getMsg__E)
                  00015898    00000024     sysbios.aem4f : BIOS.obj (.text:ti_sysbios_family_arm_m3_Hwi_doTaskRestore__I)
                  000158bc    00000024     TM4C_Receiver_pem4f.oem4f (.text:ti_sysbios_gates_GateMutex_Object__delete__S)
                  000158e0    00000024     sysbios.aem4f : BIOS.obj (.text:ti_sysbios_knl_Clock_Module_startup__E)
                  00015904    00000024     TM4C_Receiver_pem4f.oem4f (.text:ti_sysbios_knl_Semaphore_Object__delete__S)
                  00015928    00000024     driverlib.lib : udma.obj (.text:uDMAChannelControlSet)
                  0001594c    00000024     ti.targets.arm.rtsarm.aem4f : System.oem4f (.text:xdc_runtime_System_vprintf__E)
                  00015970    00000022     CC1101.obj (.text:CC1101TimeoutEvent)
                  00015992    00000022     nettool_ipv4.aem4f : config.oem4f (.text:CfgEntryRef)
                  000159b4    00000022     gdox_helper.obj (.text:Gdo0Enable)
                  000159d6    00000022     usblib.lib : usbdcdc.obj (.text:HandleDisconnect)
                  000159f8    00000022                : usbdcdc.obj (.text:SendLineCodingChange)
                  00015a1a    00000022     stk.aem4f : vlan.oem4f (.text:VLANFindNode)
                  00015a3c    00000004     ti.targets.arm.rtsarm.aem4f : Error.oem4f (.text:xdc_runtime_Error_getSite__E)
                  00015a40    00000022     sysbios.aem4f : BIOS.obj (.text:ti_sysbios_family_arm_lm4_Timer_write__I)
                  00015a62    00000022     usblib.lib : usbdma.obj (.text:uDMAUSBChannelStatus)
                  00015a84    00000022     TM4C_Receiver_pem4f.oem4f (.text:xdc_runtime_SysMin_output__I)
                  00015aa6    00000002     --HOLE-- [fill = 0]
                  00015aa8    00000020     drivers_tivaware.aem4f : GPIOTiva.oem4f (.text:GPIO_clearInt)
                  00015ac8    00000020     usblib.lib : usbdconfig.obj (.text:GetEndpointFIFOSize)
                  00015ae8    00000020                : usbbuffer.obj (.text:HandleDataRemaining)
                  00015b08    00000020     netctrl_min_ipv4.aem4f : netctrl.oem4f (.text:NC_BootComplete)
                  00015b28    00000020     stk.aem4f : nimu.oem4f (.text:NIMUGetNumOfObject)
                  00015b48    00000020               : rtc.oem4f (.text:RTCRemoveHook)
                  00015b68    00000020               : tcp.oem4f (.text:TcpTimeoutRemove)
                  00015b88    00000020     usblib.lib : usbringbuf.obj (.text:USBRingBufAdvanceRead)
                  00015ba8    00000020                : usbmode.obj (.text:USBStackModeSet)
                  00015bc8    00000020     Boot.aem4f : Boot_sysctl.oem4f (.text:_SysCtlMemTimingGet)
                  00015be8    00000020     TM4C_Receiver_pem4f.oem4f (.text:ti_sysbios_BIOS_rtsLock__I)
                  00015c08    00000020     TM4C_Receiver_pem4f.oem4f (.text:ti_sysbios_family_arm_m3_Hwi_Object__delete__S)
                  00015c28    00000020     sysbios.aem4f : BIOS.obj (.text:ti_sysbios_family_arm_m3_Hwi_clearInterrupt__E)
                  00015c48    00000020                   : m3_Hwi_asm.obj (.text:ti_sysbios_family_arm_m3_Hwi_excHandlerAsm__I)
                  00015c68    00000020                   : BIOS.obj (.text:ti_sysbios_family_arm_m3_Hwi_excHandler__I)
                  00015c88    00000020     TM4C_Receiver_pem4f.oem4f (.text:ti_sysbios_gates_GateHwi_Object__delete__S)
                  00015ca8    00000020     TM4C_Receiver_pem4f.oem4f (.text:ti_sysbios_heaps_HeapMem_Object__delete__S)
                  00015cc8    00000020     sysbios.aem4f : BIOS.obj (.text:ti_sysbios_knl_Idle_run__E)
                  00015ce8    00000020     TM4C_Receiver_pem4f.oem4f (.text:ti_sysbios_knl_Semaphore_Object__destruct__S)
                  00015d08    00000020     TM4C_Receiver_pem4f.oem4f (.text:ti_sysbios_knl_Swi_Object__delete__S)
                  00015d28    00000020     TM4C_Receiver_pem4f.oem4f (.text:ti_sysbios_knl_Task_Object__delete__S)
                  00015d48    00000020     TM4C_Receiver_pem4f.oem4f (.text:ti_uia_loggers_LoggerStopMode_Object__delete__S)
                  00015d68    00000020     ti.targets.arm.rtsarm.aem4f : Registry.oem4f (.text:xdc_runtime_Registry_findById__E)
                  00015d88    00000020                                 : SysMin.oem4f (.text:xdc_runtime_SysMin_Module_startup__E)
                  00015da8    0000001e     CC1101.obj (.text:CC1101SetRegister)
                  00015dc6    0000001e     CC1101.obj (.text:CC1101SpiInit)
                  00015de4    0000001e     usblib.lib : usbdcdc.obj (.text:CheckAndSendBreak)
                  00015e02    0000001e     driverlib.lib : usb.obj (.text:USBULPIRegRead)
                  00015e20    0000001e                   : usb.obj (.text:USBULPIRegWrite)
                  00015e3e    0000001e     stk.aem4f : listlib.oem4f (.text:list_remove)
                  00015e5c    0000001e     TM4C_Receiver_pem4f.oem4f (.text:ti_sysbios_BIOS_errorRaiseHook__I)
                  00015e7a    0000001e     sysbios.aem4f : m3_Hwi_asm_switch.obj (.text:ti_sysbios_family_xxx_Hwi_switchAndRunFunc)
                  00015e98    0000001c     stk.aem4f : bind.oem4f (.text:BindFindByIF)
                  00015eb4    0000001c     CC1101.obj (.text:CC1101Strobe)
                  00015ed0    0000001c     stk.aem4f : exec.oem4f (.text:ExecBroadcast)
                  00015eec    0000001c     os.aem4f : ossys.oem4f (.text:NDK_sprintf)
                  00015f08    0000001c     stk.aem4f : nimu.oem4f (.text:NIMUAddHeader)
                  00015f24    0000001c               : sockprot.oem4f (.text:SockPrDetach)
                  00015f40    0000001c     os.aem4f : task.oem4f (.text:TaskDestroy)
                  00015f5c    0000001c     usblib.lib : usbdcdesc.obj (.text:USBDCDConfigGetInterface)
                  00015f78    0000001c                : usbdenum.obj (.text:USBDCDStallEP0)
                  00015f94    0000001c     driverlib.lib : usb.obj (.text:USBEndpointDataAvail)
                  00015fb0    0000001c     usblib.lib : usbringbuf.obj (.text:USBRingBufContigFree)
                  00015fcc    0000001c     drivers_tivaware.aem4f : GPIOTiva.oem4f (.text:getGpioIntIndex)
                  00015fe8    0000001c     TM4C_Receiver_pem4f.oem4f (.text:ti_ndk_config_global_taskCreateHook)
                  00016004    0000001c     TM4C_Receiver_pem4f.oem4f (.text:ti_sysbios_family_arm_m3_Hwi_Object__destruct__S)
                  00016020    0000001c     sysbios.aem4f : BIOS.obj (.text:ti_sysbios_gates_GateMutex_Instance_init__E)
                  0001603c    0000001c     TM4C_Receiver_pem4f.oem4f (.text:ti_sysbios_hal_Hwi_HwiProxy_create)
                  00016058    0000001c     TM4C_Receiver_pem4f.oem4f (.text:ti_sysbios_knl_Queue_Object__destruct__S)
                  00016074    00000004     TM4C_Receiver_pem4f.oem4f (.text:xdc_runtime_System_Module_GateProxy_enter__E)
                  00016078    0000001c     sysbios.aem4f : BIOS.obj (.text:ti_sysbios_knl_Task_enter__I)
                  00016094    0000001c     ti.uia.loggers.aem4f : LoggerStopMode.oem4f (.text:ti_uia_loggers_LoggerStopMode_Instance_init__E)
                  000160b0    0000001c     ti.targets.arm.rtsarm.aem4f : Error.oem4f (.text:xdc_runtime_Error_raiseX__E)
                  000160cc    0000001c                                 : Memory.oem4f (.text:xdc_runtime_Memory_valloc__E)
                  000160e8    0000001c                                 : SysMin.oem4f (.text:xdc_runtime_SysMin_exit__E)
                  00016104    0000001c                                 : System.oem4f (.text:xdc_runtime_System_abort__E)
                  00016120    0000001a     stk.aem4f : bind.oem4f (.text:BindGetIP)
                  0001613a    0000001a     usblib.lib : usbdcdc.obj (.text:DeviceConsumedAllData)
                  00016154    0000001a     stk.aem4f : sockint.oem4f (.text:SockSetOOBMark)
                  0001616e    0000001a     driverlib.lib : usb.obj (.text:USBEndpointDMAChannel)
                  00016188    0000001a     usblib.lib : usbringbuf.obj (.text:USBRingBufWrite)
                  000161a2    0000001a     stk.aem4f : file.oem4f (.text:fdint_getfdt)
                  000161bc    0000001a     TM4C_Receiver_pem4f.oem4f (.text:ti_sysbios_family_arm_m3_Hwi_Handle__label__S)
                  000161d6    0000001a     TM4C_Receiver_pem4f.oem4f (.text:ti_sysbios_gates_GateHwi_Handle__label__S)
                  000161f0    0000001a     TM4C_Receiver_pem4f.oem4f (.text:ti_sysbios_gates_GateMutex_Handle__label__S)
                  0001620a    0000001a     TM4C_Receiver_pem4f.oem4f (.text:ti_sysbios_heaps_HeapMem_Handle__label__S)
                  00016224    0000001a     TM4C_Receiver_pem4f.oem4f (.text:ti_sysbios_knl_Swi_Handle__label__S)
                  0001623e    0000001a     TM4C_Receiver_pem4f.oem4f (.text:ti_sysbios_knl_Task_Handle__label__S)
                  00016258    0000001a     sysbios.aem4f : BIOS.obj (.text:ti_sysbios_knl_Task_sleepTimeout__I)
                  00016272    0000001a     TM4C_Receiver_pem4f.oem4f (.text:ti_uia_loggers_LoggerStopMode_Handle__label__S)
                  0001628c    0000001a     TM4C_Receiver_pem4f.oem4f (.text:xdc_runtime_System_aprintf__E)
                  000162a6    0000001a     TM4C_Receiver_pem4f.oem4f (.text:xdc_runtime_System_printf__E)
                  000162c0    00000018     drivers_tivaware.aem4f : EMACSnow.oem4f (.text:EMACSnow_emacSend)
                  000162d8    00000018     driverlib.lib : gpio.obj (.text:GPIOPinTypeGPIOOutput)
[...]
0001a17c  ti_sysbios_knl_Task_Object__count__C                                 
0001a180  ti_sysbios_knl_Task_Object__heap__C                                  
0001a184  ti_sysbios_knl_Task_allBlockedFunc__C                                
0001a188  ti_sysbios_knl_Task_defaultStackHeap__C                              
0001a18c  ti_sysbios_knl_Task_defaultStackSize__C                              
0001a190  ti_sysbios_knl_Task_numConstructedTasks__C                           
0001a194  ti_sysbios_utils_Load_LS_cpuLoad__C                                  
0001a198  ti_sysbios_utils_Load_Module__diagsEnabled__C                        
0001a19c  ti_sysbios_utils_Load_Module__diagsIncluded__C                       
0001a1a0  ti_sysbios_utils_Load_Module__diagsMask__C                           
0001a1a4  ti_sysbios_utils_Load_Module__loggerFxn1__C                          
0001a1a8  ti_sysbios_utils_Load_Module__loggerObj__C                           
0001a1ac  ti_sysbios_utils_Load_postUpdate__C                                  
0001a1b0  ti_sysbios_utils_Load_windowInMs__C                                  
0001a1b4  ti_uia_loggers_LoggerStopMode_Module__diagsEnabled__C                
0001a1b8  ti_uia_loggers_LoggerStopMode_Module__diagsIncluded__C               
0001a1bc  ti_uia_loggers_LoggerStopMode_Module__diagsMask__C                   
0001a1c0  ti_uia_loggers_LoggerStopMode_Object__count__C                       
0001a1c4  ti_uia_runtime_ILoggerSnapshot_Interface__BASE__C                    
0001a1c8  ti_uia_runtime_IUIATransfer_Interface__BASE__C                       
0001a1cc  xdc_runtime_Assert_E_assertFailed__C                                 
0001a1d0  xdc_runtime_Core_A_initializedParams__C                              
0001a1d4  xdc_runtime_Core_Module__diagsEnabled__C                             
0001a1d8  xdc_runtime_Core_Module__diagsIncluded__C                            
0001a1dc  xdc_runtime_Core_Module__diagsMask__C                                
0001a1e0  xdc_runtime_Error_E_memory__C                                        
0001a1e4  xdc_runtime_Error_Module__diagsEnabled__C                            
0001a1e8  xdc_runtime_Error_Module__diagsIncluded__C                           
0001a1ec  xdc_runtime_Error_Module__diagsMask__C                               
0001a1f0  xdc_runtime_Error_Module__loggerFxn8__C                              
0001a1f4  xdc_runtime_Error_Module__loggerObj__C                               
0001a1f8  xdc_runtime_Error_policyFxn__C                                       
0001a1fc  xdc_runtime_Error_raiseHook__C                                       
0001a200  xdc_runtime_IFilterLogger_Interface__BASE__C                         
0001a204  xdc_runtime_IGateProvider_Interface__BASE__C                         
0001a208  xdc_runtime_IHeap_Interface__BASE__C                                 
0001a20c  xdc_runtime_ILogger_Interface__BASE__C                               
0001a210  xdc_runtime_IModule_Interface__BASE__C                               
0001a214  xdc_runtime_Log_L_error__C                                           
0001a218  xdc_runtime_Memory_defaultHeapInstance__C                            
0001a21c  xdc_runtime_Startup_execImpl__C                                      
0001a220  xdc_runtime_Startup_lastFxns__A                                      
0001a224  xdc_runtime_Startup_maxPasses__C                                     
0001a228  xdc_runtime_Startup_sfxnRts__C                                       
0001a22c  xdc_runtime_Startup_sfxnTab__C                                       
0001a230  xdc_runtime_SysMin_bufSize__C                                        
0001a234  xdc_runtime_SysMin_outputFunc__C                                     
0001a238  xdc_runtime_System_Module__gateObj__C                                
0001a23c  xdc_runtime_System_abortFxn__C                                       
0001a240  xdc_runtime_System_exitFxn__C                                        
0001a244  xdc_runtime_System_extendFxn__C                                      
0001a248  xdc_runtime_System_maxAtexitHandlers__C                              
0001a24c  xdc_runtime_Text_charTab__C                                          
0001a250  xdc_runtime_Text_nameEmpty__C                                        
0001a254  xdc_runtime_Text_nameStatic__C                                       
0001a258  xdc_runtime_Text_nameUnknown__C                                      
0001a25c  xdc_runtime_Text_nodeTab__C                                          
0001a260  xdc_runtime_Text_visitRopeFxn__C                                     
0001a264  ti_sysbios_hal_Hwi_Module__id__C                                     
0001a266  ti_sysbios_heaps_HeapMem_Module__id__C                               
0001a268  ti_sysbios_knl_Clock_Module__id__C                                   
0001a26a  ti_sysbios_knl_Clock_Module__loggerDefined__C                        
0001a26c  ti_sysbios_knl_Semaphore_Module__id__C                               
0001a26e  ti_sysbios_knl_Semaphore_Module__loggerDefined__C                    
0001a270  ti_sysbios_knl_Swi_Module__id__C                                     
0001a272  ti_sysbios_knl_Swi_Module__loggerDefined__C                          
0001a274  ti_sysbios_knl_Task_Module__id__C                                    
0001a276  ti_sysbios_knl_Task_Module__loggerDefined__C                         
0001a278  ti_sysbios_utils_Load_Module__id__C                                  
0001a27a  ti_sysbios_utils_Load_Module__loggerDefined__C                       
0001a27c  ti_sysbios_utils_Load_updateInIdle__C                                
0001a27e  ti_uia_loggers_LoggerStopMode_Module__id__C                          
0001a280  ti_uia_loggers_LoggerStopMode_isTimestampEnabled__C                  
0001a282  xdc_runtime_Core_Module__id__C                                       
0001a284  xdc_runtime_Error_Module__loggerDefined__C                           
0001a286  xdc_runtime_Error_maxDepth__C                                        
0001a288  xdc_runtime_Memory_Module__id__C                                     
0001a28a  xdc_runtime_SysMin_flushAtExit__C                                    
0001a28c  xdc_runtime_Text_charCnt__C                                          
0001a28e  xdc_runtime_Text_isLoaded__C                                         
0001a290  xdc_runtime_Text_registryModsLastId__C                               
0001a292  xdc_runtime_Text_unnamedModsLastId__C                                
0001a298  __TI_static_base__                                                   
0001a7d8  __TI_Handler_Table_Base                                              
0001a7e4  __TI_Handler_Table_Limit                                             
0001a7f8  __TI_CINIT_Base                                                      
0001a810  __TI_CINIT_Limit                                                     
20000000  ti_sysbios_family_arm_m3_Hwi_ramVectors                              
20000380  ti_sysbios_heaps_HeapMem_Instance_State_0_buf__A                     
20005380  ti_ndk_config_Global_pit                                             
20005428  ti_ndk_config_Global_pitBuffer                                       
20009c28  g_psDCDInst                                                          
20009c80  ti_ndk_config_Global_pBufMem                                         
2000d880  ti_ndk_config_Global_pHdrMem                                         
2000db78  ti_sysbios_knl_Task_Instance_State_0_stack__A                        
2000e378  ti_sysbios_knl_Task_Instance_State_1_stack__A                        
2000eb78  ti_sysbios_knl_Task_Instance_State_2_stack__A                        
2000f178  ti_sysbios_knl_Task_Instance_State_3_stack__A                        
2000f478  emacObjects                                                          
2000f480  ti_uia_loggers_LoggerStopMode_Instance_State_1_packetArray__A        
2000f880  ti_uia_loggers_LoggerStopMode_Instance_State_2_packetArray__A        
2000fc80  xdc_runtime_SysMin_Module_State_0_outbuf__A                          
20010080  ti_sysbios_family_arm_m3_Hwi_dispatchTable                           
20010400  ti_uia_loggers_LoggerStopMode_Instance_State_0_packetArray__A        
20010600  __CIOBUF_                                                            
20010720  ti_sysbios_knl_Mailbox_Instance_State_0_allocBuf__A                  
20010c48  tcps                                                                 
20010db4  spiTivaDMAObjects                                                    
20010ffc  ips                                                                  
20011064  nimu_mcb                                                             
200110c8  _ICMPIn                                                              
20011114  _ICMPOut                                                             
20011200  ti_uia_loggers_LoggerStopMode_Instance_State_0_hdr__A                
20011230  vlan_mcb                                                             
20011280  ti_uia_loggers_LoggerStopMode_Instance_State_1_hdr__A                
200112b0  udps                                                                 
200112d4  BlockCount                                                           
20011300  ti_uia_loggers_LoggerStopMode_Instance_State_2_hdr__A                
20011330  BlockMax                                                             
2001134c  PageCount                                                            
20011368  PageMax                                                              
20011384  g_pfnTickHandlers                                                    
2001139c  g_pvTickInstance                                                     
200113b4  stkEvent                                                             
200113cc  gPhyInfo                                                             
200113f4  raweths                                                              
20011404  raws                                                                 
20011414  PBMQ_free                                                            
20011420  tpseudo                                                              
2001142c  upseudo                                                              
20011440  spiTivaDMAscratchBuf                                                 
20011458  _IGMPInDiscard                                                       
2001145c  _IGMPInQuery                                                         
20011460  _IGMPInQueryGroup                                                    
20011464  _IGMPInResponse                                                      
20011468  _IGMPOutResponse                                                     
20011470  g_ppsDevInfo                                                         
20011478  g_ulStatus                                                           
2001148c  raweth_pcb                                                           
20011490  ti_sysbios_knl_Task_Instance_State_0_hookEnv__A                      
20011494  ti_sysbios_knl_Task_Instance_State_1_hookEnv__A                      
20011498  ti_sysbios_knl_Task_Instance_State_2_hookEnv__A                      
2001149c  ti_sysbios_knl_Task_Instance_State_3_hookEnv__A                      
200114a0  gdo0_wait_for_assert                                                 
200114a4  ti_sysbios_knl_Task_Object__table__V                                 
200115d4  _ipcfg                                                               
20011688  ti_uia_loggers_LoggerStopMode_Object__table__V                       
20011724  ti_sysbios_utils_Load_Module__state__V                               
200117bc  ti_sysbios_family_arm_lm4_Timer_Object__table__V                     
2001183c  ti_sysbios_knl_Swi_Module_State_0_readyQ__A                          
200118bc  ti_sysbios_knl_Task_Module_State_0_readyQ__A                         
2001199c  ti_sysbios_knl_Swi_Object__table__V                                  
200119fc  ti_sysbios_knl_Mailbox_Object__table__V                              
20011a9a  ti_sysbios_family_arm_m3_Hwi_Module_State_0_excActive__A             
20011a9c  ti_sysbios_knl_Task_Module__state__V                                 
20011b60  ti_sysbios_family_arm_lm4_Timer_Module_State_0_device__A             
20011ba0  g_pui8CDCSerDeviceDescriptor                                         
20011bb2  g_pui8CDCSerDescriptor                                               
20011bbb  g_pui8IADSerDescriptor                                               
20011bc4  g_psCDCSerSections                                                   
20011bd0  g_psCDCCompSerSections                                               
20011be0  rxBuffer                                                             
20011c18  ti_sysbios_gates_GateMutex_Object__table__V                          
20011c50  txBuffer                                                             
20011cbc  ti_sysbios_family_arm_m3_Hwi_Module__state__V                        
20011cf0  enablePrefetch                                                       
20011cf4  phyCounter                                                           
20011d22  xdc_runtime_Error_Module__state__V                                   
20011d54  ti_sysbios_family_arm_m3_Hwi_Object__table__V                        
20011d84  ti_sysbios_knl_Clock_Module__state__V                                
20011db0  pstrMsgName                                                          
20011dd8  _oscfg                                                               
20011dfc  PITCount                                                             
20011e00  PITUsed                                                              
20011e04  PITHigh                                                              
20011e20  ti_sysbios_BIOS_Module__state__V                                     
20011e44  ti_sysbios_family_arm_lm4_Timer_Module_State_0_handles__A            
20011e64  ti_sysbios_knl_Clock_Object__table__V                                
20011e84  xdc_runtime_System_Module_State_0_atexitHandlers__A                  
20011ec0  ti_ndk_config_Global_Id2Size                                         
20011edc  ti_sysbios_knl_Swi_Module__state__V                                  
20011f10  gpioPinConfigs                                                       
20011f58  ti_sysbios_heaps_HeapMem_Object__table__V                            
20011fac  ti_sysbios_knl_Semaphore_Object__table__V                            
20011fc0  gpioCallbackFunctions                                                
20011fd8  _IGMPForceVersion1                                                   
20011fe0  __TI_cleanup_ptr                                                     
20011fe4  __TI_dtors_ptr                                                       
20011fe8  __TI_enable_exit_profile_output                                      
20011ff8  gSpi                                                                 
20012004  ti_sysbios_family_arm_lm4_Timer_Module__state__V                     
20012010  ti_sysbios_knl_Task_Module__root__V                                  
2001201c  ti_uia_runtime_QueueDescriptor_Module__state__V                      
20012028  g_bUSBTimerInitialized                                               
2001202c  g_ui32CurrentUSBTick                                                 
20012030  g_ui32USBSOFCount                                                    
20012034  xdc_runtime_SysMin_Module__state__V                                  
2001204c  g_iUSBMode                                                           
20012050  g_ui32WaitTicks                                                      
20012058  _lock                                                                
2001205c  _unlock                                                              
20012060  NIMUDeviceTable                                                      
20012068  ti_ndk_config_Global_HostName                                        
2001206c  __xdc__init__addr                                                    
20012080  _ICMPInErrors                                                        
20012084  _ICMPOutErrors                                                       
20012088  _IPExecuting                                                         
200120a0  tcp_iss                                                              
200120a4  ptTimeFirst                                                          
200120b0  ti_uia_runtime_QueueDescriptor_gPtrToFirstDescriptor                 
200120b4  ti_uia_runtime_QueueDescriptor_gUpdateCount                          
200120b8  ti_sysbios_family_arm_lm4_TimestampProvider_Module__state__V         
200120c0  ti_sysbios_family_arm_m3_Hwi_Module__root__V                         
200120c8  ti_sysbios_gates_GateHwi_Module__root__V                             
200120d0  ti_sysbios_gates_GateMutex_Module__root__V                           
200120d8  ti_sysbios_hal_Hwi_Module__root__V                                   
200120e0  ti_sysbios_heaps_HeapMem_Module__root__V                             
200120e8  ti_sysbios_knl_Clock_Module__root__V                                 
200120f0  ti_sysbios_knl_Queue_Module__root__V                                 
200120f8  ti_sysbios_knl_Semaphore_Module__root__V                             
20012100  ti_sysbios_knl_Swi_Module__root__V                                   
20012108  ti_uia_loggers_LoggerStopMode_Module__root__V                        
20012118  xdc_runtime_Registry_Module__state__V                                
20012120  xdc_runtime_Startup_Module__state__V                                 
20012128  xdc_runtime_System_Module__state__V                                  
20012137  macAddress                                                           
2001215c  main_func_sp                                                         
20012164  _IPReasmPtr                                                          
20012174  ti_sysbios_family_arm_m3_Hwi_Module_State_0_excContext__A            
20012178  ti_sysbios_family_arm_m3_Hwi_Module_State_0_excStack__A              
2001217c  ti_sysbios_gates_GateHwi_Object__table__V                            
20012180  ti_sysbios_knl_Task_Module_State_0_idleTask__A                       
20012184  ti_sysbios_utils_Load_Module_State_0_runningTask__A                  
20012188  ti_sysbios_utils_Load_Module_State_0_taskStartTime__A                
2001218c  xdc_runtime_Memory_Module__state__V                                  
20012190  __stack                                                              
20012990  __STACK_END                                                          
e000e000  ti_sysbios_family_arm_m3_Hwi_nvic                                    
ffffffff  __TI_pprof_out_hndl                                                  
ffffffff  __TI_prof_data_size                                                  
ffffffff  __TI_prof_data_start                                                 
ffffffff  __binit__                                                            
ffffffff  __c_args__                                                           
ffffffff  binit                                                                
UNDEFED   SHT$$INIT_ARRAY$$Base                                                
UNDEFED   SHT$$INIT_ARRAY$$Limit                                               

[1391 symbols]
